Archive member included to satisfy reference by file (symbol)

app/libapp.a(stdlib.c.obj)    (--whole-archive)
app/libapp.a(activity.c.obj)  (--whole-archive)
app/libapp.a(behavior.c.obj)  (--whole-archive)
app/libapp.a(matrix_transform.c.obj)
                              (--whole-archive)
app/libapp.a(physical_layouts.c.obj)
                              (--whole-archive)
app/libapp.a(sensors.c.obj)   (--whole-archive)
app/libapp.a(event_manager.c.obj)
                              (--whole-archive)
app/libapp.a(ext_power_generic.c.obj)
                              (--whole-archive)
app/libapp.a(activity_state_changed.c.obj)
                              (--whole-archive)
app/libapp.a(position_state_changed.c.obj)
                              (--whole-archive)
app/libapp.a(sensor_event.c.obj)
                              (--whole-archive)
app/libapp.a(usb_conn_state_changed.c.obj)
                              (--whole-archive)
app/libapp.a(behavior_reset.c.obj)
                              (--whole-archive)
app/libapp.a(behavior_ext_power.c.obj)
                              (--whole-archive)
app/libapp.a(battery_state_changed.c.obj)
                              (--whole-archive)
app/libapp.a(battery.c.obj)   (--whole-archive)
app/libapp.a(split_peripheral_status_changed.c.obj)
                              (--whole-archive)
app/libapp.a(service.c.obj)   (--whole-archive)
app/libapp.a(peripheral.c.obj)
                              (--whole-archive)
app/libapp.a(peripheral.c.obj)
                              (--whole-archive)
app/libapp.a(usb.c.obj)       (--whole-archive)
app/libapp.a(workqueue.c.obj)
                              (--whole-archive)
app/libapp.a(main.c.obj)      (--whole-archive)
app/libapp.a(reset_settings_nvs.c.obj)
                              (--whole-archive)
zephyr/libzephyr.a(crc32c_sw.c.obj)
                              (--whole-archive)
zephyr/libzephyr.a(crc32_sw.c.obj)
                              (--whole-archive)
zephyr/libzephyr.a(crc16_sw.c.obj)
                              (--whole-archive)
zephyr/libzephyr.a(crc8_sw.c.obj)
                              (--whole-archive)
zephyr/libzephyr.a(crc7_sw.c.obj)
                              (--whole-archive)
zephyr/libzephyr.a(crc4_sw.c.obj)
                              (--whole-archive)
zephyr/libzephyr.a(cbprintf_packaged.c.obj)
                              (--whole-archive)
zephyr/libzephyr.a(dec.c.obj)
                              (--whole-archive)
zephyr/libzephyr.a(hex.c.obj)
                              (--whole-archive)
zephyr/libzephyr.a(printk.c.obj)
                              (--whole-archive)
zephyr/libzephyr.a(rb.c.obj)  (--whole-archive)
zephyr/libzephyr.a(sem.c.obj)
                              (--whole-archive)
zephyr/libzephyr.a(thread_entry.c.obj)
                              (--whole-archive)
zephyr/libzephyr.a(timeutil.c.obj)
                              (--whole-archive)
zephyr/libzephyr.a(heap.c.obj)
                              (--whole-archive)
zephyr/libzephyr.a(heap-validate.c.obj)
                              (--whole-archive)
zephyr/libzephyr.a(bitarray.c.obj)
                              (--whole-archive)
zephyr/libzephyr.a(multi_heap.c.obj)
                              (--whole-archive)
zephyr/libzephyr.a(onoff.c.obj)
                              (--whole-archive)
zephyr/libzephyr.a(notify.c.obj)
                              (--whole-archive)
zephyr/libzephyr.a(cbprintf_nano.c.obj)
                              (--whole-archive)
zephyr/libzephyr.a(assert.c.obj)
                              (--whole-archive)
zephyr/libzephyr.a(reboot.c.obj)
                              (--whole-archive)
zephyr/libzephyr.a(configs.c.obj)
                              (--whole-archive)
zephyr/libzephyr.a(soc_nrf_common.S.obj)
                              (--whole-archive)
zephyr/libzephyr.a(validate_base_addresses.c.obj)
                              (--whole-archive)
zephyr/libzephyr.a(validate_enabled_instances.c.obj)
                              (--whole-archive)
zephyr/libzephyr.a(nvs.c.obj)
                              (--whole-archive)
zephyr/libzephyr.a(mem_attr.c.obj)
                              (--whole-archive)
zephyr/libzephyr.a(flash_map.c.obj)
                              (--whole-archive)
zephyr/libzephyr.a(flash_map_default.c.obj)
                              (--whole-archive)
zephyr/libzephyr.a(flash_map_layout.c.obj)
                              (--whole-archive)
zephyr/libzephyr.a(tracing_none.c.obj)
                              (--whole-archive)
zephyr/libzephyr.a(usb_device.c.obj)
                              (--whole-archive)
zephyr/libzephyr.a(usb_descriptor.c.obj)
                              (--whole-archive)
zephyr/libzephyr.a(usb_transfer.c.obj)
                              (--whole-archive)
zephyr/libzephyr.a(dis.c.obj)
                              (--whole-archive)
zephyr/libzephyr.a(bas.c.obj)
                              (--whole-archive)
[...]
Memory Configuration

Name             Origin             Length             Attributes
FLASH            0x0000000000026000 0x00000000000c6000 xr
RAM              0x0000000020000000 0x0000000000040000 xw
IDT_LIST         0x00000000fffff7ff 0x0000000000000800 xw
*default*        0x0000000000000000 0xffffffffffffffff

Linker script and memory map

                0x0000000000044868                vfprintf = __i_vfprintf
                0x0000000000000000                vfscanf = __i_vfscanf
LOAD zephyr/CMakeFiles/zephyr_pre0.dir/misc/empty_file.c.obj
LOAD zephyr/CMakeFiles/offsets.dir/./arch/arm/core/offsets/offsets.c.obj
LOAD app/libapp.a
LOAD zephyr/libzephyr.a
LOAD zephyr/arch/common/libarch__common.a
LOAD zephyr/arch/arch/arm/core/libarch__arm__core.a
LOAD zephyr/arch/arch/arm/core/cortex_m/libarch__arm__core__cortex_m.a
LOAD zephyr/arch/arch/arm/core/mpu/libarch__arm__core__mpu.a
LOAD zephyr/lib/libc/picolibc/liblib__libc__picolibc.a
LOAD zephyr/lib/libc/common/liblib__libc__common.a
LOAD zephyr/soc/soc/arm/common/cortex_m/libsoc__arm__common__cortex_m.a
LOAD zephyr/soc/soc/arm/nordic_nrf/nrf52/libsoc__arm__nordic_nrf__nrf52.a
LOAD zephyr/subsys/random/libsubsys__random.a
LOAD zephyr/subsys/bluetooth/common/libsubsys__bluetooth__common.a
LOAD zephyr/subsys/bluetooth/host/libsubsys__bluetooth__host.a
LOAD zephyr/subsys/bluetooth/crypto/libsubsys__bluetooth__crypto.a
LOAD zephyr/subsys/bluetooth/controller/libsubsys__bluetooth__controller.a
LOAD zephyr/subsys/input/libsubsys__input.a
LOAD zephyr/subsys/net/libsubsys__net.a
LOAD zephyr/drivers/usb/device/libdrivers__usb__device.a
LOAD zephyr/drivers/adc/libdrivers__adc.a
LOAD zephyr/drivers/clock_control/libdrivers__clock_control.a
LOAD zephyr/drivers/entropy/libdrivers__entropy.a
LOAD zephyr/drivers/flash/libdrivers__flash.a
LOAD zephyr/drivers/gpio/libdrivers__gpio.a
LOAD zephyr/drivers/hwinfo/libdrivers__hwinfo.a
LOAD zephyr/drivers/kscan/libdrivers__kscan.a
LOAD zephyr/drivers/pinctrl/libdrivers__pinctrl.a
LOAD zephyr/drivers/sensor/nrf5/libdrivers__sensor__nrf5.a
LOAD zephyr/drivers/timer/libdrivers__timer.a
LOAD modules/hal_nordic/nrfx/libmodules__hal_nordic__nrfx.a
LOAD modules/module/drivers/sensor/battery/lib..__zmk__app__module__drivers__sensor__battery.a
LOAD modules/module/lib/zmk_debounce/lib..__zmk__app__module__lib__zmk_debounce.a
LOAD zephyr/kernel/libkernel.a
LOAD /opt/zephyr-sdk-0.16.9/arm-zephyr-eabi/bin/../lib/gcc/arm-zephyr-eabi/12.2.0/thumb/v7e-m+fp/hard/libgcc.a
LOAD zephyr/arch/common/libisr_tables.a
LOAD /opt/zephyr-sdk-0.16.9/arm-zephyr-eabi/bin/../lib/gcc/../../picolibc/arm-zephyr-eabi/lib/thumb/v7e-m+fp/hard/libc.a
LOAD /opt/zephyr-sdk-0.16.9/arm-zephyr-eabi/bin/../lib/gcc/arm-zephyr-eabi/12.2.0/thumb/v7e-m+fp/hard/libgcc.a
                0x0000000000000020                _region_min_align = 0x20

.rel.plt        0x0000000000026000        0x0
 *(SORT_BY_ALIGNMENT(.rel.plt))
                [!provide]                        PROVIDE (__rel_iplt_start = .)
 *(SORT_BY_ALIGNMENT(.rel.iplt))
 .rel.iplt      0x0000000000026000        0x0 app/libapp.a(stdlib.c.obj)
                [!provide]                        PROVIDE (__rel_iplt_end = .)

.rela.plt       0x0000000000000000        0x0
 *(SORT_BY_ALIGNMENT(.rela.plt))
                [!provide]                        PROVIDE (__rela_iplt_start = .)
 *(SORT_BY_ALIGNMENT(.rela.iplt))
                [!provide]                        PROVIDE (__rela_iplt_end = .)

.rel.dyn
 *(SORT_BY_ALIGNMENT(.rel.*))

.rela.dyn
 *(SORT_BY_ALIGNMENT(.rela.*))

/DISCARD/
 *(SORT_BY_ALIGNMENT(.plt))

/DISCARD/
 *(SORT_BY_ALIGNMENT(.iplt))
                0x0000000000026000                __rom_region_start = 0x26000

rom_start       0x0000000000026000      0x100
                0x0000000000026000                __rom_start_address = .
 FILL mask 0x00
                0x0000000000026000                . = (. + (0x0 - (. - __rom_start_address)))
                0x0000000000026000                . = ALIGN (0x4)
                0x0000000000026000                . = ALIGN (0x80)
                0x0000000000026000                . = ALIGN (0x100)
                0x0000000000026000                _vector_start = .
 *(SORT_BY_ALIGNMENT(.exc_vector_table))
 *(SORT_BY_ALIGNMENT(.exc_vector_table.*))
 .exc_vector_table._vector_table_section
                0x0000000000026000       0x40 zephyr/arch/arch/arm/core/cortex_m/libarch__arm__core__cortex_m.a(vector_table.S.obj)
                0x0000000000026000                _vector_table
 *(SORT_BY_ALIGNMENT(.vectors))
                0x0000000000026100                _vector_end = .
                0x0000000000026040                . = ALIGN (0x4)
 *(SORT_BY_ALIGNMENT(.gnu.linkonce.irq_vector_table*))
 .gnu.linkonce.irq_vector_table
                0x0000000000026040       0xc0 zephyr/arch/common/libisr_tables.a(isr_tables.c.obj)
                0x0000000000026040                _irq_vector_table
                0x0000000000026100                _vector_end = .

text            0x0000000000026100    0x25f5c
                0x0000000000026100                __text_region_start = .
 *(SORT_BY_ALIGNMENT(.text))
 .text          0x0000000000026100       0x30 /opt/zephyr-sdk-0.16.9/arm-zephyr-eabi/bin/../lib/gcc/arm-zephyr-eabi/12.2.0/thumb/v7e-m+fp/hard/libgcc.a(_aeabi_uldivmod.o)
                0x0000000000026100                __aeabi_uldivmod
 .text          0x0000000000026130        0x4 /opt/zephyr-sdk-0.16.9/arm-zephyr-eabi/bin/../lib/gcc/arm-zephyr-eabi/12.2.0/thumb/v7e-m+fp/hard/libgcc.a(_dvmd_tls.o)
                0x0000000000026130                __aeabi_ldiv0
                0x0000000000026130                __aeabi_idiv0
 .text          0x0000000000026134      0x2a0 /opt/zephyr-sdk-0.16.9/arm-zephyr-eabi/bin/../lib/gcc/arm-zephyr-eabi/12.2.0/thumb/v7e-m+fp/hard/libgcc.a(_udivmoddi4.o)
                0x0000000000026134                __udivmoddi4
 .text          0x00000000000263d4       0x14 /opt/zephyr-sdk-0.16.9/arm-zephyr-eabi/bin/../lib/gcc/../../picolibc/arm-zephyr-eabi/lib/thumb/v7e-m+fp/hard/libc.a(strcmp.S.o)
                0x00000000000263d4                strcmp
 .text          0x00000000000263e8       0x10 /opt/zephyr-sdk-0.16.9/arm-zephyr-eabi/bin/../lib/gcc/../../picolibc/arm-zephyr-eabi/lib/thumb/v7e-m+fp/hard/libc.a(strcpy.S.o)
                0x00000000000263e8                strcpy
 .text          0x00000000000263f8       0x10 /opt/zephyr-sdk-0.16.9/arm-zephyr-eabi/bin/../lib/gcc/../../picolibc/arm-zephyr-eabi/lib/thumb/v7e-m+fp/hard/libc.a(strlen.S.o)
                0x00000000000263f8                strlen
 *(SORT_BY_ALIGNMENT(.text.*))
 .text.bt_init  0x0000000000026408      0x408 zephyr/subsys/bluetooth/host/libsubsys__bluetooth__host.a(hci_core.c.obj)
 .text.ull_drift_ticks_get
                0x0000000000026810       0x94 zephyr/subsys/bluetooth/controller/libsubsys__bluetooth__controller.a(ull.c.obj)
                0x0000000000026810                ull_drift_ticks_get
 *fill*         0x00000000000268a4        0x4 
 .text.hci_init
                0x00000000000268a8       0x50 zephyr/subsys/bluetooth/controller/libsubsys__bluetooth__controller.a(hci.c.obj)
                0x00000000000268a8                hci_init
 .text.ll_adv_enable
                0x00000000000268f8      0x368 zephyr/subsys/bluetooth/controller/libsubsys__bluetooth__controller.a(ull_adv.c.obj)
                0x00000000000268f8                ll_adv_enable
 .text.ull_adv_time_update
                0x0000000000026c60       0xbc zephyr/subsys/bluetooth/controller/libsubsys__bluetooth__controller.a(ull_adv.c.obj)
                0x0000000000026c60                ull_adv_time_update
 *fill*         0x0000000000026d1c        0x4 
 .text.ull_conn_update_ticker.constprop.0
                0x0000000000026d20      0x12c zephyr/subsys/bluetooth/controller/libsubsys__bluetooth__controller.a(ull_conn.c.obj)
 *fill*         0x0000000000026e4c        0x4 
 .text.ull_conn_done
                0x0000000000026e50      0x3a0 zephyr/subsys/bluetooth/controller/libsubsys__bluetooth__controller.a(ull_conn.c.obj)
                0x0000000000026e50                ull_conn_done
 .text.ull_conn_update_parameters
                0x00000000000271f0      0x214 zephyr/subsys/bluetooth/controller/libsubsys__bluetooth__controller.a(ull_conn.c.obj)
                0x00000000000271f0                ull_conn_update_parameters
 *fill*         0x0000000000027404        0x4 
 .text.ull_periph_setup
                0x0000000000027408      0x450 zephyr/subsys/bluetooth/controller/libsubsys__bluetooth__controller.a(ull_peripheral.c.obj)
                0x0000000000027408                ull_periph_setup
 .text.ull_filter_reset
                0x0000000000027858       0xf4 zephyr/subsys/bluetooth/controller/libsubsys__bluetooth__controller.a(ull_filter.c.obj)
                0x0000000000027858                ull_filter_reset
 *fill*         0x000000000002794c        0x4 
 .text.nrf_flash_sync_exe
                0x0000000000027950       0xf8 zephyr/subsys/bluetooth/controller/libsubsys__bluetooth__controller.a(soc_flash_nrf_ticker.c.obj)
                0x0000000000027950                nrf_flash_sync_exe
 .text.nrf_flash_sync_check_time_limit
                0x0000000000027a48       0x48 zephyr/subsys/bluetooth/controller/libsubsys__bluetooth__controller.a(soc_flash_nrf_ticker.c.obj)
                0x0000000000027a48                nrf_flash_sync_check_time_limit
 .text.prepare_cb
                0x0000000000027a90      0x16c zephyr/subsys/bluetooth/controller/libsubsys__bluetooth__controller.a(lll_adv.c.obj)
 *fill*         0x0000000000027bfc        0x4 
 .text.prepare_cb
                0x0000000000027c00      0x230 zephyr/subsys/bluetooth/controller/libsubsys__bluetooth__controller.a(lll_peripheral.c.obj)
 .text.work_queue_main
                0x0000000000027e30      0x140 zephyr/kernel/libkernel.a(work.c.obj)
 .text.activity_expiry_function
                0x0000000000027f70        0xc app/libapp.a(activity.c.obj)
                0x0000000000027f70                activity_expiry_function
 .text.activity_input_listener
                0x0000000000027f7c        0xc app/libapp.a(activity.c.obj)
 .text.activity_init
                0x0000000000027f88       0x3c app/libapp.a(activity.c.obj)
 .text.raise_event
                0x0000000000027fc4        0xc app/libapp.a(activity.c.obj)
                0x0000000000027fc4                raise_event
 .text.set_state
                0x0000000000027fd0       0x18 app/libapp.a(activity.c.obj)
                0x0000000000027fd0                set_state
 .text.activity_work_handler
                0x0000000000027fe8       0x38 app/libapp.a(activity.c.obj)
                0x0000000000027fe8                activity_work_handler
 .text.note_activity
                0x0000000000028020       0x2c app/libapp.a(activity.c.obj)
 .text.zmk_activity_get_state
                0x000000000002804c        0xc app/libapp.a(activity.c.obj)
                0x000000000002804c                zmk_activity_get_state
 .text.z_impl_behavior_get_binding
                0x0000000000028058       0x58 app/libapp.a(behavior.c.obj)
                0x0000000000028058                z_impl_behavior_get_binding
 .text.zmk_physical_layouts_kscan_process_msgq
                0x00000000000280b0       0x70 app/libapp.a(physical_layouts.c.obj)
 .text.zmk_physical_layout_kscan_callback
                0x0000000000028120       0x38 app/libapp.a(physical_layouts.c.obj)
 .text.raise_zmk_physical_layout_selection_changed
                0x0000000000028158       0x20 app/libapp.a(physical_layouts.c.obj)
                0x0000000000028158                raise_zmk_physical_layout_selection_changed
 .text.zmk_physical_layouts_get_selected
                0x0000000000028178       0x1c app/libapp.a(physical_layouts.c.obj)
                0x0000000000028178                zmk_physical_layouts_get_selected
 .text.zmk_physical_layouts_select_layout
                0x0000000000028194       0x68 app/libapp.a(physical_layouts.c.obj)
                0x0000000000028194                zmk_physical_layouts_select_layout
 .text.zmk_physical_layouts_select
                0x00000000000281fc       0x24 app/libapp.a(physical_layouts.c.obj)
                0x00000000000281fc                zmk_physical_layouts_select
 .text.physical_layouts_handle_set
                0x0000000000028220       0x44 app/libapp.a(physical_layouts.c.obj)
 .text.zmk_physical_layouts_select_initial
                0x0000000000028264        0xc app/libapp.a(physical_layouts.c.obj)
                0x0000000000028264                zmk_physical_layouts_select_initial
 .text.zmk_physical_layouts_init
                0x0000000000028270       0x2c app/libapp.a(physical_layouts.c.obj)
 .text.zmk_event_manager_handle_from
                0x000000000002829c       0x48 app/libapp.a(event_manager.c.obj)
                0x000000000002829c                zmk_event_manager_handle_from
 .text.ext_power_save_state_work
                0x00000000000282e4       0x2c app/libapp.a(ext_power_generic.c.obj)
 .text.ext_power_generic_init
                0x0000000000028310       0xa4 app/libapp.a(ext_power_generic.c.obj)
 .text.ext_power_settings_commit
                0x00000000000283b4       0x2c app/libapp.a(ext_power_generic.c.obj)
 .text.ext_power_save_state
                0x00000000000283e0       0x18 app/libapp.a(ext_power_generic.c.obj)
                0x00000000000283e0                ext_power_save_state
 .text.ext_power_settings_set
                0x00000000000283f8       0x58 app/libapp.a(ext_power_generic.c.obj)
 .text.raise_zmk_activity_state_changed
                0x0000000000028450       0x20 app/libapp.a(activity_state_changed.c.obj)
                0x0000000000028450                raise_zmk_activity_state_changed
 .text.as_zmk_activity_state_changed
                0x0000000000028470       0x14 app/libapp.a(activity_state_changed.c.obj)
                0x0000000000028470                as_zmk_activity_state_changed
 .text.raise_zmk_position_state_changed
                0x0000000000028484       0x38 app/libapp.a(position_state_changed.c.obj)
                0x0000000000028484                raise_zmk_position_state_changed
 .text.as_zmk_position_state_changed
                0x00000000000284bc       0x14 app/libapp.a(position_state_changed.c.obj)
                0x00000000000284bc                as_zmk_position_state_changed
 .text.raise_zmk_usb_conn_state_changed
                0x00000000000284d0       0x20 app/libapp.a(usb_conn_state_changed.c.obj)
                0x00000000000284d0                raise_zmk_usb_conn_state_changed
 .text.on_keymap_binding_pressed
                0x00000000000284f0       0x58 app/libapp.a(behavior_ext_power.c.obj)
 .text.on_keymap_binding_convert_central_state_dependent_params
                0x0000000000028548       0x40 app/libapp.a(behavior_ext_power.c.obj)
 .text.raise_zmk_battery_state_changed
                0x0000000000028588       0x20 app/libapp.a(battery_state_changed.c.obj)
                0x0000000000028588                raise_zmk_battery_state_changed
 .text.as_zmk_battery_state_changed
                0x00000000000285a8       0x14 app/libapp.a(battery_state_changed.c.obj)
                0x00000000000285a8                as_zmk_battery_state_changed
 .text.zmk_battery_timer
                0x00000000000285bc       0x14 app/libapp.a(battery.c.obj)
 .text.zmk_battery_start_reporting
                0x00000000000285d0       0x2c app/libapp.a(battery.c.obj)
 .text.battery_event_listener
                0x00000000000285fc       0x30 app/libapp.a(battery.c.obj)
 .text.zmk_battery_work
                0x000000000002862c       0x4c app/libapp.a(battery.c.obj)
 .text.zmk_battery_init
                0x0000000000028678       0x1c app/libapp.a(battery.c.obj)
 .text.raise_zmk_split_peripheral_status_changed
                0x0000000000028694       0x20 app/libapp.a(split_peripheral_status_changed.c.obj)
                0x0000000000028694                raise_zmk_split_peripheral_status_changed
 .text.split_svc_select_phys_layout
                0x00000000000286b4       0x2c app/libapp.a(service.c.obj)
 .text.split_svc_select_phys_layout_callback
                0x00000000000286e0        0xc app/libapp.a(service.c.obj)
 .text.split_svc_pos_state
                0x00000000000286ec       0x1c app/libapp.a(service.c.obj)
 .text.service_init
                0x0000000000028708       0x28 app/libapp.a(service.c.obj)
 .text.send_position_state_callback
                0x0000000000028730       0x48 app/libapp.a(service.c.obj)
                0x0000000000028730                send_position_state_callback
 .text.send_position_state
                0x0000000000028778       0x4c app/libapp.a(service.c.obj)
                0x0000000000028778                send_position_state
 .text.zmk_split_transport_peripheral_bt_report_event
                0x00000000000287c4       0x3c app/libapp.a(service.c.obj)
                0x00000000000287c4                zmk_split_transport_peripheral_bt_report_event
 .text.auth_pairing_complete
                0x0000000000028800        0xc app/libapp.a(peripheral.c.obj)
 .text.split_peripheral_bt_set_status_callback
                0x000000000002880c        0xc app/libapp.a(peripheral.c.obj)
 .text.split_peripheral_bt_get_status
                0x0000000000028818       0x30 app/libapp.a(peripheral.c.obj)
 .text.notify_status_work_cb
                0x0000000000028848       0x3c app/libapp.a(peripheral.c.obj)
 .text.zmk_peripheral_ble_init
                0x0000000000028884       0x1c app/libapp.a(peripheral.c.obj)
 .text.zmk_peripheral_ble_complete_startup
                0x00000000000288a0       0x38 app/libapp.a(peripheral.c.obj)
 .text.split_peripheral_bt_set_enabled
                0x00000000000288d8       0x40 app/libapp.a(peripheral.c.obj)
 .text.connected
                0x0000000000028918       0x40 app/libapp.a(peripheral.c.obj)
 .text.bt_addr_le_to_str.constprop.0.isra.0
                0x0000000000028958       0x78 app/libapp.a(peripheral.c.obj)
 .text.disconnected
                0x00000000000289d0       0x40 app/libapp.a(peripheral.c.obj)
 .text.advertising_cb
                0x0000000000028a10       0x9c app/libapp.a(peripheral.c.obj)
 .text.each_bond
                0x0000000000028aac       0x24 app/libapp.a(peripheral.c.obj)
 .text.zmk_split_transport_peripheral_bt
                0x0000000000028ad0        0x8 app/libapp.a(peripheral.c.obj)
                0x0000000000028ad0                zmk_split_transport_peripheral_bt
 .text.select_first_available_transport
                0x0000000000028ad8       0x74 app/libapp.a(peripheral.c.obj)
 .text.transport_status_changed_cb
                0x0000000000028b4c       0x2c app/libapp.a(peripheral.c.obj)
 .text.peripheral_init
                0x0000000000028b78       0x34 app/libapp.a(peripheral.c.obj)
 .text.zmk_split_peripheral_report_event
                0x0000000000028bac       0x1c app/libapp.a(peripheral.c.obj)
                0x0000000000028bac                zmk_split_peripheral_report_event
 .text.zmk_usb_init
                0x0000000000028bc8       0x18 app/libapp.a(usb.c.obj)
 .text.zmk_usb_get_conn_state
                0x0000000000028be0       0x28 app/libapp.a(usb.c.obj)
                0x0000000000028be0                zmk_usb_get_conn_state
 .text.usb_status_cb
                0x0000000000028c08       0x40 app/libapp.a(usb.c.obj)
                0x0000000000028c08                usb_status_cb
 .text.workqueue_init
                0x0000000000028c48       0x28 app/libapp.a(workqueue.c.obj)
 .text.zmk_workqueue_lowprio_work_q
                0x0000000000028c70        0x8 app/libapp.a(workqueue.c.obj)
                0x0000000000028c70                zmk_workqueue_lowprio_work_q
 .text.crc8_ccitt
                0x0000000000028c78       0x2c zephyr/libzephyr.a(crc8_sw.c.obj)
                0x0000000000028c78                crc8_ccitt
 .text.char_out
                0x0000000000028ca4        0xc zephyr/libzephyr.a(printk.c.obj)
 .text.vprintk  0x0000000000028cb0       0x30 zephyr/libzephyr.a(printk.c.obj)
                0x0000000000028cb0                vprintk
 .text.z_thread_entry
                0x0000000000028ce0       0x34 zephyr/libzephyr.a(thread_entry.c.obj)
                0x0000000000028ce0                z_thread_entry
 .text.process_event
                0x0000000000028d14      0x21c zephyr/libzephyr.a(onoff.c.obj)
 .text.sys_reboot
                0x0000000000028f30       0x30 zephyr/libzephyr.a(reboot.c.obj)
                0x0000000000028f30                sys_reboot
 .text.z_arm_platform_init
                0x0000000000028f60        0x4 zephyr/libzephyr.a(soc_nrf_common.S.obj)
                0x0000000000028f60                z_arm_platform_init
 .text.nvs_recover_last_ate
                0x0000000000028f64       0x64 zephyr/libzephyr.a(nvs.c.obj)
 .text.nvs_mount
                0x0000000000028fc8      0x2c0 zephyr/libzephyr.a(nvs.c.obj)
                0x0000000000028fc8                nvs_mount
 .text.nvs_write
                0x0000000000029288      0x1a4 zephyr/libzephyr.a(nvs.c.obj)
                0x0000000000029288                nvs_write
 .text.mem_attr_get_regions
                0x000000000002942c        0xc zephyr/libzephyr.a(mem_attr.c.obj)
                0x000000000002942c                mem_attr_get_regions
 .text.flash_area_open
                0x0000000000029438       0x50 zephyr/libzephyr.a(flash_map.c.obj)
                0x0000000000029438                flash_area_open
 .text.flash_area_get_sectors
                0x0000000000029488       0x60 zephyr/libzephyr.a(flash_map_layout.c.obj)
                0x0000000000029488                flash_area_get_sectors
 .text.class_handler
                0x00000000000294e8       0x40 zephyr/libzephyr.a(usb_device.c.obj)
 .text.custom_handler
                0x0000000000029528       0x60 zephyr/libzephyr.a(usb_device.c.obj)
 .text.vendor_handler
                0x0000000000029588       0x3c zephyr/libzephyr.a(usb_device.c.obj)
 .text.disable_endpoint
                0x00000000000295c4       0x2c zephyr/libzephyr.a(usb_device.c.obj)
 .text.usb_reset_alt_setting
                0x00000000000295f0       0x10 zephyr/libzephyr.a(usb_device.c.obj)
 .text.is_ep_valid.part.0
                0x0000000000029600       0x38 zephyr/libzephyr.a(usb_device.c.obj)
 .text.usb_handle_request.constprop.0
                0x0000000000029638       0x2c zephyr/libzephyr.a(usb_device.c.obj)
 .text.forward_status_cb
                0x0000000000029664       0xac zephyr/libzephyr.a(usb_device.c.obj)
 .text.usb_halt_endpoint_req.isra.0
                0x0000000000029710       0x50 zephyr/libzephyr.a(usb_device.c.obj)
 .text.set_endpoint
                0x0000000000029760       0x84 zephyr/libzephyr.a(usb_device.c.obj)
 .text.usb_handle_standard_request
                0x00000000000297e4      0x2ec zephyr/libzephyr.a(usb_device.c.obj)
 .text.usb_data_to_host
                0x0000000000029ad0       0x60 zephyr/libzephyr.a(usb_device.c.obj)
 .text.usb_handle_control_transfer
                0x0000000000029b30       0xdc zephyr/libzephyr.a(usb_device.c.obj)
 .text.usb_set_config
                0x0000000000029c0c       0x2c zephyr/libzephyr.a(usb_device.c.obj)
                0x0000000000029c0c                usb_set_config
 .text.usb_device_init
                0x0000000000029c38       0x28 zephyr/libzephyr.a(usb_device.c.obj)
 .text.usb_enable
                0x0000000000029c60      0x124 zephyr/libzephyr.a(usb_device.c.obj)
                0x0000000000029c60                usb_enable
 .text.usb_update_sn_string_descriptor
                0x0000000000029d84       0x88 zephyr/libzephyr.a(usb_descriptor.c.obj)
                0x0000000000029d84                usb_update_sn_string_descriptor
 .text.usb_get_device_descriptor
                0x0000000000029e0c      0x1d8 zephyr/libzephyr.a(usb_descriptor.c.obj)
                0x0000000000029e0c                usb_get_device_descriptor
 .text.usb_ep_get_transfer
                0x0000000000029fe4       0x2c zephyr/libzephyr.a(usb_transfer.c.obj)
 .text.usb_transfer_work
                0x000000000002a010      0x104 zephyr/libzephyr.a(usb_transfer.c.obj)
 .text.usb_cancel_transfer
                0x000000000002a114       0x3c zephyr/libzephyr.a(usb_transfer.c.obj)
                0x000000000002a114                usb_cancel_transfer
 .text.usb_cancel_transfers
                0x000000000002a150       0x48 zephyr/libzephyr.a(usb_transfer.c.obj)
                0x000000000002a150                usb_cancel_transfers
 .text.usb_transfer_init
                0x000000000002a198       0x34 zephyr/libzephyr.a(usb_transfer.c.obj)
                0x000000000002a198                usb_transfer_init
 .text.read_pnp_id
                0x000000000002a1cc       0x1c zephyr/libzephyr.a(dis.c.obj)
 .text.read_blvl
                0x000000000002a1e8       0x28 zephyr/libzephyr.a(bas.c.obj)
 .text.bt_bas_get_battery_level
                0x000000000002a210        0xc zephyr/libzephyr.a(bas.c.obj)
                0x000000000002a210                bt_bas_get_battery_level
 .text.bt_bas_set_battery_level
                0x000000000002a21c       0x50 zephyr/libzephyr.a(bas.c.obj)
                0x000000000002a21c                bt_bas_set_battery_level
 .text.settings_save_one
                0x000000000002a26c       0x4c zephyr/libzephyr.a(settings_store.c.obj)
                0x000000000002a26c                settings_save_one
 .text.settings_src_register
                0x000000000002a2b8       0x1c zephyr/libzephyr.a(settings_store.c.obj)
                0x000000000002a2b8                settings_src_register
 .text.settings_dst_register
                0x000000000002a2d4        0xc zephyr/libzephyr.a(settings_store.c.obj)
                0x000000000002a2d4                settings_dst_register
 .text.settings_load_subtree
                0x000000000002a2e0       0x4c zephyr/libzephyr.a(settings_store.c.obj)
                0x000000000002a2e0                settings_load_subtree
 .text.settings_load_subtree_direct
                0x000000000002a32c       0x40 zephyr/libzephyr.a(settings_store.c.obj)
                0x000000000002a32c                settings_load_subtree_direct
 .text.settings_store_init
                0x000000000002a36c       0x10 zephyr/libzephyr.a(settings_store.c.obj)
                0x000000000002a36c                settings_store_init
 .text.settings_init
                0x000000000002a37c       0x10 zephyr/libzephyr.a(settings.c.obj)
                0x000000000002a37c                settings_init
 .text.settings_register
                0x000000000002a38c       0x80 zephyr/libzephyr.a(settings.c.obj)
                0x000000000002a38c                settings_register
 .text.settings_parse_and_lookup
                0x000000000002a40c       0x98 zephyr/libzephyr.a(settings.c.obj)
                0x000000000002a40c                settings_parse_and_lookup
 .text.settings_commit_subtree
                0x000000000002a4a4       0x70 zephyr/libzephyr.a(settings.c.obj)
                0x000000000002a4a4                settings_commit_subtree
 .text.settings_subsys_init
                0x000000000002a514       0x3c zephyr/libzephyr.a(settings_init.c.obj)
                0x000000000002a514                settings_subsys_init
 .text.settings_nvs_load
                0x000000000002a550       0xbc zephyr/libzephyr.a(settings_nvs.c.obj)
 .text.settings_backend_init
                0x000000000002a60c       0x84 zephyr/libzephyr.a(settings_nvs.c.obj)
                0x000000000002a60c                settings_backend_init
 .text.uECC_get_rng
                0x000000000002a690        0xc zephyr/libzephyr.a(ecc.c.obj)
                0x000000000002a690                uECC_get_rng
 .text.vli_mmod_fast_secp256r1
                0x000000000002a69c      0x180 zephyr/libzephyr.a(ecc.c.obj)
                0x000000000002a69c                vli_mmod_fast_secp256r1
 .text.sub_bytes
                0x000000000002a81c       0x18 zephyr/libzephyr.a(aes_encrypt.c.obj)
 .text.tc_aes128_set_encrypt_key
                0x000000000002a834       0xa4 zephyr/libzephyr.a(aes_encrypt.c.obj)
                0x000000000002a834                tc_aes128_set_encrypt_key
 .text.z_SysNmiOnReset
                0x000000000002a8d8        0x8 zephyr/arch/arch/arm/core/libarch__arm__core.a(nmi_on_reset.S.obj)
                0x000000000002a8d8                z_SysNmiOnReset
 .text.arch_tls_stack_setup
                0x000000000002a8e0       0x5c zephyr/arch/arch/arm/core/libarch__arm__core.a(tls.c.obj)
                0x000000000002a8e0                arch_tls_stack_setup
 .text._HandlerModeExit
                0x000000000002a93c       0x1c zephyr/arch/arch/arm/core/cortex_m/libarch__arm__core__cortex_m.a(exc_exit.S.obj)
                0x000000000002a93c                z_arm_exc_exit
                0x000000000002a93c                z_arm_int_exit
 .text.usage_fault.constprop.0
                0x000000000002a958       0x54 zephyr/arch/arch/arm/core/cortex_m/libarch__arm__core__cortex_m.a(fault.c.obj)
 .text.bus_fault.constprop.0
                0x000000000002a9ac       0x6c zephyr/arch/arch/arm/core/cortex_m/libarch__arm__core__cortex_m.a(fault.c.obj)
 .text.mem_manage_fault.constprop.0
                0x000000000002aa18       0x78 zephyr/arch/arch/arm/core/cortex_m/libarch__arm__core__cortex_m.a(fault.c.obj)
 .text.z_arm_fault
                0x000000000002aa90      0x118 zephyr/arch/arch/arm/core/cortex_m/libarch__arm__core__cortex_m.a(fault.c.obj)
                0x000000000002aa90                z_arm_fault
 .text.z_arm_fault_init
                0x000000000002aba8       0x10 zephyr/arch/arch/arm/core/cortex_m/libarch__arm__core__cortex_m.a(fault.c.obj)
                0x000000000002aba8                z_arm_fault_init
 .text.__fault  0x000000000002abb8       0x14 zephyr/arch/arch/arm/core/cortex_m/libarch__arm__core__cortex_m.a(fault_s.S.obj)
                0x000000000002abb8                z_arm_bus_fault
                0x000000000002abb8                z_arm_usage_fault
                0x000000000002abb8                z_arm_mpu_fault
                0x000000000002abb8                z_arm_exc_spurious
                0x000000000002abb8                z_arm_debug_monitor
                0x000000000002abb8                z_arm_hard_fault
 .text.z_arm_interrupt_init
                0x000000000002abcc       0x18 zephyr/arch/arch/arm/core/cortex_m/libarch__arm__core__cortex_m.a(irq_init.c.obj)
                0x000000000002abcc                z_arm_interrupt_init
 .text._reset_section
                0x000000000002abe4       0x30 zephyr/arch/arch/arm/core/cortex_m/libarch__arm__core__cortex_m.a(reset.S.obj)
                0x000000000002abe4                z_arm_reset
                0x000000000002abe4                __start
 .text.z_impl_k_thread_abort
                0x000000000002ac14       0x2c zephyr/arch/arch/arm/core/cortex_m/libarch__arm__core__cortex_m.a(thread_abort.c.obj)
                0x000000000002ac14                z_impl_k_thread_abort
 .text.arch_swap
                0x000000000002ac40       0x34 zephyr/arch/arch/arm/core/cortex_m/libarch__arm__core__cortex_m.a(swap.c.obj)
                0x000000000002ac40                arch_swap
 .text.z_arm_pendsv
                0x000000000002ac74       0x94 zephyr/arch/arch/arm/core/cortex_m/libarch__arm__core__cortex_m.a(swap_helper.S.obj)
                0x000000000002ac74                z_arm_pendsv
 .text.z_arm_svc
                0x000000000002ad08       0x20 zephyr/arch/arch/arm/core/cortex_m/libarch__arm__core__cortex_m.a(swap_helper.S.obj)
                0x000000000002ad08                z_arm_svc
 .text.arch_irq_enable
                0x000000000002ad28       0x1c zephyr/arch/arch/arm/core/cortex_m/libarch__arm__core__cortex_m.a(irq_manage.c.obj)
                0x000000000002ad28                arch_irq_enable
 .text.arch_irq_disable
                0x000000000002ad44       0x28 zephyr/arch/arch/arm/core/cortex_m/libarch__arm__core__cortex_m.a(irq_manage.c.obj)
                0x000000000002ad44                arch_irq_disable
 .text.arch_irq_is_enabled
                0x000000000002ad6c       0x1c zephyr/arch/arch/arm/core/cortex_m/libarch__arm__core__cortex_m.a(irq_manage.c.obj)
                0x000000000002ad6c                arch_irq_is_enabled
 .text.z_arm_irq_priority_set
                0x000000000002ad88       0x30 zephyr/arch/arch/arm/core/cortex_m/libarch__arm__core__cortex_m.a(irq_manage.c.obj)
                0x000000000002ad88                z_arm_irq_priority_set
 .text.z_arm_prep_c
                0x000000000002adb8       0x5c zephyr/arch/arch/arm/core/cortex_m/libarch__arm__core__cortex_m.a(prep_c.c.obj)
                0x000000000002adb8                z_arm_prep_c
 .text.arch_new_thread
                0x000000000002ae14       0x40 zephyr/arch/arch/arm/core/cortex_m/libarch__arm__core__cortex_m.a(thread.c.obj)
                0x000000000002ae14                arch_new_thread
 .text.arch_float_disable
                0x000000000002ae54       0x4c zephyr/arch/arch/arm/core/cortex_m/libarch__arm__core__cortex_m.a(thread.c.obj)
                0x000000000002ae54                arch_float_disable
 .text.arch_switch_to_main_thread
                0x000000000002aea0       0x48 zephyr/arch/arch/arm/core/cortex_m/libarch__arm__core__cortex_m.a(thread.c.obj)
                0x000000000002aea0                arch_switch_to_main_thread
 .text.z_arm_cpu_idle_init
                0x000000000002aee8        0xc zephyr/arch/arch/arm/core/cortex_m/libarch__arm__core__cortex_m.a(cpu_idle.S.obj)
                0x000000000002aee8                z_arm_cpu_idle_init
 .text.arch_cpu_idle
                0x000000000002aef4       0x1c zephyr/arch/arch/arm/core/cortex_m/libarch__arm__core__cortex_m.a(cpu_idle.S.obj)
                0x000000000002aef4                arch_cpu_idle
 .text.arch_cpu_atomic_idle
                0x000000000002af10       0x18 zephyr/arch/arch/arm/core/cortex_m/libarch__arm__core__cortex_m.a(cpu_idle.S.obj)
                0x000000000002af10                arch_cpu_atomic_idle
 .text._isr_wrapper
                0x000000000002af28       0x28 zephyr/arch/arch/arm/core/cortex_m/libarch__arm__core__cortex_m.a(isr_wrapper.S.obj)
                0x000000000002af28                _isr_wrapper
 .text.z_arm_configure_static_mpu_regions
                0x000000000002af50       0x18 zephyr/arch/arch/arm/core/mpu/libarch__arm__core__mpu.a(arm_core_mpu.c.obj)
                0x000000000002af50                z_arm_configure_static_mpu_regions
 .text.region_init
                0x000000000002af68       0x28 zephyr/arch/arch/arm/core/mpu/libarch__arm__core__mpu.a(arm_mpu.c.obj)
 .text.arm_core_mpu_enable
                0x000000000002af90       0x18 zephyr/arch/arch/arm/core/mpu/libarch__arm__core__mpu.a(arm_mpu.c.obj)
                0x000000000002af90                arm_core_mpu_enable
 .text.arm_core_mpu_disable
                0x000000000002afa8       0x14 zephyr/arch/arch/arm/core/mpu/libarch__arm__core__mpu.a(arm_mpu.c.obj)
                0x000000000002afa8                arm_core_mpu_disable
 .text.arm_core_mpu_configure_static_mpu_regions
                0x000000000002afbc       0x14 zephyr/arch/arch/arm/core/mpu/libarch__arm__core__mpu.a(arm_mpu.c.obj)
                0x000000000002afbc                arm_core_mpu_configure_static_mpu_regions
 .text.z_arm_mpu_init
                0x000000000002afd0      0x124 zephyr/arch/arch/arm/core/mpu/libarch__arm__core__mpu.a(arm_mpu.c.obj)
                0x000000000002afd0                z_arm_mpu_init
 .text.__chk_fail
                0x000000000002b0f4       0x18 zephyr/lib/libc/picolibc/liblib__libc__picolibc.a(libc-hooks.c.obj)
                0x000000000002b0f4                __chk_fail
 .text.malloc_prepare
                0x000000000002b10c       0x24 zephyr/lib/libc/common/liblib__libc__common.a(malloc.c.obj)
 .text.nordicsemi_nrf52_init
                0x000000000002b130       0x18 zephyr/soc/soc/arm/nordic_nrf/nrf52/libsoc__arm__nordic_nrf__nrf52.a(soc.c.obj)
 .text.sys_arch_reboot
                0x000000000002b148       0x2c zephyr/soc/soc/arm/nordic_nrf/nrf52/libsoc__arm__nordic_nrf__nrf52.a(soc.c.obj)
                0x000000000002b148                sys_arch_reboot
 .text.arch_busy_wait
                0x000000000002b174       0x14 zephyr/soc/soc/arm/nordic_nrf/nrf52/libsoc__arm__nordic_nrf__nrf52.a(soc.c.obj)
                0x000000000002b174                arch_busy_wait
 .text.xoshiro128_initialize
                0x000000000002b188       0x18 zephyr/subsys/random/libsubsys__random.a(rand32_xoshiro128.c.obj)
 .text.ecc_process
                0x000000000002b1a0      0x17c zephyr/subsys/bluetooth/host/libsubsys__bluetooth__host.a(hci_ecc.c.obj)
 .text.le_gen_dhkey
                0x000000000002b31c       0x98 zephyr/subsys/bluetooth/host/libsubsys__bluetooth__host.a(hci_ecc.c.obj)
 .text.bt_hci_ecc_send
                0x000000000002b3b4       0xdc zephyr/subsys/bluetooth/host/libsubsys__bluetooth__host.a(hci_ecc.c.obj)
                0x000000000002b3b4                bt_hci_ecc_send
 .text.set_setting
                0x000000000002b490       0xa8 zephyr/subsys/bluetooth/host/libsubsys__bluetooth__host.a(settings.c.obj)
 .text.bt_settings_encode_key
                0x000000000002b538       0x60 zephyr/subsys/bluetooth/host/libsubsys__bluetooth__host.a(settings.c.obj)
                0x000000000002b538                bt_settings_encode_key
 .text.bt_settings_store
                0x000000000002b598       0x50 zephyr/subsys/bluetooth/host/libsubsys__bluetooth__host.a(settings.c.obj)
                0x000000000002b598                bt_settings_store
 .text.do_store_id
                0x000000000002b5e8       0x24 zephyr/subsys/bluetooth/host/libsubsys__bluetooth__host.a(settings.c.obj)
 .text.bt_settings_delete
                0x000000000002b60c       0x4c zephyr/subsys/bluetooth/host/libsubsys__bluetooth__host.a(settings.c.obj)
                0x000000000002b60c                bt_settings_delete
 .text.bt_settings_store_sc
                0x000000000002b658       0x1c zephyr/subsys/bluetooth/host/libsubsys__bluetooth__host.a(settings.c.obj)
                0x000000000002b658                bt_settings_store_sc
 .text.bt_settings_delete_sc
                0x000000000002b674       0x10 zephyr/subsys/bluetooth/host/libsubsys__bluetooth__host.a(settings.c.obj)
                0x000000000002b674                bt_settings_delete_sc
 .text.bt_settings_store_cf
                0x000000000002b684       0x1c zephyr/subsys/bluetooth/host/libsubsys__bluetooth__host.a(settings.c.obj)
                0x000000000002b684                bt_settings_store_cf
 .text.bt_settings_store_ccc
                0x000000000002b6a0       0x1c zephyr/subsys/bluetooth/host/libsubsys__bluetooth__host.a(settings.c.obj)
                0x000000000002b6a0                bt_settings_store_ccc
 .text.bt_settings_store_hash
                0x000000000002b6bc       0x1c zephyr/subsys/bluetooth/host/libsubsys__bluetooth__host.a(settings.c.obj)
                0x000000000002b6bc                bt_settings_store_hash
 .text.bt_settings_store_name
                0x000000000002b6d8       0x1c zephyr/subsys/bluetooth/host/libsubsys__bluetooth__host.a(settings.c.obj)
                0x000000000002b6d8                bt_settings_store_name
 .text.bt_settings_store_id
                0x000000000002b6f4       0x10 zephyr/subsys/bluetooth/host/libsubsys__bluetooth__host.a(settings.c.obj)
                0x000000000002b6f4                bt_settings_store_id
 .text.commit_settings
                0x000000000002b704       0x80 zephyr/subsys/bluetooth/host/libsubsys__bluetooth__host.a(settings.c.obj)
 .text.bt_settings_store_keys
                0x000000000002b784       0x1c zephyr/subsys/bluetooth/host/libsubsys__bluetooth__host.a(settings.c.obj)
                0x000000000002b784                bt_settings_store_keys
 .text.bt_settings_delete_keys
                0x000000000002b7a0       0x10 zephyr/subsys/bluetooth/host/libsubsys__bluetooth__host.a(settings.c.obj)
                0x000000000002b7a0                bt_settings_delete_keys
 .text.long_wq_init
                0x000000000002b7b0       0x38 zephyr/subsys/bluetooth/host/libsubsys__bluetooth__host.a(long_wq.c.obj)
 .text.bt_long_wq_schedule
                0x000000000002b7e8        0xc zephyr/subsys/bluetooth/host/libsubsys__bluetooth__host.a(long_wq.c.obj)
                0x000000000002b7e8                bt_long_wq_schedule
 .text.bt_long_wq_submit
                0x000000000002b7f4        0xc zephyr/subsys/bluetooth/host/libsubsys__bluetooth__host.a(long_wq.c.obj)
                0x000000000002b7f4                bt_long_wq_submit
 .text.uuid_to_uuid128
                0x000000000002b800       0x78 zephyr/subsys/bluetooth/host/libsubsys__bluetooth__host.a(uuid.c.obj)
 .text.bt_buf_get_rx
                0x000000000002b878       0x20 zephyr/subsys/bluetooth/host/libsubsys__bluetooth__host.a(buf.c.obj)
                0x000000000002b878                bt_buf_get_rx
 .text.bt_buf_get_cmd_complete
                0x000000000002b898       0x40 zephyr/subsys/bluetooth/host/libsubsys__bluetooth__host.a(buf.c.obj)
                0x000000000002b898                bt_buf_get_cmd_complete
 .text.bt_buf_get_evt
                0x000000000002b8d8       0x58 zephyr/subsys/bluetooth/host/libsubsys__bluetooth__host.a(buf.c.obj)
                0x000000000002b8d8                bt_buf_get_evt
 .text.hci_disconn_complete_prio
                0x000000000002b930       0x40 zephyr/subsys/bluetooth/host/libsubsys__bluetooth__host.a(hci_core.c.obj)
 .text.find_pending_connect.part.0
                0x000000000002b970       0x2c zephyr/subsys/bluetooth/host/libsubsys__bluetooth__host.a(hci_core.c.obj)
 .text.hci_le_meta_event
                0x000000000002b99c       0x20 zephyr/subsys/bluetooth/host/libsubsys__bluetooth__host.a(hci_core.c.obj)
 .text.hci_cmd_done
                0x000000000002b9bc       0xbc zephyr/subsys/bluetooth/host/libsubsys__bluetooth__host.a(hci_core.c.obj)
 .text.hci_cmd_status
                0x000000000002ba78       0x2c zephyr/subsys/bluetooth/host/libsubsys__bluetooth__host.a(hci_core.c.obj)
 .text.hci_cmd_complete
                0x000000000002baa4       0x30 zephyr/subsys/bluetooth/host/libsubsys__bluetooth__host.a(hci_core.c.obj)
 .text.hci_tx_thread
                0x000000000002bad4      0x11c zephyr/subsys/bluetooth/host/libsubsys__bluetooth__host.a(hci_core.c.obj)
 .text.bt_hci_cmd_state_set_init
                0x000000000002bbf0       0x24 zephyr/subsys/bluetooth/host/libsubsys__bluetooth__host.a(hci_core.c.obj)
                0x000000000002bbf0                bt_hci_cmd_state_set_init
 .text.bt_hci_cmd_create
                0x000000000002bc14       0x74 zephyr/subsys/bluetooth/host/libsubsys__bluetooth__host.a(hci_core.c.obj)
                0x000000000002bc14                bt_hci_cmd_create
 .text.bt_hci_cmd_send
                0x000000000002bc88       0x44 zephyr/subsys/bluetooth/host/libsubsys__bluetooth__host.a(hci_core.c.obj)
                0x000000000002bc88                bt_hci_cmd_send
 .text.bt_hci_cmd_send_sync
                0x000000000002bccc       0xd8 zephyr/subsys/bluetooth/host/libsubsys__bluetooth__host.a(hci_core.c.obj)
                0x000000000002bccc                bt_hci_cmd_send_sync
 .text.bt_hci_le_rand
                0x000000000002bda4       0x58 zephyr/subsys/bluetooth/host/libsubsys__bluetooth__host.a(hci_core.c.obj)
                0x000000000002bda4                bt_hci_le_rand
 .text.bt_get_phy
                0x000000000002bdfc       0x14 zephyr/subsys/bluetooth/host/libsubsys__bluetooth__host.a(hci_core.c.obj)
                0x000000000002bdfc                bt_get_phy
 .text.bt_hci_le_enh_conn_complete
                0x000000000002be10      0x1fc zephyr/subsys/bluetooth/host/libsubsys__bluetooth__host.a(hci_core.c.obj)
                0x000000000002be10                bt_hci_le_enh_conn_complete
 .text.le_legacy_conn_complete
                0x000000000002c00c       0x64 zephyr/subsys/bluetooth/host/libsubsys__bluetooth__host.a(hci_core.c.obj)
 .text.bt_security_err_get
                0x000000000002c070       0x10 zephyr/subsys/bluetooth/host/libsubsys__bluetooth__host.a(hci_core.c.obj)
                0x000000000002c070                bt_security_err_get
 .text.hci_event_prio
                0x000000000002c080       0x88 zephyr/subsys/bluetooth/host/libsubsys__bluetooth__host.a(hci_core.c.obj)
                0x000000000002c080                hci_event_prio
 .text.bt_recv  0x000000000002c108       0xc8 zephyr/subsys/bluetooth/host/libsubsys__bluetooth__host.a(hci_core.c.obj)
                0x000000000002c108                bt_recv
 .text.bt_recv_prio
                0x000000000002c1d0       0x3c zephyr/subsys/bluetooth/host/libsubsys__bluetooth__host.a(hci_core.c.obj)
                0x000000000002c1d0                bt_recv_prio
 .text.bt_hci_driver_register
                0x000000000002c20c       0x28 zephyr/subsys/bluetooth/host/libsubsys__bluetooth__host.a(hci_core.c.obj)
                0x000000000002c20c                bt_hci_driver_register
 .text.bt_finalize_init
                0x000000000002c234        0xc zephyr/subsys/bluetooth/host/libsubsys__bluetooth__host.a(hci_core.c.obj)
                0x000000000002c234                bt_finalize_init
 .text.init_work
                0x000000000002c240       0x18 zephyr/subsys/bluetooth/host/libsubsys__bluetooth__host.a(hci_core.c.obj)
 .text.bt_enable
                0x000000000002c258       0xbc zephyr/subsys/bluetooth/host/libsubsys__bluetooth__host.a(hci_core.c.obj)
                0x000000000002c258                bt_enable
 .text.bt_is_ready
                0x000000000002c314       0x18 zephyr/subsys/bluetooth/host/libsubsys__bluetooth__host.a(hci_core.c.obj)
                0x000000000002c314                bt_is_ready
 .text.bt_set_name
                0x000000000002c32c       0x48 zephyr/subsys/bluetooth/host/libsubsys__bluetooth__host.a(hci_core.c.obj)
                0x000000000002c32c                bt_set_name
 .text.bt_get_name
                0x000000000002c374        0x8 zephyr/subsys/bluetooth/host/libsubsys__bluetooth__host.a(hci_core.c.obj)
                0x000000000002c374                bt_get_name
 .text.id_find  0x000000000002c37c       0x30 zephyr/subsys/bluetooth/host/libsubsys__bluetooth__host.a(id.c.obj)
 .text.id_create.constprop.0
                0x000000000002c3ac       0x70 zephyr/subsys/bluetooth/host/libsubsys__bluetooth__host.a(id.c.obj)
 .text.set_random_address
                0x000000000002c41c       0x50 zephyr/subsys/bluetooth/host/libsubsys__bluetooth__host.a(id.c.obj)
 .text.bt_id_pending_keys_update
                0x000000000002c46c       0x34 zephyr/subsys/bluetooth/host/libsubsys__bluetooth__host.a(id.c.obj)
                0x000000000002c46c                bt_id_pending_keys_update
 .text.bt_id_find_conflict
                0x000000000002c4a0       0x20 zephyr/subsys/bluetooth/host/libsubsys__bluetooth__host.a(id.c.obj)
                0x000000000002c4a0                bt_id_find_conflict
 .text.bt_id_add
                0x000000000002c4c0      0x12c zephyr/subsys/bluetooth/host/libsubsys__bluetooth__host.a(id.c.obj)
                0x000000000002c4c0                bt_id_add
 .text.bt_id_del
                0x000000000002c5ec      0x10c zephyr/subsys/bluetooth/host/libsubsys__bluetooth__host.a(id.c.obj)
                0x000000000002c5ec                bt_id_del
 .text.bt_id_create
                0x000000000002c6f8       0x88 zephyr/subsys/bluetooth/host/libsubsys__bluetooth__host.a(id.c.obj)
                0x000000000002c6f8                bt_id_create
 .text.bt_id_read_public_addr
                0x000000000002c780       0x5c zephyr/subsys/bluetooth/host/libsubsys__bluetooth__host.a(id.c.obj)
                0x000000000002c780                bt_id_read_public_addr
 .text.bt_setup_public_id_addr
                0x000000000002c7dc       0x20 zephyr/subsys/bluetooth/host/libsubsys__bluetooth__host.a(id.c.obj)
                0x000000000002c7dc                bt_setup_public_id_addr
 .text.bt_read_static_addr
                0x000000000002c7fc       0x68 zephyr/subsys/bluetooth/host/libsubsys__bluetooth__host.a(id.c.obj)
                0x000000000002c7fc                bt_read_static_addr
 .text.bt_setup_random_id_addr
                0x000000000002c864       0x5c zephyr/subsys/bluetooth/host/libsubsys__bluetooth__host.a(id.c.obj)
                0x000000000002c864                bt_setup_random_id_addr
 .text.bt_id_set_adv_own_addr
                0x000000000002c8c0       0xc0 zephyr/subsys/bluetooth/host/libsubsys__bluetooth__host.a(id.c.obj)
                0x000000000002c8c0                bt_id_set_adv_own_addr
 .text.valid_adv_param
                0x000000000002c980       0x84 zephyr/subsys/bluetooth/host/libsubsys__bluetooth__host.a(adv.c.obj)
 .text.adv_is_directed
                0x000000000002ca04       0x18 zephyr/subsys/bluetooth/host/libsubsys__bluetooth__host.a(adv.c.obj)
 .text.le_adv_start_add_conn
                0x000000000002ca1c       0x60 zephyr/subsys/bluetooth/host/libsubsys__bluetooth__host.a(adv.c.obj)
 .text.bt_le_ext_adv_foreach
                0x000000000002ca7c        0xc zephyr/subsys/bluetooth/host/libsubsys__bluetooth__host.a(adv.c.obj)
                0x000000000002ca7c                bt_le_ext_adv_foreach
 .text.bt_le_adv_lookup_legacy
                0x000000000002ca88        0x8 zephyr/subsys/bluetooth/host/libsubsys__bluetooth__host.a(adv.c.obj)
                0x000000000002ca88                bt_le_adv_lookup_legacy
 .text.bt_le_adv_start_legacy
                0x000000000002ca90      0x248 zephyr/subsys/bluetooth/host/libsubsys__bluetooth__host.a(adv.c.obj)
                0x000000000002ca90                bt_le_adv_start_legacy
 .text.bt_le_adv_start
                0x000000000002ccd8       0x64 zephyr/subsys/bluetooth/host/libsubsys__bluetooth__host.a(adv.c.obj)
                0x000000000002ccd8                bt_le_adv_start
 .text.bt_le_adv_stop
                0x000000000002cd3c       0x78 zephyr/subsys/bluetooth/host/libsubsys__bluetooth__host.a(adv.c.obj)
                0x000000000002cd3c                bt_le_adv_stop
 .text.bt_le_adv_resume
                0x000000000002cdb4       0xd4 zephyr/subsys/bluetooth/host/libsubsys__bluetooth__host.a(adv.c.obj)
                0x000000000002cdb4                bt_le_adv_resume
 .text.bt_pub_key_is_debug
                0x000000000002ce88       0x18 zephyr/subsys/bluetooth/host/libsubsys__bluetooth__host.a(ecc.c.obj)
                0x000000000002ce88                bt_pub_key_is_debug
 .text.bt_pub_key_gen
                0x000000000002cea0       0xd4 zephyr/subsys/bluetooth/host/libsubsys__bluetooth__host.a(ecc.c.obj)
                0x000000000002cea0                bt_pub_key_gen
 .text.bt_pub_key_get
                0x000000000002cf74       0x20 zephyr/subsys/bluetooth/host/libsubsys__bluetooth__host.a(ecc.c.obj)
                0x000000000002cf74                bt_pub_key_get
 .text.bt_dh_key_gen
                0x000000000002cf94       0x8c zephyr/subsys/bluetooth/host/libsubsys__bluetooth__host.a(ecc.c.obj)
                0x000000000002cf94                bt_dh_key_gen
 .text.bt_hci_evt_le_pkey_complete
                0x000000000002d020       0x84 zephyr/subsys/bluetooth/host/libsubsys__bluetooth__host.a(ecc.c.obj)
                0x000000000002d020                bt_hci_evt_le_pkey_complete
 .text.bt_hci_evt_le_dhkey_complete
                0x000000000002d0a4       0x1c zephyr/subsys/bluetooth/host/libsubsys__bluetooth__host.a(ecc.c.obj)
                0x000000000002d0a4                bt_hci_evt_le_dhkey_complete
 .text.notify_connected
                0x000000000002d0c0       0x3c zephyr/subsys/bluetooth/host/libsubsys__bluetooth__host.a(conn.c.obj)
 .text.tx_notify
                0x000000000002d0fc       0x60 zephyr/subsys/bluetooth/host/libsubsys__bluetooth__host.a(conn.c.obj)
 .text.conn_tx_destroy
                0x000000000002d15c       0x2c zephyr/subsys/bluetooth/host/libsubsys__bluetooth__host.a(conn.c.obj)
 .text.send_frag
                0x000000000002d188      0x164 zephyr/subsys/bluetooth/host/libsubsys__bluetooth__host.a(conn.c.obj)
 .text.bt_conn_get_pkts
                0x000000000002d2ec       0x18 zephyr/subsys/bluetooth/host/libsubsys__bluetooth__host.a(conn.c.obj)
                0x000000000002d2ec                bt_conn_get_pkts
 .text.bt_conn_new
                0x000000000002d304       0x64 zephyr/subsys/bluetooth/host/libsubsys__bluetooth__host.a(conn.c.obj)
                0x000000000002d304                bt_conn_new
 .text.bt_conn_send_cb
                0x000000000002d368       0x90 zephyr/subsys/bluetooth/host/libsubsys__bluetooth__host.a(conn.c.obj)
                0x000000000002d368                bt_conn_send_cb
 .text.bt_conn_prepare_events
                0x000000000002d3f8       0x94 zephyr/subsys/bluetooth/host/libsubsys__bluetooth__host.a(conn.c.obj)
                0x000000000002d3f8                bt_conn_prepare_events
 .text.bt_conn_set_state
                0x000000000002d48c      0x178 zephyr/subsys/bluetooth/host/libsubsys__bluetooth__host.a(conn.c.obj)
                0x000000000002d48c                bt_conn_set_state
 .text.bt_conn_lookup_handle
                0x000000000002d604       0x28 zephyr/subsys/bluetooth/host/libsubsys__bluetooth__host.a(conn.c.obj)
                0x000000000002d604                bt_conn_lookup_handle
 .text.bt_conn_foreach
                0x000000000002d62c       0x30 zephyr/subsys/bluetooth/host/libsubsys__bluetooth__host.a(conn.c.obj)
                0x000000000002d62c                bt_conn_foreach
 .text.bt_conn_index
                0x000000000002d65c       0x18 zephyr/subsys/bluetooth/host/libsubsys__bluetooth__host.a(conn.c.obj)
                0x000000000002d65c                bt_conn_index
 .text.bt_conn_create_pdu_timeout
                0x000000000002d674       0x24 zephyr/subsys/bluetooth/host/libsubsys__bluetooth__host.a(conn.c.obj)
                0x000000000002d674                bt_conn_create_pdu_timeout
 .text.notify_le_param_updated
                0x000000000002d698       0x88 zephyr/subsys/bluetooth/host/libsubsys__bluetooth__host.a(conn.c.obj)
                0x000000000002d698                notify_le_param_updated
 .text.notify_le_phy_updated
                0x000000000002d720       0x44 zephyr/subsys/bluetooth/host/libsubsys__bluetooth__host.a(conn.c.obj)
                0x000000000002d720                notify_le_phy_updated
 .text.le_param_req
                0x000000000002d764       0x74 zephyr/subsys/bluetooth/host/libsubsys__bluetooth__host.a(conn.c.obj)
                0x000000000002d764                le_param_req
 .text.bt_conn_identity_resolved
                0x000000000002d7d8       0x5c zephyr/subsys/bluetooth/host/libsubsys__bluetooth__host.a(conn.c.obj)
                0x000000000002d7d8                bt_conn_identity_resolved
 .text.bt_conn_security_changed
                0x000000000002d834       0x4c zephyr/subsys/bluetooth/host/libsubsys__bluetooth__host.a(conn.c.obj)
                0x000000000002d834                bt_conn_security_changed
 .text.bt_conn_cb_register
                0x000000000002d880       0x10 zephyr/subsys/bluetooth/host/libsubsys__bluetooth__host.a(conn.c.obj)
                0x000000000002d880                bt_conn_cb_register
 .text.bt_conn_add_le
                0x000000000002d890       0x3c zephyr/subsys/bluetooth/host/libsubsys__bluetooth__host.a(conn.c.obj)
                0x000000000002d890                bt_conn_add_le
 .text.bt_conn_lookup_addr_le
                0x000000000002d8cc       0x34 zephyr/subsys/bluetooth/host/libsubsys__bluetooth__host.a(conn.c.obj)
                0x000000000002d8cc                bt_conn_lookup_addr_le
 .text.bt_conn_lookup_state_le
                0x000000000002d900       0x44 zephyr/subsys/bluetooth/host/libsubsys__bluetooth__host.a(conn.c.obj)
                0x000000000002d900                bt_conn_lookup_state_le
 .text.send_conn_le_param_update
                0x000000000002d944       0x6c zephyr/subsys/bluetooth/host/libsubsys__bluetooth__host.a(conn.c.obj)
 .text.deferred_work
                0x000000000002d9b0       0xac zephyr/subsys/bluetooth/host/libsubsys__bluetooth__host.a(conn.c.obj)
 .text.bt_conn_create_frag_timeout
                0x000000000002da5c        0xc zephyr/subsys/bluetooth/host/libsubsys__bluetooth__host.a(conn.c.obj)
                0x000000000002da5c                bt_conn_create_frag_timeout
 .text.bt_conn_process_tx
                0x000000000002da68      0x114 zephyr/subsys/bluetooth/host/libsubsys__bluetooth__host.a(conn.c.obj)
                0x000000000002da68                bt_conn_process_tx
 .text.bt_conn_auth_info_cb_register
                0x000000000002db7c       0x28 zephyr/subsys/bluetooth/host/libsubsys__bluetooth__host.a(conn.c.obj)
                0x000000000002db7c                bt_conn_auth_info_cb_register
 .text.bt_conn_init
                0x000000000002dba4       0x44 zephyr/subsys/bluetooth/host/libsubsys__bluetooth__host.a(conn.c.obj)
                0x000000000002dba4                bt_conn_init
 .text.l2cap_accept
                0x000000000002dbe8       0x1c zephyr/subsys/bluetooth/host/libsubsys__bluetooth__host.a(l2cap.c.obj)
 .text.bt_l2cap_connected
                0x000000000002dc04       0x9c zephyr/subsys/bluetooth/host/libsubsys__bluetooth__host.a(l2cap.c.obj)
                0x000000000002dc04                bt_l2cap_connected
 .text.bt_l2cap_update_conn_param
                0x000000000002dca0       0x64 zephyr/subsys/bluetooth/host/libsubsys__bluetooth__host.a(l2cap.c.obj)
                0x000000000002dca0                bt_l2cap_update_conn_param
 .text.att_op_get_type
                0x000000000002dd04       0x74 zephyr/subsys/bluetooth/host/libsubsys__bluetooth__host.a(att.c.obj)
 .text.bt_att_released
                0x000000000002dd78        0xc zephyr/subsys/bluetooth/host/libsubsys__bluetooth__host.a(att.c.obj)
 .text.tx_meta_data_free
                0x000000000002dd84       0x3c zephyr/subsys/bluetooth/host/libsubsys__bluetooth__host.a(att.c.obj)
 .text.bt_att_connected
                0x000000000002ddc0       0x40 zephyr/subsys/bluetooth/host/libsubsys__bluetooth__host.a(att.c.obj)
 .text.read_group_cb
                0x000000000002de00       0xb8 zephyr/subsys/bluetooth/host/libsubsys__bluetooth__host.a(att.c.obj)
 .text.bt_att_chan_create_pdu
                0x000000000002deb8       0xc0 zephyr/subsys/bluetooth/host/libsubsys__bluetooth__host.a(att.c.obj)
 .text.read_type_cb
                0x000000000002df78       0xac zephyr/subsys/bluetooth/host/libsubsys__bluetooth__host.a(att.c.obj)
 .text.bt_att_accept
                0x000000000002e024       0xcc zephyr/subsys/bluetooth/host/libsubsys__bluetooth__host.a(att.c.obj)
 .text.chan_send
                0x000000000002e0f0       0xa4 zephyr/subsys/bluetooth/host/libsubsys__bluetooth__host.a(att.c.obj)
 .text.bt_att_recv
                0x000000000002e194       0xfc zephyr/subsys/bluetooth/host/libsubsys__bluetooth__host.a(att.c.obj)
 .text.att_write_rsp.constprop.0
                0x000000000002e290       0xc8 zephyr/subsys/bluetooth/host/libsubsys__bluetooth__host.a(att.c.obj)
 .text.att_read_group_req
                0x000000000002e358       0xfc zephyr/subsys/bluetooth/host/libsubsys__bluetooth__host.a(att.c.obj)
 .text.att_read_mult_vl_req
                0x000000000002e454       0xa8 zephyr/subsys/bluetooth/host/libsubsys__bluetooth__host.a(att.c.obj)
 .text.att_read_mult_req
                0x000000000002e4fc       0xa8 zephyr/subsys/bluetooth/host/libsubsys__bluetooth__host.a(att.c.obj)
 .text.att_read_rsp
                0x000000000002e5a4       0x9c zephyr/subsys/bluetooth/host/libsubsys__bluetooth__host.a(att.c.obj)
 .text.att_read_type_req
                0x000000000002e640       0xc8 zephyr/subsys/bluetooth/host/libsubsys__bluetooth__host.a(att.c.obj)
 .text.att_find_type_req
                0x000000000002e708       0xcc zephyr/subsys/bluetooth/host/libsubsys__bluetooth__host.a(att.c.obj)
 .text.att_find_info_req
                0x000000000002e7d4       0x74 zephyr/subsys/bluetooth/host/libsubsys__bluetooth__host.a(att.c.obj)
 .text.bt_att_init
                0x000000000002e848       0x38 zephyr/subsys/bluetooth/host/libsubsys__bluetooth__host.a(att.c.obj)
                0x000000000002e848                bt_att_init
 .text.bt_att_req_alloc
                0x000000000002e880       0x50 zephyr/subsys/bluetooth/host/libsubsys__bluetooth__host.a(att.c.obj)
                0x000000000002e880                bt_att_req_alloc
 .text.bt_att_req_free
                0x000000000002e8d0       0x28 zephyr/subsys/bluetooth/host/libsubsys__bluetooth__host.a(att.c.obj)
                0x000000000002e8d0                bt_att_req_free
 .text.att_handle_rsp
                0x000000000002e8f8       0x6c zephyr/subsys/bluetooth/host/libsubsys__bluetooth__host.a(att.c.obj)
 .text.bt_att_disconnected
                0x000000000002e964       0xcc zephyr/subsys/bluetooth/host/libsubsys__bluetooth__host.a(att.c.obj)
 .text.att_timeout
                0x000000000002ea30       0x88 zephyr/subsys/bluetooth/host/libsubsys__bluetooth__host.a(att.c.obj)
 .text.db_hash_set
                0x000000000002eab8       0x18 zephyr/subsys/bluetooth/host/libsubsys__bluetooth__host.a(gatt.c.obj)
 .text.find_cf_cfg_by_addr
                0x000000000002ead0       0x40 zephyr/subsys/bluetooth/host/libsubsys__bluetooth__host.a(gatt.c.obj)
 .text.gatt_delayed_store_find
                0x000000000002eb10       0x44 zephyr/subsys/bluetooth/host/libsubsys__bluetooth__host.a(gatt.c.obj)
 .text.find_sc_cfg
                0x000000000002eb54       0x40 zephyr/subsys/bluetooth/host/libsubsys__bluetooth__host.a(gatt.c.obj)
 .text.find_cf_cfg
                0x000000000002eb94       0x5c zephyr/subsys/bluetooth/host/libsubsys__bluetooth__host.a(gatt.c.obj)
 .text.find_ccc_cfg
                0x000000000002ebf0       0x28 zephyr/subsys/bluetooth/host/libsubsys__bluetooth__host.a(gatt.c.obj)
 .text.gatt_delayed_store_enqueue
                0x000000000002ec18       0x80 zephyr/subsys/bluetooth/host/libsubsys__bluetooth__host.a(gatt.c.obj)
 .text.ccc_load
                0x000000000002ec98       0x8c zephyr/subsys/bluetooth/host/libsubsys__bluetooth__host.a(gatt.c.obj)
 .text.sc_save  0x000000000002ed24       0x6c zephyr/subsys/bluetooth/host/libsubsys__bluetooth__host.a(gatt.c.obj)
 .text.sc_set   0x000000000002ed90       0x8c zephyr/subsys/bluetooth/host/libsubsys__bluetooth__host.a(gatt.c.obj)
 .text.read_ppcp
                0x000000000002ee1c       0x2c zephyr/subsys/bluetooth/host/libsubsys__bluetooth__host.a(gatt.c.obj)
 .text.remove_peer_from_attr
                0x000000000002ee48       0x28 zephyr/subsys/bluetooth/host/libsubsys__bluetooth__host.a(gatt.c.obj)
 .text.convert_to_id_on_match
                0x000000000002ee70       0x2c zephyr/subsys/bluetooth/host/libsubsys__bluetooth__host.a(gatt.c.obj)
 .text.ccc_save
                0x000000000002ee9c       0x38 zephyr/subsys/bluetooth/host/libsubsys__bluetooth__host.a(gatt.c.obj)
 .text.sc_indicate.part.0
                0x000000000002eed4       0x10 zephyr/subsys/bluetooth/host/libsubsys__bluetooth__host.a(gatt.c.obj)
 .text.sc_commit
                0x000000000002eee4       0x2c zephyr/subsys/bluetooth/host/libsubsys__bluetooth__host.a(gatt.c.obj)
 .text.clear_cf_cfg
                0x000000000002ef10       0x2c zephyr/subsys/bluetooth/host/libsubsys__bluetooth__host.a(gatt.c.obj)
 .text.disconnected_cb
                0x000000000002ef3c       0xa0 zephyr/subsys/bluetooth/host/libsubsys__bluetooth__host.a(gatt.c.obj)
 .text.bt_gatt_attr_write_ccc
                0x000000000002efdc       0xbc zephyr/subsys/bluetooth/host/libsubsys__bluetooth__host.a(gatt.c.obj)
                0x000000000002efdc                bt_gatt_attr_write_ccc
 .text.sc_indicate.constprop.0
                0x000000000002f098       0x58 zephyr/subsys/bluetooth/host/libsubsys__bluetooth__host.a(gatt.c.obj)
 .text.set_all_change_unaware
                0x000000000002f0f0       0x58 zephyr/subsys/bluetooth/host/libsubsys__bluetooth__host.a(gatt.c.obj)
 .text.sc_indicate_rsp
                0x000000000002f148       0x4c zephyr/subsys/bluetooth/host/libsubsys__bluetooth__host.a(gatt.c.obj)
 .text.bt_gatt_init
                0x000000000002f194       0xb4 zephyr/subsys/bluetooth/host/libsubsys__bluetooth__host.a(gatt.c.obj)
                0x000000000002f194                bt_gatt_init
 .text.bt_gatt_attr_get_handle
                0x000000000002f248       0x60 zephyr/subsys/bluetooth/host/libsubsys__bluetooth__host.a(gatt.c.obj)
                0x000000000002f248                bt_gatt_attr_get_handle
 .text.bt_gatt_foreach_attr_type
                0x000000000002f2a8       0xb4 zephyr/subsys/bluetooth/host/libsubsys__bluetooth__host.a(gatt.c.obj)
                0x000000000002f2a8                bt_gatt_foreach_attr_type
 .text.db_hash_gen
                0x000000000002f35c       0x64 zephyr/subsys/bluetooth/host/libsubsys__bluetooth__host.a(gatt.c.obj)
 .text.db_hash_read
                0x000000000002f3c0       0x78 zephyr/subsys/bluetooth/host/libsubsys__bluetooth__host.a(gatt.c.obj)
 .text.do_db_hash
                0x000000000002f438       0x7c zephyr/subsys/bluetooth/host/libsubsys__bluetooth__host.a(gatt.c.obj)
 .text.db_hash_commit
                0x000000000002f4b4       0x18 zephyr/subsys/bluetooth/host/libsubsys__bluetooth__host.a(gatt.c.obj)
 .text.ccc_set_direct
                0x000000000002f4cc       0x98 zephyr/subsys/bluetooth/host/libsubsys__bluetooth__host.a(gatt.c.obj)
 .text.bt_gatt_attr_next
                0x000000000002f564       0x24 zephyr/subsys/bluetooth/host/libsubsys__bluetooth__host.a(gatt.c.obj)
                0x000000000002f564                bt_gatt_attr_next
 .text.gatt_indicate
                0x000000000002f588       0xbc zephyr/subsys/bluetooth/host/libsubsys__bluetooth__host.a(gatt.c.obj)
 .text.bt_gatt_indicate
                0x000000000002f644       0xf0 zephyr/subsys/bluetooth/host/libsubsys__bluetooth__host.a(gatt.c.obj)
                0x000000000002f644                bt_gatt_indicate
 .text.sc_process
                0x000000000002f734       0x5c zephyr/subsys/bluetooth/host/libsubsys__bluetooth__host.a(gatt.c.obj)
 .text.update_ccc
                0x000000000002f790       0xec zephyr/subsys/bluetooth/host/libsubsys__bluetooth__host.a(gatt.c.obj)
 .text.bt_gatt_notify_cb
                0x000000000002f87c       0xe8 zephyr/subsys/bluetooth/host/libsubsys__bluetooth__host.a(gatt.c.obj)
                0x000000000002f87c                bt_gatt_notify_cb
 .text.notify_cb
                0x000000000002f964      0x11c zephyr/subsys/bluetooth/host/libsubsys__bluetooth__host.a(gatt.c.obj)
 .text.bt_gatt_connected
                0x000000000002fa80       0x78 zephyr/subsys/bluetooth/host/libsubsys__bluetooth__host.a(gatt.c.obj)
                0x000000000002fa80                bt_gatt_connected
 .text.bt_gatt_att_max_mtu_changed
                0x000000000002faf8       0x28 zephyr/subsys/bluetooth/host/libsubsys__bluetooth__host.a(gatt.c.obj)
                0x000000000002faf8                bt_gatt_att_max_mtu_changed
 .text.bt_gatt_encrypt_change
                0x000000000002fb20       0x30 zephyr/subsys/bluetooth/host/libsubsys__bluetooth__host.a(gatt.c.obj)
                0x000000000002fb20                bt_gatt_encrypt_change
 .text.bt_gatt_store_ccc
                0x000000000002fb50       0x3c zephyr/subsys/bluetooth/host/libsubsys__bluetooth__host.a(gatt.c.obj)
                0x000000000002fb50                bt_gatt_store_ccc
 .text.bt_gatt_identity_resolved
                0x000000000002fb8c       0x5c zephyr/subsys/bluetooth/host/libsubsys__bluetooth__host.a(gatt.c.obj)
 .text.bt_gatt_disconnected
                0x000000000002fbe8       0x78 zephyr/subsys/bluetooth/host/libsubsys__bluetooth__host.a(gatt.c.obj)
                0x000000000002fbe8                bt_gatt_disconnected
 .text.bt_smp_accept
                0x000000000002fc60       0x24 zephyr/subsys/bluetooth/host/libsubsys__bluetooth__host.a(smp.c.obj)
 .text.smp_find
                0x000000000002fc84       0x1c zephyr/subsys/bluetooth/host/libsubsys__bluetooth__host.a(smp.c.obj)
 .text.latch_auth_cb
                0x000000000002fca0       0x3c zephyr/subsys/bluetooth/host/libsubsys__bluetooth__host.a(smp.c.obj)
 .text.get_io_capa
                0x000000000002fcdc       0x4c zephyr/subsys/bluetooth/host/libsubsys__bluetooth__host.a(smp.c.obj)
 .text.smp_init
                0x000000000002fd28       0x38 zephyr/subsys/bluetooth/host/libsubsys__bluetooth__host.a(smp.c.obj)
 .text.smp_dhkey_generate
                0x000000000002fd60       0x2c zephyr/subsys/bluetooth/host/libsubsys__bluetooth__host.a(smp.c.obj)
 .text.smp_pairing_random
                0x000000000002fd8c      0x158 zephyr/subsys/bluetooth/host/libsubsys__bluetooth__host.a(smp.c.obj)
 .text.smp_send_pairing_confirm
                0x000000000002fee4       0x78 zephyr/subsys/bluetooth/host/libsubsys__bluetooth__host.a(smp.c.obj)
 .text.smp_public_key_periph
                0x000000000002ff5c      0x138 zephyr/subsys/bluetooth/host/libsubsys__bluetooth__host.a(smp.c.obj)
 .text.smp_public_key
                0x0000000000030094       0x98 zephyr/subsys/bluetooth/host/libsubsys__bluetooth__host.a(smp.c.obj)
 .text.bt_smp_connected
                0x000000000003012c       0x54 zephyr/subsys/bluetooth/host/libsubsys__bluetooth__host.a(smp.c.obj)
 .text.get_auth
                0x0000000000030180       0x68 zephyr/subsys/bluetooth/host/libsubsys__bluetooth__host.a(smp.c.obj)
 .text.smp_pairing_req
                0x00000000000301e8      0x238 zephyr/subsys/bluetooth/host/libsubsys__bluetooth__host.a(smp.c.obj)
 .text.bt_smp_start_security
                0x0000000000030420      0x18c zephyr/subsys/bluetooth/host/libsubsys__bluetooth__host.a(smp.c.obj)
                0x0000000000030420                bt_smp_start_security
 .text.smp_pairing_complete
                0x00000000000305ac      0x120 zephyr/subsys/bluetooth/host/libsubsys__bluetooth__host.a(smp.c.obj)
 .text.bt_smp_recv
                0x00000000000306cc       0x84 zephyr/subsys/bluetooth/host/libsubsys__bluetooth__host.a(smp.c.obj)
 .text.bt_smp_pkey_ready
                0x0000000000030750       0x40 zephyr/subsys/bluetooth/host/libsubsys__bluetooth__host.a(smp.c.obj)
 .text.smp_ident_addr_info
                0x0000000000030790      0x108 zephyr/subsys/bluetooth/host/libsubsys__bluetooth__host.a(smp.c.obj)
 .text.bt_smp_encrypt_change
                0x0000000000030898       0xec zephyr/subsys/bluetooth/host/libsubsys__bluetooth__host.a(smp.c.obj)
 .text.bt_smp_init
                0x0000000000030984       0x38 zephyr/subsys/bluetooth/host/libsubsys__bluetooth__host.a(smp.c.obj)
                0x0000000000030984                bt_smp_init
 .text.bt_keys_get_addr
                0x00000000000309bc       0x4c zephyr/subsys/bluetooth/host/libsubsys__bluetooth__host.a(keys.c.obj)
                0x00000000000309bc                bt_keys_get_addr
 .text.bt_foreach_bond
                0x0000000000030a08       0x44 zephyr/subsys/bluetooth/host/libsubsys__bluetooth__host.a(keys.c.obj)
                0x0000000000030a08                bt_foreach_bond
 .text.bt_keys_foreach_type
                0x0000000000030a4c       0x20 zephyr/subsys/bluetooth/host/libsubsys__bluetooth__host.a(keys.c.obj)
                0x0000000000030a4c                bt_keys_foreach_type
 .text.keys_commit
                0x0000000000030a6c       0x14 zephyr/subsys/bluetooth/host/libsubsys__bluetooth__host.a(keys.c.obj)
 .text.bt_keys_find
                0x0000000000030a80       0x38 zephyr/subsys/bluetooth/host/libsubsys__bluetooth__host.a(keys.c.obj)
                0x0000000000030a80                bt_keys_find
 .text.bt_keys_find_irk
                0x0000000000030ab8       0x84 zephyr/subsys/bluetooth/host/libsubsys__bluetooth__host.a(keys.c.obj)
                0x0000000000030ab8                bt_keys_find_irk
 .text.bt_keys_find_addr
                0x0000000000030b3c       0x24 zephyr/subsys/bluetooth/host/libsubsys__bluetooth__host.a(keys.c.obj)
                0x0000000000030b3c                bt_keys_find_addr
 .text.bt_crypto_f5
                0x0000000000030b60       0xd0 zephyr/subsys/bluetooth/crypto/libsubsys__bluetooth__crypto.a(bt_crypto.c.obj)
                0x0000000000030b60                bt_crypto_f5
 .text.bt_crypto_g2
                0x0000000000030c30       0x5c zephyr/subsys/bluetooth/crypto/libsubsys__bluetooth__crypto.a(bt_crypto.c.obj)
                0x0000000000030c30                bt_crypto_g2
 .text.mem_init
                0x0000000000030c8c       0x4c zephyr/subsys/bluetooth/controller/libsubsys__bluetooth__controller.a(mem.c.obj)
                0x0000000000030c8c                mem_init
 .text.mem_acquire
                0x0000000000030cd8       0x2c zephyr/subsys/bluetooth/controller/libsubsys__bluetooth__controller.a(mem.c.obj)
                0x0000000000030cd8                mem_acquire
 .text.mem_release
                0x0000000000030d04       0x28 zephyr/subsys/bluetooth/controller/libsubsys__bluetooth__controller.a(mem.c.obj)
                0x0000000000030d04                mem_release
 .text.mem_get  0x0000000000030d2c        0x8 zephyr/subsys/bluetooth/controller/libsubsys__bluetooth__controller.a(mem.c.obj)
                0x0000000000030d2c                mem_get
 .text.mem_index_get
                0x0000000000030d34        0xc zephyr/subsys/bluetooth/controller/libsubsys__bluetooth__controller.a(mem.c.obj)
                0x0000000000030d34                mem_index_get
 .text.mem_rcopy
                0x0000000000030d40       0x1c zephyr/subsys/bluetooth/controller/libsubsys__bluetooth__controller.a(mem.c.obj)
                0x0000000000030d40                mem_rcopy
 .text.mem_nz   0x0000000000030d5c       0x18 zephyr/subsys/bluetooth/controller/libsubsys__bluetooth__controller.a(mem.c.obj)
                0x0000000000030d5c                mem_nz
 .text.memq_init
                0x0000000000030d74        0x8 zephyr/subsys/bluetooth/controller/libsubsys__bluetooth__controller.a(memq.c.obj)
                0x0000000000030d74                memq_init
 .text.memq_deinit
                0x0000000000030d7c       0x14 zephyr/subsys/bluetooth/controller/libsubsys__bluetooth__controller.a(memq.c.obj)
                0x0000000000030d7c                memq_deinit
 .text.memq_enqueue
                0x0000000000030d90       0x14 zephyr/subsys/bluetooth/controller/libsubsys__bluetooth__controller.a(memq.c.obj)
                0x0000000000030d90                memq_enqueue
 .text.memq_peek
                0x0000000000030da4       0x10 zephyr/subsys/bluetooth/controller/libsubsys__bluetooth__controller.a(memq.c.obj)
                0x0000000000030da4                memq_peek
 .text.memq_dequeue
                0x0000000000030db4       0x20 zephyr/subsys/bluetooth/controller/libsubsys__bluetooth__controller.a(memq.c.obj)
                0x0000000000030db4                memq_dequeue
 .text.mayfly_init
                0x0000000000030dd4       0x40 zephyr/subsys/bluetooth/controller/libsubsys__bluetooth__controller.a(mayfly.c.obj)
                0x0000000000030dd4                mayfly_init
 .text.mayfly_enable
                0x0000000000030e14       0x6c zephyr/subsys/bluetooth/controller/libsubsys__bluetooth__controller.a(mayfly.c.obj)
                0x0000000000030e14                mayfly_enable
 .text.mayfly_enqueue
                0x0000000000030e80       0xbc zephyr/subsys/bluetooth/controller/libsubsys__bluetooth__controller.a(mayfly.c.obj)
                0x0000000000030e80                mayfly_enqueue
 .text.mayfly_run
                0x0000000000030f3c      0x174 zephyr/subsys/bluetooth/controller/libsubsys__bluetooth__controller.a(mayfly.c.obj)
                0x0000000000030f3c                mayfly_run
 .text.util_ones_count_get
                0x00000000000310b0       0x28 zephyr/subsys/bluetooth/controller/libsubsys__bluetooth__controller.a(util.c.obj)
                0x00000000000310b0                util_ones_count_get
 .text.ticker_dequeue
                0x00000000000310d8       0x74 zephyr/subsys/bluetooth/controller/libsubsys__bluetooth__controller.a(ticker.c.obj)
 .text.ticks_to_expire_prep
                0x000000000003114c       0x4c zephyr/subsys/bluetooth/controller/libsubsys__bluetooth__controller.a(ticker.c.obj)
 .text.start_us.constprop.0
                0x0000000000031198       0xac zephyr/subsys/bluetooth/controller/libsubsys__bluetooth__controller.a(ticker.c.obj)
 .text.ticker_job_list_insert
                0x0000000000031244      0x214 zephyr/subsys/bluetooth/controller/libsubsys__bluetooth__controller.a(ticker.c.obj)
 .text.ticker_worker
                0x0000000000031458      0x2b8 zephyr/subsys/bluetooth/controller/libsubsys__bluetooth__controller.a(ticker.c.obj)
                0x0000000000031458                ticker_worker
 .text.ticker_job
                0x0000000000031710      0xae0 zephyr/subsys/bluetooth/controller/libsubsys__bluetooth__controller.a(ticker.c.obj)
                0x0000000000031710                ticker_job
 .text.ticker_init
                0x00000000000321f0       0x64 zephyr/subsys/bluetooth/controller/libsubsys__bluetooth__controller.a(ticker.c.obj)
                0x00000000000321f0                ticker_init
 .text.ticker_is_initialized
                0x0000000000032254       0x18 zephyr/subsys/bluetooth/controller/libsubsys__bluetooth__controller.a(ticker.c.obj)
                0x0000000000032254                ticker_is_initialized
 .text.ticker_trigger
                0x000000000003226c       0x34 zephyr/subsys/bluetooth/controller/libsubsys__bluetooth__controller.a(ticker.c.obj)
                0x000000000003226c                ticker_trigger
 .text.ticker_start
                0x00000000000322a0       0x38 zephyr/subsys/bluetooth/controller/libsubsys__bluetooth__controller.a(ticker.c.obj)
                0x00000000000322a0                ticker_start
 .text.ticker_start_ext
                0x00000000000322d8       0x10 zephyr/subsys/bluetooth/controller/libsubsys__bluetooth__controller.a(ticker.c.obj)
                0x00000000000322d8                ticker_start_ext
 .text.ticker_update_ext
                0x00000000000322e8       0xb0 zephyr/subsys/bluetooth/controller/libsubsys__bluetooth__controller.a(ticker.c.obj)
                0x00000000000322e8                ticker_update_ext
 .text.ticker_update
                0x0000000000032398       0x30 zephyr/subsys/bluetooth/controller/libsubsys__bluetooth__controller.a(ticker.c.obj)
                0x0000000000032398                ticker_update
 .text.ticker_stop
                0x00000000000323c8       0x84 zephyr/subsys/bluetooth/controller/libsubsys__bluetooth__controller.a(ticker.c.obj)
                0x00000000000323c8                ticker_stop
 .text.ticker_stop_abs
                0x000000000003244c       0x88 zephyr/subsys/bluetooth/controller/libsubsys__bluetooth__controller.a(ticker.c.obj)
                0x000000000003244c                ticker_stop_abs
 .text.ticker_ticks_now_get
                0x00000000000324d4        0x4 zephyr/subsys/bluetooth/controller/libsubsys__bluetooth__controller.a(ticker.c.obj)
                0x00000000000324d4                ticker_ticks_now_get
 .text.ticker_ticks_diff_get
                0x00000000000324d8        0x8 zephyr/subsys/bluetooth/controller/libsubsys__bluetooth__controller.a(ticker.c.obj)
                0x00000000000324d8                ticker_ticks_diff_get
 .text.ll_feat_get
                0x00000000000324e0        0xc zephyr/subsys/bluetooth/controller/libsubsys__bluetooth__controller.a(ll_feat.c.obj)
                0x00000000000324e0                ll_feat_get
 .text.ll_tx_pwr_lvl_get
                0x00000000000324ec       0x20 zephyr/subsys/bluetooth/controller/libsubsys__bluetooth__controller.a(ll_tx_pwr.c.obj)
                0x00000000000324ec                ll_tx_pwr_lvl_get
 .text.ll_tx_pwr_get
                0x000000000003250c        0x8 zephyr/subsys/bluetooth/controller/libsubsys__bluetooth__controller.a(ll_tx_pwr.c.obj)
                0x000000000003250c                ll_tx_pwr_get
 .text.ll_addr_set
                0x0000000000032514       0x38 zephyr/subsys/bluetooth/controller/libsubsys__bluetooth__controller.a(ll_addr.c.obj)
                0x0000000000032514                ll_addr_set
 .text.ll_addr_get
                0x000000000003254c       0x20 zephyr/subsys/bluetooth/controller/libsubsys__bluetooth__controller.a(ll_addr.c.obj)
                0x000000000003254c                ll_addr_get
 .text.ll_addr_read
                0x000000000003256c       0x28 zephyr/subsys/bluetooth/controller/libsubsys__bluetooth__controller.a(ll_addr.c.obj)
                0x000000000003256c                ll_addr_read
 .text.perform_lll_reset
                0x0000000000032594       0x94 zephyr/subsys/bluetooth/controller/libsubsys__bluetooth__controller.a(ull.c.obj)
 .text.ull_ticker_status_give
                0x0000000000032628        0xc zephyr/subsys/bluetooth/controller/libsubsys__bluetooth__controller.a(ull.c.obj)
                0x0000000000032628                ull_ticker_status_give
 .text.disabled_cb
                0x0000000000032634        0x4 zephyr/subsys/bluetooth/controller/libsubsys__bluetooth__controller.a(ull.c.obj)
 .text.tx_cmplt_get
                0x0000000000032638       0xb4 zephyr/subsys/bluetooth/controller/libsubsys__bluetooth__controller.a(ull.c.obj)
 .text.rx_replenish
                0x00000000000326ec      0x110 zephyr/subsys/bluetooth/controller/libsubsys__bluetooth__controller.a(ull.c.obj)
 .text.rx_demux
                0x00000000000327fc      0x2b0 zephyr/subsys/bluetooth/controller/libsubsys__bluetooth__controller.a(ull.c.obj)
 .text.ll_rx_get
                0x0000000000032aac       0xf4 zephyr/subsys/bluetooth/controller/libsubsys__bluetooth__controller.a(ull.c.obj)
                0x0000000000032aac                ll_rx_get
 .text.ll_rx_dequeue
                0x0000000000032ba0      0x1a8 zephyr/subsys/bluetooth/controller/libsubsys__bluetooth__controller.a(ull.c.obj)
                0x0000000000032ba0                ll_rx_dequeue
 .text.ll_rx_mem_release
                0x0000000000032d48      0x190 zephyr/subsys/bluetooth/controller/libsubsys__bluetooth__controller.a(ull.c.obj)
                0x0000000000032d48                ll_rx_mem_release
 .text.ll_rx_link_alloc
                0x0000000000032ed8        0xc zephyr/subsys/bluetooth/controller/libsubsys__bluetooth__controller.a(ull.c.obj)
                0x0000000000032ed8                ll_rx_link_alloc
 .text.ll_rx_link_release
                0x0000000000032ee4        0xc zephyr/subsys/bluetooth/controller/libsubsys__bluetooth__controller.a(ull.c.obj)
                0x0000000000032ee4                ll_rx_link_release
 .text.ll_rx_alloc
                0x0000000000032ef0        0xc zephyr/subsys/bluetooth/controller/libsubsys__bluetooth__controller.a(ull.c.obj)
                0x0000000000032ef0                ll_rx_alloc
 .text.ll_rx_release
                0x0000000000032efc        0xc zephyr/subsys/bluetooth/controller/libsubsys__bluetooth__controller.a(ull.c.obj)
                0x0000000000032efc                ll_rx_release
 .text.ll_rx_put
                0x0000000000032f08       0x14 zephyr/subsys/bluetooth/controller/libsubsys__bluetooth__controller.a(ull.c.obj)
                0x0000000000032f08                ll_rx_put
 .text.ll_rx_put_sched
                0x0000000000032f1c       0x28 zephyr/subsys/bluetooth/controller/libsubsys__bluetooth__controller.a(ull.c.obj)
                0x0000000000032f1c                ll_rx_put_sched
 .text.ll_pdu_rx_alloc_peek
                0x0000000000032f44       0x44 zephyr/subsys/bluetooth/controller/libsubsys__bluetooth__controller.a(ull.c.obj)
                0x0000000000032f44                ll_pdu_rx_alloc_peek
 .text.ll_pdu_rx_alloc
                0x0000000000032f88       0x2c zephyr/subsys/bluetooth/controller/libsubsys__bluetooth__controller.a(ull.c.obj)
                0x0000000000032f88                ll_pdu_rx_alloc
 .text.ll_tx_ack_put
                0x0000000000032fb4       0x64 zephyr/subsys/bluetooth/controller/libsubsys__bluetooth__controller.a(ull.c.obj)
                0x0000000000032fb4                ll_tx_ack_put
 .text.ll_timeslice_ticker_id_get
                0x0000000000033018        0xc zephyr/subsys/bluetooth/controller/libsubsys__bluetooth__controller.a(ull.c.obj)
                0x0000000000033018                ll_timeslice_ticker_id_get
 .text.ll_radio_state_abort
                0x0000000000033024       0x40 zephyr/subsys/bluetooth/controller/libsubsys__bluetooth__controller.a(ull.c.obj)
                0x0000000000033024                ll_radio_state_abort
 .text.ull_ticker_status_take
                0x0000000000033064       0x24 zephyr/subsys/bluetooth/controller/libsubsys__bluetooth__controller.a(ull.c.obj)
                0x0000000000033064                ull_ticker_status_take
 .text.ull_disable_mark
                0x0000000000033088       0x18 zephyr/subsys/bluetooth/controller/libsubsys__bluetooth__controller.a(ull.c.obj)
                0x0000000000033088                ull_disable_mark
 .text.ull_disable_unmark
                0x00000000000330a0       0x18 zephyr/subsys/bluetooth/controller/libsubsys__bluetooth__controller.a(ull.c.obj)
                0x00000000000330a0                ull_disable_unmark
 .text.ull_disable_mark_get
                0x00000000000330b8        0xc zephyr/subsys/bluetooth/controller/libsubsys__bluetooth__controller.a(ull.c.obj)
                0x00000000000330b8                ull_disable_mark_get
 .text.ull_update_mark
                0x00000000000330c4       0x18 zephyr/subsys/bluetooth/controller/libsubsys__bluetooth__controller.a(ull.c.obj)
                0x00000000000330c4                ull_update_mark
 .text.ull_update_unmark
                0x00000000000330dc       0x18 zephyr/subsys/bluetooth/controller/libsubsys__bluetooth__controller.a(ull.c.obj)
                0x00000000000330dc                ull_update_unmark
 .text.ull_update_mark_get
                0x00000000000330f4        0xc zephyr/subsys/bluetooth/controller/libsubsys__bluetooth__controller.a(ull.c.obj)
                0x00000000000330f4                ull_update_mark_get
 .text.ull_disable
                0x0000000000033100       0x78 zephyr/subsys/bluetooth/controller/libsubsys__bluetooth__controller.a(ull.c.obj)
                0x0000000000033100                ull_disable
 .text.ull_ticker_stop_with_mark
                0x0000000000033178       0xa4 zephyr/subsys/bluetooth/controller/libsubsys__bluetooth__controller.a(ull.c.obj)
                0x0000000000033178                ull_ticker_stop_with_mark
 .text.ull_pdu_rx_alloc_peek
                0x000000000003321c       0x44 zephyr/subsys/bluetooth/controller/libsubsys__bluetooth__controller.a(ull.c.obj)
                0x000000000003321c                ull_pdu_rx_alloc_peek
 .text.ull_pdu_rx_alloc
                0x0000000000033260       0x2c zephyr/subsys/bluetooth/controller/libsubsys__bluetooth__controller.a(ull.c.obj)
                0x0000000000033260                ull_pdu_rx_alloc
 .text.ull_rx_put
                0x000000000003328c       0x20 zephyr/subsys/bluetooth/controller/libsubsys__bluetooth__controller.a(ull.c.obj)
                0x000000000003328c                ull_rx_put
 .text.ull_rx_sched
                0x00000000000332ac       0x10 zephyr/subsys/bluetooth/controller/libsubsys__bluetooth__controller.a(ull.c.obj)
                0x00000000000332ac                ull_rx_sched
 .text.ull_rx_put_sched
                0x00000000000332bc       0x30 zephyr/subsys/bluetooth/controller/libsubsys__bluetooth__controller.a(ull.c.obj)
                0x00000000000332bc                ull_rx_put_sched
 .text.ull_prepare_enqueue
                0x00000000000332ec       0x74 zephyr/subsys/bluetooth/controller/libsubsys__bluetooth__controller.a(ull.c.obj)
                0x00000000000332ec                ull_prepare_enqueue
 .text.ull_prepare_dequeue_get
                0x0000000000033360       0x1c zephyr/subsys/bluetooth/controller/libsubsys__bluetooth__controller.a(ull.c.obj)
                0x0000000000033360                ull_prepare_dequeue_get
 .text.ull_prepare_dequeue_iter
                0x000000000003337c       0x40 zephyr/subsys/bluetooth/controller/libsubsys__bluetooth__controller.a(ull.c.obj)
                0x000000000003337c                ull_prepare_dequeue_iter
 .text.ull_prepare_dequeue
                0x00000000000333bc       0xc8 zephyr/subsys/bluetooth/controller/libsubsys__bluetooth__controller.a(ull.c.obj)
                0x00000000000333bc                ull_prepare_dequeue
 .text.ull_event_done_extra_get
                0x0000000000033484       0x20 zephyr/subsys/bluetooth/controller/libsubsys__bluetooth__controller.a(ull.c.obj)
                0x0000000000033484                ull_event_done_extra_get
 .text.ull_event_done
                0x00000000000334a4       0x60 zephyr/subsys/bluetooth/controller/libsubsys__bluetooth__controller.a(ull.c.obj)
                0x00000000000334a4                ull_event_done
 .text.ull_rxfifo_alloc
                0x0000000000033504       0x88 zephyr/subsys/bluetooth/controller/libsubsys__bluetooth__controller.a(ull.c.obj)
                0x0000000000033504                ull_rxfifo_alloc
 .text.init_reset
                0x000000000003358c       0xfc zephyr/subsys/bluetooth/controller/libsubsys__bluetooth__controller.a(ull.c.obj)
 .text.ll_init  0x0000000000033688       0xf4 zephyr/subsys/bluetooth/controller/libsubsys__bluetooth__controller.a(ull.c.obj)
                0x0000000000033688                ll_init
 .text.ll_reset
                0x000000000003377c      0x12c zephyr/subsys/bluetooth/controller/libsubsys__bluetooth__controller.a(ull.c.obj)
                0x000000000003377c                ll_reset
 .text.ll_deinit
                0x00000000000338a8       0x10 zephyr/subsys/bluetooth/controller/libsubsys__bluetooth__controller.a(ull.c.obj)
                0x00000000000338a8                ll_deinit
 .text.lll_prepare
                0x00000000000338b8       0x14 zephyr/subsys/bluetooth/controller/libsubsys__bluetooth__controller.a(lll_common.c.obj)
                0x00000000000338b8                lll_prepare
 .text.lll_resume
                0x00000000000338cc       0x4c zephyr/subsys/bluetooth/controller/libsubsys__bluetooth__controller.a(lll_common.c.obj)
                0x00000000000338cc                lll_resume
 .text.hci_driver_init
                0x0000000000033918       0x10 zephyr/subsys/bluetooth/controller/libsubsys__bluetooth__controller.a(hci_driver.c.obj)
 .text.hci_driver_send
                0x0000000000033928       0x6c zephyr/subsys/bluetooth/controller/libsubsys__bluetooth__controller.a(hci_driver.c.obj)
 .text.hci_driver_close
                0x0000000000033994       0x20 zephyr/subsys/bluetooth/controller/libsubsys__bluetooth__controller.a(hci_driver.c.obj)
 .text.recv_thread
                0x00000000000339b4      0x120 zephyr/subsys/bluetooth/controller/libsubsys__bluetooth__controller.a(hci_driver.c.obj)
 .text.prio_recv_thread
                0x0000000000033ad4       0xc8 zephyr/subsys/bluetooth/controller/libsubsys__bluetooth__controller.a(hci_driver.c.obj)
 .text.hci_driver_open
                0x0000000000033b9c       0xa8 zephyr/subsys/bluetooth/controller/libsubsys__bluetooth__controller.a(hci_driver.c.obj)
 .text.hci_recv_fifo_reset
                0x0000000000033c44       0x20 zephyr/subsys/bluetooth/controller/libsubsys__bluetooth__controller.a(hci_driver.c.obj)
                0x0000000000033c44                hci_recv_fifo_reset
 .text.le_remote_feat_complete
                0x0000000000033c64       0x78 zephyr/subsys/bluetooth/controller/libsubsys__bluetooth__controller.a(hci.c.obj)
 .text.hci_vendor_cmd_handle_common
                0x0000000000033cdc      0x194 zephyr/subsys/bluetooth/controller/libsubsys__bluetooth__controller.a(hci.c.obj)
                0x0000000000033cdc                hci_vendor_cmd_handle_common
 .text.hci_cmd_handle
                0x0000000000033e70      0x8d0 zephyr/subsys/bluetooth/controller/libsubsys__bluetooth__controller.a(hci.c.obj)
                0x0000000000033e70                hci_cmd_handle
 .text.hci_acl_handle
                0x0000000000034740       0xbc zephyr/subsys/bluetooth/controller/libsubsys__bluetooth__controller.a(hci.c.obj)
                0x0000000000034740                hci_acl_handle
 .text.hci_disconn_complete_encode
                0x00000000000347fc       0x40 zephyr/subsys/bluetooth/controller/libsubsys__bluetooth__controller.a(hci.c.obj)
                0x00000000000347fc                hci_disconn_complete_encode
 .text.hci_disconn_complete_process
                0x000000000003483c       0x10 zephyr/subsys/bluetooth/controller/libsubsys__bluetooth__controller.a(hci.c.obj)
                0x000000000003483c                hci_disconn_complete_process
 .text.hci_acl_encode
                0x000000000003484c       0x74 zephyr/subsys/bluetooth/controller/libsubsys__bluetooth__controller.a(hci.c.obj)
                0x000000000003484c                hci_acl_encode
 .text.hci_evt_encode
                0x00000000000348c0      0x5ac zephyr/subsys/bluetooth/controller/libsubsys__bluetooth__controller.a(hci.c.obj)
                0x00000000000348c0                hci_evt_encode
 .text.hci_num_cmplt_encode
                0x0000000000034e6c       0x30 zephyr/subsys/bluetooth/controller/libsubsys__bluetooth__controller.a(hci.c.obj)
                0x0000000000034e6c                hci_num_cmplt_encode
 .text.hci_get_class
                0x0000000000034e9c       0x2c zephyr/subsys/bluetooth/controller/libsubsys__bluetooth__controller.a(hci.c.obj)
                0x0000000000034e9c                hci_get_class
 .text.ticker_stop_cb
                0x0000000000034ec8       0x88 zephyr/subsys/bluetooth/controller/libsubsys__bluetooth__controller.a(ull_adv.c.obj)
 .text.ticker_stop_op_cb
                0x0000000000034f50       0x48 zephyr/subsys/bluetooth/controller/libsubsys__bluetooth__controller.a(ull_adv.c.obj)
 .text.disabled_cb