Archive member included to satisfy reference by file (symbol)

app/libapp.a(stdlib.c.obj)    (--whole-archive)
app/libapp.a(activity.c.obj)  (--whole-archive)
app/libapp.a(behavior.c.obj)  (--whole-archive)
app/libapp.a(matrix_transform.c.obj)
                              (--whole-archive)
app/libapp.a(physical_layouts.c.obj)
                              (--whole-archive)
app/libapp.a(sensors.c.obj)   (--whole-archive)
app/libapp.a(event_manager.c.obj)
                              (--whole-archive)
app/libapp.a(ext_power_generic.c.obj)
                              (--whole-archive)
app/libapp.a(activity_state_changed.c.obj)
                              (--whole-archive)
app/libapp.a(position_state_changed.c.obj)
                              (--whole-archive)
app/libapp.a(sensor_event.c.obj)
                              (--whole-archive)
app/libapp.a(usb_conn_state_changed.c.obj)
                              (--whole-archive)
app/libapp.a(behavior_reset.c.obj)
                              (--whole-archive)
app/libapp.a(behavior_ext_power.c.obj)
                              (--whole-archive)
app/libapp.a(battery_state_changed.c.obj)
                              (--whole-archive)
app/libapp.a(battery.c.obj)   (--whole-archive)
app/libapp.a(split_peripheral_status_changed.c.obj)
                              (--whole-archive)
app/libapp.a(service.c.obj)   (--whole-archive)
app/libapp.a(peripheral.c.obj)
                              (--whole-archive)
app/libapp.a(peripheral.c.obj)
                              (--whole-archive)
app/libapp.a(usb.c.obj)       (--whole-archive)
app/libapp.a(workqueue.c.obj)
                              (--whole-archive)
app/libapp.a(main.c.obj)      (--whole-archive)
app/libapp.a(reset_settings_nvs.c.obj)
                              (--whole-archive)
zephyr/libzephyr.a(crc32c_sw.c.obj)
                              (--whole-archive)
zephyr/libzephyr.a(crc32_sw.c.obj)
                              (--whole-archive)
zephyr/libzephyr.a(crc16_sw.c.obj)
                              (--whole-archive)
zephyr/libzephyr.a(crc8_sw.c.obj)
                              (--whole-archive)
zephyr/libzephyr.a(crc7_sw.c.obj)
                              (--whole-archive)
zephyr/libzephyr.a(crc4_sw.c.obj)
                              (--whole-archive)
zephyr/libzephyr.a(cbprintf_packaged.c.obj)
                              (--whole-archive)
zephyr/libzephyr.a(dec.c.obj)
                              (--whole-archive)
zephyr/libzephyr.a(hex.c.obj)
                              (--whole-archive)
zephyr/libzephyr.a(printk.c.obj)
                              (--whole-archive)
zephyr/libzephyr.a(rb.c.obj)  (--whole-archive)
zephyr/libzephyr.a(sem.c.obj)
                              (--whole-archive)
zephyr/libzephyr.a(thread_entry.c.obj)
                              (--whole-archive)
zephyr/libzephyr.a(timeutil.c.obj)
                              (--whole-archive)
zephyr/libzephyr.a(heap.c.obj)
                              (--whole-archive)
zephyr/libzephyr.a(heap-validate.c.obj)
                              (--whole-archive)
zephyr/libzephyr.a(bitarray.c.obj)
                              (--whole-archive)
zephyr/libzephyr.a(multi_heap.c.obj)
                              (--whole-archive)
zephyr/libzephyr.a(onoff.c.obj)
                              (--whole-archive)
zephyr/libzephyr.a(notify.c.obj)
                              (--whole-archive)
zephyr/libzephyr.a(cbprintf_nano.c.obj)
                              (--whole-archive)
zephyr/libzephyr.a(assert.c.obj)
                              (--whole-archive)
zephyr/libzephyr.a(reboot.c.obj)
                              (--whole-archive)
zephyr/libzephyr.a(configs.c.obj)
                              (--whole-archive)
zephyr/libzephyr.a(soc_nrf_common.S.obj)
                              (--whole-archive)
zephyr/libzephyr.a(validate_base_addresses.c.obj)
                              (--whole-archive)
zephyr/libzephyr.a(validate_enabled_instances.c.obj)
                              (--whole-archive)
zephyr/libzephyr.a(nvs.c.obj)
                              (--whole-archive)
zephyr/libzephyr.a(mem_attr.c.obj)
                              (--whole-archive)
zephyr/libzephyr.a(flash_map.c.obj)
                              (--whole-archive)
zephyr/libzephyr.a(flash_map_default.c.obj)
                              (--whole-archive)
zephyr/libzephyr.a(flash_map_layout.c.obj)
                              (--whole-archive)
zephyr/libzephyr.a(tracing_none.c.obj)
                              (--whole-archive)
zephyr/libzephyr.a(usb_device.c.obj)
                              (--whole-archive)
zephyr/libzephyr.a(usb_descriptor.c.obj)
                              (--whole-archive)
zephyr/libzephyr.a(usb_transfer.c.obj)
                              (--whole-archive)
zephyr/libzephyr.a(dis.c.obj)
                              (--whole-archive)
zephyr/libzephyr.a(bas.c.obj)
                              (--whole-archive)
[...]
Memory Configuration

Name             Origin             Length             Attributes
FLASH            0x0000000000026000 0x00000000000c6000 xr
RAM              0x0000000020000000 0x0000000000040000 xw
IDT_LIST         0x00000000fffff7ff 0x0000000000000800 xw
*default*        0x0000000000000000 0xffffffffffffffff

Linker script and memory map

                0x000000000004481c                vfprintf = __i_vfprintf
                0x0000000000000000                vfscanf = __i_vfscanf
LOAD zephyr/CMakeFiles/zephyr_final.dir/misc/empty_file.c.obj
LOAD zephyr/CMakeFiles/zephyr_final.dir/isr_tables.c.obj
LOAD zephyr/CMakeFiles/offsets.dir/./arch/arm/core/offsets/offsets.c.obj
LOAD app/libapp.a
LOAD zephyr/libzephyr.a
LOAD zephyr/arch/common/libarch__common.a
LOAD zephyr/arch/arch/arm/core/libarch__arm__core.a
LOAD zephyr/arch/arch/arm/core/cortex_m/libarch__arm__core__cortex_m.a
LOAD zephyr/arch/arch/arm/core/mpu/libarch__arm__core__mpu.a
LOAD zephyr/lib/libc/picolibc/liblib__libc__picolibc.a
LOAD zephyr/lib/libc/common/liblib__libc__common.a
LOAD zephyr/soc/soc/arm/common/cortex_m/libsoc__arm__common__cortex_m.a
LOAD zephyr/soc/soc/arm/nordic_nrf/nrf52/libsoc__arm__nordic_nrf__nrf52.a
LOAD zephyr/subsys/random/libsubsys__random.a
LOAD zephyr/subsys/bluetooth/common/libsubsys__bluetooth__common.a
LOAD zephyr/subsys/bluetooth/host/libsubsys__bluetooth__host.a
LOAD zephyr/subsys/bluetooth/crypto/libsubsys__bluetooth__crypto.a
LOAD zephyr/subsys/bluetooth/controller/libsubsys__bluetooth__controller.a
LOAD zephyr/subsys/net/libsubsys__net.a
LOAD zephyr/drivers/usb/device/libdrivers__usb__device.a
LOAD zephyr/drivers/adc/libdrivers__adc.a
LOAD zephyr/drivers/clock_control/libdrivers__clock_control.a
LOAD zephyr/drivers/entropy/libdrivers__entropy.a
LOAD zephyr/drivers/flash/libdrivers__flash.a
LOAD zephyr/drivers/gpio/libdrivers__gpio.a
LOAD zephyr/drivers/hwinfo/libdrivers__hwinfo.a
LOAD zephyr/drivers/kscan/libdrivers__kscan.a
LOAD zephyr/drivers/pinctrl/libdrivers__pinctrl.a
LOAD zephyr/drivers/sensor/nrf5/libdrivers__sensor__nrf5.a
LOAD zephyr/drivers/timer/libdrivers__timer.a
LOAD modules/hal_nordic/nrfx/libmodules__hal_nordic__nrfx.a
LOAD modules/module/drivers/sensor/battery/lib..__zmk__app__module__drivers__sensor__battery.a
LOAD modules/module/lib/zmk_debounce/lib..__zmk__app__module__lib__zmk_debounce.a
LOAD zephyr/kernel/libkernel.a
LOAD /opt/zephyr-sdk-0.16.9/arm-zephyr-eabi/bin/../lib/gcc/arm-zephyr-eabi/12.2.0/thumb/v7e-m+fp/hard/libgcc.a
LOAD zephyr/arch/common/libisr_tables.a
LOAD /opt/zephyr-sdk-0.16.9/arm-zephyr-eabi/bin/../lib/gcc/../../picolibc/arm-zephyr-eabi/lib/thumb/v7e-m+fp/hard/libc.a
LOAD /opt/zephyr-sdk-0.16.9/arm-zephyr-eabi/bin/../lib/gcc/arm-zephyr-eabi/12.2.0/thumb/v7e-m+fp/hard/libgcc.a
                0x0000000000000020                _region_min_align = 0x20

.rel.plt        0x0000000000026000        0x0
 *(SORT_BY_ALIGNMENT(.rel.plt))
                [!provide]                        PROVIDE (__rel_iplt_start = .)
 *(SORT_BY_ALIGNMENT(.rel.iplt))
 .rel.iplt      0x0000000000026000        0x0 zephyr/CMakeFiles/zephyr_final.dir/isr_tables.c.obj
                [!provide]                        PROVIDE (__rel_iplt_end = .)

.rela.plt       0x0000000000000000        0x0
 *(SORT_BY_ALIGNMENT(.rela.plt))
                [!provide]                        PROVIDE (__rela_iplt_start = .)
 *(SORT_BY_ALIGNMENT(.rela.iplt))
                [!provide]                        PROVIDE (__rela_iplt_end = .)

.rel.dyn
 *(SORT_BY_ALIGNMENT(.rel.*))

.rela.dyn
 *(SORT_BY_ALIGNMENT(.rela.*))

/DISCARD/
 *(SORT_BY_ALIGNMENT(.plt))

/DISCARD/
 *(SORT_BY_ALIGNMENT(.iplt))
                0x0000000000026000                __rom_region_start = 0x26000

rom_start       0x0000000000026000      0x100
                0x0000000000026000                __rom_start_address = .
 FILL mask 0x00
                0x0000000000026000                . = (. + (0x0 - (. - __rom_start_address)))
                0x0000000000026000                . = ALIGN (0x4)
                0x0000000000026000                . = ALIGN (0x80)
                0x0000000000026000                . = ALIGN (0x100)
                0x0000000000026000                _vector_start = .
 *(SORT_BY_ALIGNMENT(.exc_vector_table))
 *(SORT_BY_ALIGNMENT(.exc_vector_table.*))
 .exc_vector_table._vector_table_section
                0x0000000000026000       0x40 zephyr/arch/arch/arm/core/cortex_m/libarch__arm__core__cortex_m.a(vector_table.S.obj)
                0x0000000000026000                _vector_table
 *(SORT_BY_ALIGNMENT(.vectors))
                0x0000000000026100                _vector_end = .
                0x0000000000026040                . = ALIGN (0x4)
 *(SORT_BY_ALIGNMENT(.gnu.linkonce.irq_vector_table*))
 .gnu.linkonce.irq_vector_table
                0x0000000000026040       0xc0 zephyr/CMakeFiles/zephyr_final.dir/isr_tables.c.obj
                0x0000000000026040                _irq_vector_table
                0x0000000000026100                _vector_end = .

text            0x0000000000026100    0x25f08
                0x0000000000026100                __text_region_start = .
 *(SORT_BY_ALIGNMENT(.text))
 .text          0x0000000000026100       0x30 /opt/zephyr-sdk-0.16.9/arm-zephyr-eabi/bin/../lib/gcc/arm-zephyr-eabi/12.2.0/thumb/v7e-m+fp/hard/libgcc.a(_aeabi_uldivmod.o)
                0x0000000000026100                __aeabi_uldivmod
 .text          0x0000000000026130        0x4 /opt/zephyr-sdk-0.16.9/arm-zephyr-eabi/bin/../lib/gcc/arm-zephyr-eabi/12.2.0/thumb/v7e-m+fp/hard/libgcc.a(_dvmd_tls.o)
                0x0000000000026130                __aeabi_ldiv0
                0x0000000000026130                __aeabi_idiv0
 .text          0x0000000000026134      0x2a0 /opt/zephyr-sdk-0.16.9/arm-zephyr-eabi/bin/../lib/gcc/arm-zephyr-eabi/12.2.0/thumb/v7e-m+fp/hard/libgcc.a(_udivmoddi4.o)
                0x0000000000026134                __udivmoddi4
 .text          0x00000000000263d4       0x14 /opt/zephyr-sdk-0.16.9/arm-zephyr-eabi/bin/../lib/gcc/../../picolibc/arm-zephyr-eabi/lib/thumb/v7e-m+fp/hard/libc.a(strcmp.S.o)
                0x00000000000263d4                strcmp
 .text          0x00000000000263e8       0x10 /opt/zephyr-sdk-0.16.9/arm-zephyr-eabi/bin/../lib/gcc/../../picolibc/arm-zephyr-eabi/lib/thumb/v7e-m+fp/hard/libc.a(strcpy.S.o)
                0x00000000000263e8                strcpy
 .text          0x00000000000263f8       0x10 /opt/zephyr-sdk-0.16.9/arm-zephyr-eabi/bin/../lib/gcc/../../picolibc/arm-zephyr-eabi/lib/thumb/v7e-m+fp/hard/libc.a(strlen.S.o)
                0x00000000000263f8                strlen
 *(SORT_BY_ALIGNMENT(.text.*))
 .text.bt_init  0x0000000000026408      0x408 zephyr/subsys/bluetooth/host/libsubsys__bluetooth__host.a(hci_core.c.obj)
 .text.ull_drift_ticks_get
                0x0000000000026810       0x94 zephyr/subsys/bluetooth/controller/libsubsys__bluetooth__controller.a(ull.c.obj)
                0x0000000000026810                ull_drift_ticks_get
 *fill*         0x00000000000268a4        0x4 
 .text.hci_init
                0x00000000000268a8       0x50 zephyr/subsys/bluetooth/controller/libsubsys__bluetooth__controller.a(hci.c.obj)
                0x00000000000268a8                hci_init
 .text.ll_adv_enable
                0x00000000000268f8      0x368 zephyr/subsys/bluetooth/controller/libsubsys__bluetooth__controller.a(ull_adv.c.obj)
                0x00000000000268f8                ll_adv_enable
 .text.ull_adv_time_update
                0x0000000000026c60       0xbc zephyr/subsys/bluetooth/controller/libsubsys__bluetooth__controller.a(ull_adv.c.obj)
                0x0000000000026c60                ull_adv_time_update
 *fill*         0x0000000000026d1c        0x4 
 .text.ull_conn_update_ticker.constprop.0
                0x0000000000026d20      0x12c zephyr/subsys/bluetooth/controller/libsubsys__bluetooth__controller.a(ull_conn.c.obj)
 *fill*         0x0000000000026e4c        0x4 
 .text.ull_conn_done
                0x0000000000026e50      0x3a0 zephyr/subsys/bluetooth/controller/libsubsys__bluetooth__controller.a(ull_conn.c.obj)
                0x0000000000026e50                ull_conn_done
 .text.ull_conn_update_parameters
                0x00000000000271f0      0x214 zephyr/subsys/bluetooth/controller/libsubsys__bluetooth__controller.a(ull_conn.c.obj)
                0x00000000000271f0                ull_conn_update_parameters
 *fill*         0x0000000000027404        0x4 
 .text.ull_periph_setup
                0x0000000000027408      0x450 zephyr/subsys/bluetooth/controller/libsubsys__bluetooth__controller.a(ull_peripheral.c.obj)
                0x0000000000027408                ull_periph_setup
 .text.ull_filter_reset
                0x0000000000027858       0xf4 zephyr/subsys/bluetooth/controller/libsubsys__bluetooth__controller.a(ull_filter.c.obj)
                0x0000000000027858                ull_filter_reset
 *fill*         0x000000000002794c        0x4 
 .text.nrf_flash_sync_exe
                0x0000000000027950       0xf8 zephyr/subsys/bluetooth/controller/libsubsys__bluetooth__controller.a(soc_flash_nrf_ticker.c.obj)
                0x0000000000027950                nrf_flash_sync_exe
 .text.nrf_flash_sync_check_time_limit
                0x0000000000027a48       0x48 zephyr/subsys/bluetooth/controller/libsubsys__bluetooth__controller.a(soc_flash_nrf_ticker.c.obj)
                0x0000000000027a48                nrf_flash_sync_check_time_limit
 .text.prepare_cb
                0x0000000000027a90      0x16c zephyr/subsys/bluetooth/controller/libsubsys__bluetooth__controller.a(lll_adv.c.obj)
 *fill*         0x0000000000027bfc        0x4 
 .text.prepare_cb
                0x0000000000027c00      0x230 zephyr/subsys/bluetooth/controller/libsubsys__bluetooth__controller.a(lll_peripheral.c.obj)
 .text.work_queue_main
                0x0000000000027e30      0x140 zephyr/kernel/libkernel.a(work.c.obj)
 .text.activity_expiry_function
                0x0000000000027f70        0xc app/libapp.a(activity.c.obj)
                0x0000000000027f70                activity_expiry_function
 .text.activity_init
                0x0000000000027f7c       0x3c app/libapp.a(activity.c.obj)
 .text.raise_event
                0x0000000000027fb8        0xc app/libapp.a(activity.c.obj)
                0x0000000000027fb8                raise_event
 .text.set_state
                0x0000000000027fc4       0x18 app/libapp.a(activity.c.obj)
                0x0000000000027fc4                set_state
 .text.activity_work_handler
                0x0000000000027fdc       0x38 app/libapp.a(activity.c.obj)
                0x0000000000027fdc                activity_work_handler
 .text.activity_event_listener
                0x0000000000028014       0x2c app/libapp.a(activity.c.obj)
 .text.zmk_activity_get_state
                0x0000000000028040        0xc app/libapp.a(activity.c.obj)
                0x0000000000028040                zmk_activity_get_state
 .text.z_impl_behavior_get_binding
                0x000000000002804c       0x58 app/libapp.a(behavior.c.obj)
                0x000000000002804c                z_impl_behavior_get_binding
 .text.zmk_physical_layouts_kscan_process_msgq
                0x00000000000280a4       0x70 app/libapp.a(physical_layouts.c.obj)
 .text.zmk_physical_layout_kscan_callback
                0x0000000000028114       0x38 app/libapp.a(physical_layouts.c.obj)
 .text.raise_zmk_physical_layout_selection_changed
                0x000000000002814c       0x20 app/libapp.a(physical_layouts.c.obj)
                0x000000000002814c                raise_zmk_physical_layout_selection_changed
 .text.zmk_physical_layouts_get_selected
                0x000000000002816c       0x1c app/libapp.a(physical_layouts.c.obj)
                0x000000000002816c                zmk_physical_layouts_get_selected
 .text.zmk_physical_layouts_select_layout
                0x0000000000028188       0x68 app/libapp.a(physical_layouts.c.obj)
                0x0000000000028188                zmk_physical_layouts_select_layout
 .text.zmk_physical_layouts_select
                0x00000000000281f0       0x24 app/libapp.a(physical_layouts.c.obj)
                0x00000000000281f0                zmk_physical_layouts_select
 .text.physical_layouts_handle_set
                0x0000000000028214       0x44 app/libapp.a(physical_layouts.c.obj)
 .text.zmk_physical_layouts_select_initial
                0x0000000000028258        0xc app/libapp.a(physical_layouts.c.obj)
                0x0000000000028258                zmk_physical_layouts_select_initial
 .text.zmk_physical_layouts_init
                0x0000000000028264       0x2c app/libapp.a(physical_layouts.c.obj)
 .text.zmk_event_manager_handle_from
                0x0000000000028290       0x48 app/libapp.a(event_manager.c.obj)
                0x0000000000028290                zmk_event_manager_handle_from
 .text.ext_power_save_state_work
                0x00000000000282d8       0x2c app/libapp.a(ext_power_generic.c.obj)
 .text.ext_power_generic_init
                0x0000000000028304       0xa4 app/libapp.a(ext_power_generic.c.obj)
 .text.ext_power_settings_commit
                0x00000000000283a8       0x2c app/libapp.a(ext_power_generic.c.obj)
 .text.ext_power_save_state
                0x00000000000283d4       0x18 app/libapp.a(ext_power_generic.c.obj)
                0x00000000000283d4                ext_power_save_state
 .text.ext_power_settings_set
                0x00000000000283ec       0x58 app/libapp.a(ext_power_generic.c.obj)
 .text.raise_zmk_activity_state_changed
                0x0000000000028444       0x20 app/libapp.a(activity_state_changed.c.obj)
                0x0000000000028444                raise_zmk_activity_state_changed
 .text.as_zmk_activity_state_changed
                0x0000000000028464       0x14 app/libapp.a(activity_state_changed.c.obj)
                0x0000000000028464                as_zmk_activity_state_changed
 .text.raise_zmk_position_state_changed
                0x0000000000028478       0x38 app/libapp.a(position_state_changed.c.obj)
                0x0000000000028478                raise_zmk_position_state_changed
 .text.as_zmk_position_state_changed
                0x00000000000284b0       0x14 app/libapp.a(position_state_changed.c.obj)
                0x00000000000284b0                as_zmk_position_state_changed
 .text.raise_zmk_usb_conn_state_changed
                0x00000000000284c4       0x20 app/libapp.a(usb_conn_state_changed.c.obj)
                0x00000000000284c4                raise_zmk_usb_conn_state_changed
 .text.on_keymap_binding_pressed
                0x00000000000284e4       0x58 app/libapp.a(behavior_ext_power.c.obj)
 .text.on_keymap_binding_convert_central_state_dependent_params
                0x000000000002853c       0x40 app/libapp.a(behavior_ext_power.c.obj)
 .text.raise_zmk_battery_state_changed
                0x000000000002857c       0x20 app/libapp.a(battery_state_changed.c.obj)
                0x000000000002857c                raise_zmk_battery_state_changed
 .text.as_zmk_battery_state_changed
                0x000000000002859c       0x14 app/libapp.a(battery_state_changed.c.obj)
                0x000000000002859c                as_zmk_battery_state_changed
 .text.zmk_battery_timer
                0x00000000000285b0       0x14 app/libapp.a(battery.c.obj)
 .text.zmk_battery_start_reporting
                0x00000000000285c4       0x2c app/libapp.a(battery.c.obj)
 .text.battery_event_listener
                0x00000000000285f0       0x30 app/libapp.a(battery.c.obj)
 .text.zmk_battery_work
                0x0000000000028620       0x4c app/libapp.a(battery.c.obj)
 .text.zmk_battery_init
                0x000000000002866c       0x1c app/libapp.a(battery.c.obj)
 .text.raise_zmk_split_peripheral_status_changed
                0x0000000000028688       0x20 app/libapp.a(split_peripheral_status_changed.c.obj)
                0x0000000000028688                raise_zmk_split_peripheral_status_changed
 .text.split_svc_select_phys_layout
                0x00000000000286a8       0x2c app/libapp.a(service.c.obj)
 .text.split_svc_select_phys_layout_callback
                0x00000000000286d4        0xc app/libapp.a(service.c.obj)
 .text.split_svc_pos_state
                0x00000000000286e0       0x1c app/libapp.a(service.c.obj)
 .text.service_init
                0x00000000000286fc       0x28 app/libapp.a(service.c.obj)
 .text.send_position_state_callback
                0x0000000000028724       0x48 app/libapp.a(service.c.obj)
                0x0000000000028724                send_position_state_callback
 .text.send_position_state
                0x000000000002876c       0x4c app/libapp.a(service.c.obj)
                0x000000000002876c                send_position_state
 .text.zmk_split_transport_peripheral_bt_report_event
                0x00000000000287b8       0x3c app/libapp.a(service.c.obj)
                0x00000000000287b8                zmk_split_transport_peripheral_bt_report_event
 .text.auth_pairing_complete
                0x00000000000287f4        0xc app/libapp.a(peripheral.c.obj)
 .text.split_peripheral_bt_set_status_callback
                0x0000000000028800        0xc app/libapp.a(peripheral.c.obj)
 .text.split_peripheral_bt_get_status
                0x000000000002880c       0x30 app/libapp.a(peripheral.c.obj)
 .text.notify_status_work_cb
                0x000000000002883c       0x3c app/libapp.a(peripheral.c.obj)
 .text.zmk_peripheral_ble_init
                0x0000000000028878       0x1c app/libapp.a(peripheral.c.obj)
 .text.zmk_peripheral_ble_complete_startup
                0x0000000000028894       0x38 app/libapp.a(peripheral.c.obj)
 .text.split_peripheral_bt_set_enabled
                0x00000000000288cc       0x40 app/libapp.a(peripheral.c.obj)
 .text.connected
                0x000000000002890c       0x40 app/libapp.a(peripheral.c.obj)
 .text.bt_addr_le_to_str.constprop.0.isra.0
                0x000000000002894c       0x78 app/libapp.a(peripheral.c.obj)
 .text.disconnected
                0x00000000000289c4       0x40 app/libapp.a(peripheral.c.obj)
 .text.advertising_cb
                0x0000000000028a04       0x9c app/libapp.a(peripheral.c.obj)
 .text.each_bond
                0x0000000000028aa0       0x24 app/libapp.a(peripheral.c.obj)
 .text.zmk_split_transport_peripheral_bt
                0x0000000000028ac4        0x8 app/libapp.a(peripheral.c.obj)
                0x0000000000028ac4                zmk_split_transport_peripheral_bt
 .text.select_first_available_transport
                0x0000000000028acc       0x74 app/libapp.a(peripheral.c.obj)
 .text.transport_status_changed_cb
                0x0000000000028b40       0x2c app/libapp.a(peripheral.c.obj)
 .text.peripheral_init
                0x0000000000028b6c       0x34 app/libapp.a(peripheral.c.obj)
 .text.zmk_split_peripheral_report_event
                0x0000000000028ba0       0x1c app/libapp.a(peripheral.c.obj)
                0x0000000000028ba0                zmk_split_peripheral_report_event
 .text.zmk_usb_init
                0x0000000000028bbc       0x18 app/libapp.a(usb.c.obj)
 .text.zmk_usb_get_conn_state
                0x0000000000028bd4       0x28 app/libapp.a(usb.c.obj)
                0x0000000000028bd4                zmk_usb_get_conn_state
 .text.usb_status_cb
                0x0000000000028bfc       0x40 app/libapp.a(usb.c.obj)
                0x0000000000028bfc                usb_status_cb
 .text.workqueue_init
                0x0000000000028c3c       0x28 app/libapp.a(workqueue.c.obj)
 .text.zmk_workqueue_lowprio_work_q
                0x0000000000028c64        0x8 app/libapp.a(workqueue.c.obj)
                0x0000000000028c64                zmk_workqueue_lowprio_work_q
 .text.crc8_ccitt
                0x0000000000028c6c       0x2c zephyr/libzephyr.a(crc8_sw.c.obj)
                0x0000000000028c6c                crc8_ccitt
 .text.char_out
                0x0000000000028c98        0xc zephyr/libzephyr.a(printk.c.obj)
 .text.vprintk  0x0000000000028ca4       0x30 zephyr/libzephyr.a(printk.c.obj)
                0x0000000000028ca4                vprintk
 .text.z_thread_entry
                0x0000000000028cd4       0x34 zephyr/libzephyr.a(thread_entry.c.obj)
                0x0000000000028cd4                z_thread_entry
 .text.process_event
                0x0000000000028d08      0x21c zephyr/libzephyr.a(onoff.c.obj)
 .text.sys_reboot
                0x0000000000028f24       0x30 zephyr/libzephyr.a(reboot.c.obj)
                0x0000000000028f24                sys_reboot
 .text.z_arm_platform_init
                0x0000000000028f54        0x4 zephyr/libzephyr.a(soc_nrf_common.S.obj)
                0x0000000000028f54                z_arm_platform_init
 .text.nvs_recover_last_ate
                0x0000000000028f58       0x64 zephyr/libzephyr.a(nvs.c.obj)
 .text.nvs_mount
                0x0000000000028fbc      0x2c0 zephyr/libzephyr.a(nvs.c.obj)
                0x0000000000028fbc                nvs_mount
 .text.nvs_write
                0x000000000002927c      0x1a4 zephyr/libzephyr.a(nvs.c.obj)
                0x000000000002927c                nvs_write
 .text.mem_attr_get_regions
                0x0000000000029420        0xc zephyr/libzephyr.a(mem_attr.c.obj)
                0x0000000000029420                mem_attr_get_regions
 .text.flash_area_open
                0x000000000002942c       0x50 zephyr/libzephyr.a(flash_map.c.obj)
                0x000000000002942c                flash_area_open
 .text.flash_area_get_sectors
                0x000000000002947c       0x60 zephyr/libzephyr.a(flash_map_layout.c.obj)
                0x000000000002947c                flash_area_get_sectors
 .text.class_handler
                0x00000000000294dc       0x40 zephyr/libzephyr.a(usb_device.c.obj)
 .text.custom_handler
                0x000000000002951c       0x60 zephyr/libzephyr.a(usb_device.c.obj)
 .text.vendor_handler
                0x000000000002957c       0x3c zephyr/libzephyr.a(usb_device.c.obj)
 .text.disable_endpoint
                0x00000000000295b8       0x2c zephyr/libzephyr.a(usb_device.c.obj)
 .text.usb_reset_alt_setting
                0x00000000000295e4       0x10 zephyr/libzephyr.a(usb_device.c.obj)
 .text.is_ep_valid.part.0
                0x00000000000295f4       0x38 zephyr/libzephyr.a(usb_device.c.obj)
 .text.usb_handle_request.constprop.0
                0x000000000002962c       0x2c zephyr/libzephyr.a(usb_device.c.obj)
 .text.forward_status_cb
                0x0000000000029658       0xac zephyr/libzephyr.a(usb_device.c.obj)
 .text.usb_halt_endpoint_req.isra.0
                0x0000000000029704       0x50 zephyr/libzephyr.a(usb_device.c.obj)
 .text.set_endpoint
                0x0000000000029754       0x84 zephyr/libzephyr.a(usb_device.c.obj)
 .text.usb_handle_standard_request
                0x00000000000297d8      0x2ec zephyr/libzephyr.a(usb_device.c.obj)
 .text.usb_data_to_host
                0x0000000000029ac4       0x60 zephyr/libzephyr.a(usb_device.c.obj)
 .text.usb_handle_control_transfer
                0x0000000000029b24       0xdc zephyr/libzephyr.a(usb_device.c.obj)
 .text.usb_set_config
                0x0000000000029c00       0x2c zephyr/libzephyr.a(usb_device.c.obj)
                0x0000000000029c00                usb_set_config
 .text.usb_device_init
                0x0000000000029c2c       0x28 zephyr/libzephyr.a(usb_device.c.obj)
 .text.usb_enable
                0x0000000000029c54      0x124 zephyr/libzephyr.a(usb_device.c.obj)
                0x0000000000029c54                usb_enable
 .text.usb_update_sn_string_descriptor
                0x0000000000029d78       0x88 zephyr/libzephyr.a(usb_descriptor.c.obj)
                0x0000000000029d78                usb_update_sn_string_descriptor
 .text.usb_get_device_descriptor
                0x0000000000029e00      0x1d8 zephyr/libzephyr.a(usb_descriptor.c.obj)
                0x0000000000029e00                usb_get_device_descriptor
 .text.usb_ep_get_transfer
                0x0000000000029fd8       0x2c zephyr/libzephyr.a(usb_transfer.c.obj)
 .text.usb_transfer_work
                0x000000000002a004      0x104 zephyr/libzephyr.a(usb_transfer.c.obj)
 .text.usb_cancel_transfer
                0x000000000002a108       0x3c zephyr/libzephyr.a(usb_transfer.c.obj)
                0x000000000002a108                usb_cancel_transfer
 .text.usb_cancel_transfers
                0x000000000002a144       0x48 zephyr/libzephyr.a(usb_transfer.c.obj)
                0x000000000002a144                usb_cancel_transfers
 .text.usb_transfer_init
                0x000000000002a18c       0x34 zephyr/libzephyr.a(usb_transfer.c.obj)
                0x000000000002a18c                usb_transfer_init
 .text.read_pnp_id
                0x000000000002a1c0       0x1c zephyr/libzephyr.a(dis.c.obj)
 .text.read_blvl
                0x000000000002a1dc       0x28 zephyr/libzephyr.a(bas.c.obj)
 .text.bt_bas_get_battery_level
                0x000000000002a204        0xc zephyr/libzephyr.a(bas.c.obj)
                0x000000000002a204                bt_bas_get_battery_level
 .text.bt_bas_set_battery_level
                0x000000000002a210       0x50 zephyr/libzephyr.a(bas.c.obj)
                0x000000000002a210                bt_bas_set_battery_level
 .text.settings_save_one
                0x000000000002a260       0x4c zephyr/libzephyr.a(settings_store.c.obj)
                0x000000000002a260                settings_save_one
 .text.settings_src_register
                0x000000000002a2ac       0x1c zephyr/libzephyr.a(settings_store.c.obj)
                0x000000000002a2ac                settings_src_register
 .text.settings_dst_register
                0x000000000002a2c8        0xc zephyr/libzephyr.a(settings_store.c.obj)
                0x000000000002a2c8                settings_dst_register
 .text.settings_load_subtree
                0x000000000002a2d4       0x4c zephyr/libzephyr.a(settings_store.c.obj)
                0x000000000002a2d4                settings_load_subtree
 .text.settings_load_subtree_direct
                0x000000000002a320       0x40 zephyr/libzephyr.a(settings_store.c.obj)
                0x000000000002a320                settings_load_subtree_direct
 .text.settings_store_init
                0x000000000002a360       0x10 zephyr/libzephyr.a(settings_store.c.obj)
                0x000000000002a360                settings_store_init
 .text.settings_init
                0x000000000002a370       0x10 zephyr/libzephyr.a(settings.c.obj)
                0x000000000002a370                settings_init
 .text.settings_register
                0x000000000002a380       0x80 zephyr/libzephyr.a(settings.c.obj)
                0x000000000002a380                settings_register
 .text.settings_parse_and_lookup
                0x000000000002a400       0x98 zephyr/libzephyr.a(settings.c.obj)
                0x000000000002a400                settings_parse_and_lookup
 .text.settings_commit_subtree
                0x000000000002a498       0x70 zephyr/libzephyr.a(settings.c.obj)
                0x000000000002a498                settings_commit_subtree
 .text.settings_subsys_init
                0x000000000002a508       0x3c zephyr/libzephyr.a(settings_init.c.obj)
                0x000000000002a508                settings_subsys_init
 .text.settings_nvs_load
                0x000000000002a544       0xbc zephyr/libzephyr.a(settings_nvs.c.obj)
 .text.settings_backend_init
                0x000000000002a600       0x84 zephyr/libzephyr.a(settings_nvs.c.obj)
                0x000000000002a600                settings_backend_init
 .text.uECC_get_rng
                0x000000000002a684        0xc zephyr/libzephyr.a(ecc.c.obj)
                0x000000000002a684                uECC_get_rng
 .text.vli_mmod_fast_secp256r1
                0x000000000002a690      0x180 zephyr/libzephyr.a(ecc.c.obj)
                0x000000000002a690                vli_mmod_fast_secp256r1
 .text.sub_bytes
                0x000000000002a810       0x18 zephyr/libzephyr.a(aes_encrypt.c.obj)
 .text.tc_aes128_set_encrypt_key
                0x000000000002a828       0xa4 zephyr/libzephyr.a(aes_encrypt.c.obj)
                0x000000000002a828                tc_aes128_set_encrypt_key
 .text.z_SysNmiOnReset
                0x000000000002a8cc        0x8 zephyr/arch/arch/arm/core/libarch__arm__core.a(nmi_on_reset.S.obj)
                0x000000000002a8cc                z_SysNmiOnReset
 .text.arch_tls_stack_setup
                0x000000000002a8d4       0x5c zephyr/arch/arch/arm/core/libarch__arm__core.a(tls.c.obj)
                0x000000000002a8d4                arch_tls_stack_setup
 .text._HandlerModeExit
                0x000000000002a930       0x1c zephyr/arch/arch/arm/core/cortex_m/libarch__arm__core__cortex_m.a(exc_exit.S.obj)
                0x000000000002a930                z_arm_exc_exit
                0x000000000002a930                z_arm_int_exit
 .text.usage_fault.constprop.0
                0x000000000002a94c       0x54 zephyr/arch/arch/arm/core/cortex_m/libarch__arm__core__cortex_m.a(fault.c.obj)
 .text.bus_fault.constprop.0
                0x000000000002a9a0       0x6c zephyr/arch/arch/arm/core/cortex_m/libarch__arm__core__cortex_m.a(fault.c.obj)
 .text.mem_manage_fault.constprop.0
                0x000000000002aa0c       0x78 zephyr/arch/arch/arm/core/cortex_m/libarch__arm__core__cortex_m.a(fault.c.obj)
 .text.z_arm_fault
                0x000000000002aa84      0x118 zephyr/arch/arch/arm/core/cortex_m/libarch__arm__core__cortex_m.a(fault.c.obj)
                0x000000000002aa84                z_arm_fault
 .text.z_arm_fault_init
                0x000000000002ab9c       0x10 zephyr/arch/arch/arm/core/cortex_m/libarch__arm__core__cortex_m.a(fault.c.obj)
                0x000000000002ab9c                z_arm_fault_init
 .text.__fault  0x000000000002abac       0x14 zephyr/arch/arch/arm/core/cortex_m/libarch__arm__core__cortex_m.a(fault_s.S.obj)
                0x000000000002abac                z_arm_bus_fault
                0x000000000002abac                z_arm_usage_fault
                0x000000000002abac                z_arm_mpu_fault
                0x000000000002abac                z_arm_exc_spurious
                0x000000000002abac                z_arm_debug_monitor
                0x000000000002abac                z_arm_hard_fault
 .text.z_arm_interrupt_init
                0x000000000002abc0       0x18 zephyr/arch/arch/arm/core/cortex_m/libarch__arm__core__cortex_m.a(irq_init.c.obj)
                0x000000000002abc0                z_arm_interrupt_init
 .text._reset_section
                0x000000000002abd8       0x30 zephyr/arch/arch/arm/core/cortex_m/libarch__arm__core__cortex_m.a(reset.S.obj)
                0x000000000002abd8                z_arm_reset
                0x000000000002abd8                __start
 .text.z_impl_k_thread_abort
                0x000000000002ac08       0x2c zephyr/arch/arch/arm/core/cortex_m/libarch__arm__core__cortex_m.a(thread_abort.c.obj)
                0x000000000002ac08                z_impl_k_thread_abort
 .text.arch_swap
                0x000000000002ac34       0x34 zephyr/arch/arch/arm/core/cortex_m/libarch__arm__core__cortex_m.a(swap.c.obj)
                0x000000000002ac34                arch_swap
 .text.z_arm_pendsv
                0x000000000002ac68       0x94 zephyr/arch/arch/arm/core/cortex_m/libarch__arm__core__cortex_m.a(swap_helper.S.obj)
                0x000000000002ac68                z_arm_pendsv
 .text.z_arm_svc
                0x000000000002acfc       0x20 zephyr/arch/arch/arm/core/cortex_m/libarch__arm__core__cortex_m.a(swap_helper.S.obj)
                0x000000000002acfc                z_arm_svc
 .text.arch_irq_enable
                0x000000000002ad1c       0x1c zephyr/arch/arch/arm/core/cortex_m/libarch__arm__core__cortex_m.a(irq_manage.c.obj)
                0x000000000002ad1c                arch_irq_enable
 .text.arch_irq_disable
                0x000000000002ad38       0x28 zephyr/arch/arch/arm/core/cortex_m/libarch__arm__core__cortex_m.a(irq_manage.c.obj)
                0x000000000002ad38                arch_irq_disable
 .text.arch_irq_is_enabled
                0x000000000002ad60       0x1c zephyr/arch/arch/arm/core/cortex_m/libarch__arm__core__cortex_m.a(irq_manage.c.obj)
                0x000000000002ad60                arch_irq_is_enabled
 .text.z_arm_irq_priority_set
                0x000000000002ad7c       0x30 zephyr/arch/arch/arm/core/cortex_m/libarch__arm__core__cortex_m.a(irq_manage.c.obj)
                0x000000000002ad7c                z_arm_irq_priority_set
 .text.z_arm_prep_c
                0x000000000002adac       0x5c zephyr/arch/arch/arm/core/cortex_m/libarch__arm__core__cortex_m.a(prep_c.c.obj)
                0x000000000002adac                z_arm_prep_c
 .text.arch_new_thread
                0x000000000002ae08       0x40 zephyr/arch/arch/arm/core/cortex_m/libarch__arm__core__cortex_m.a(thread.c.obj)
                0x000000000002ae08                arch_new_thread
 .text.arch_float_disable
                0x000000000002ae48       0x4c zephyr/arch/arch/arm/core/cortex_m/libarch__arm__core__cortex_m.a(thread.c.obj)
                0x000000000002ae48                arch_float_disable
 .text.arch_switch_to_main_thread
                0x000000000002ae94       0x48 zephyr/arch/arch/arm/core/cortex_m/libarch__arm__core__cortex_m.a(thread.c.obj)
                0x000000000002ae94                arch_switch_to_main_thread
 .text.z_arm_cpu_idle_init
                0x000000000002aedc        0xc zephyr/arch/arch/arm/core/cortex_m/libarch__arm__core__cortex_m.a(cpu_idle.S.obj)
                0x000000000002aedc                z_arm_cpu_idle_init
 .text.arch_cpu_idle
                0x000000000002aee8       0x1c zephyr/arch/arch/arm/core/cortex_m/libarch__arm__core__cortex_m.a(cpu_idle.S.obj)
                0x000000000002aee8                arch_cpu_idle
 .text.arch_cpu_atomic_idle
                0x000000000002af04       0x18 zephyr/arch/arch/arm/core/cortex_m/libarch__arm__core__cortex_m.a(cpu_idle.S.obj)
                0x000000000002af04                arch_cpu_atomic_idle
 .text._isr_wrapper
                0x000000000002af1c       0x28 zephyr/arch/arch/arm/core/cortex_m/libarch__arm__core__cortex_m.a(isr_wrapper.S.obj)
                0x000000000002af1c                _isr_wrapper
 .text.z_arm_configure_static_mpu_regions
                0x000000000002af44       0x18 zephyr/arch/arch/arm/core/mpu/libarch__arm__core__mpu.a(arm_core_mpu.c.obj)
                0x000000000002af44                z_arm_configure_static_mpu_regions
 .text.region_init
                0x000000000002af5c       0x28 zephyr/arch/arch/arm/core/mpu/libarch__arm__core__mpu.a(arm_mpu.c.obj)
 .text.arm_core_mpu_enable
                0x000000000002af84       0x18 zephyr/arch/arch/arm/core/mpu/libarch__arm__core__mpu.a(arm_mpu.c.obj)
                0x000000000002af84                arm_core_mpu_enable
 .text.arm_core_mpu_disable
                0x000000000002af9c       0x14 zephyr/arch/arch/arm/core/mpu/libarch__arm__core__mpu.a(arm_mpu.c.obj)
                0x000000000002af9c                arm_core_mpu_disable
 .text.arm_core_mpu_configure_static_mpu_regions
                0x000000000002afb0       0x14 zephyr/arch/arch/arm/core/mpu/libarch__arm__core__mpu.a(arm_mpu.c.obj)
                0x000000000002afb0                arm_core_mpu_configure_static_mpu_regions
 .text.z_arm_mpu_init
                0x000000000002afc4      0x124 zephyr/arch/arch/arm/core/mpu/libarch__arm__core__mpu.a(arm_mpu.c.obj)
                0x000000000002afc4                z_arm_mpu_init
 .text.__chk_fail
                0x000000000002b0e8       0x18 zephyr/lib/libc/picolibc/liblib__libc__picolibc.a(libc-hooks.c.obj)
                0x000000000002b0e8                __chk_fail
 .text.malloc_prepare
                0x000000000002b100       0x24 zephyr/lib/libc/common/liblib__libc__common.a(malloc.c.obj)
 .text.nordicsemi_nrf52_init
                0x000000000002b124       0x18 zephyr/soc/soc/arm/nordic_nrf/nrf52/libsoc__arm__nordic_nrf__nrf52.a(soc.c.obj)
 .text.sys_arch_reboot
                0x000000000002b13c       0x2c zephyr/soc/soc/arm/nordic_nrf/nrf52/libsoc__arm__nordic_nrf__nrf52.a(soc.c.obj)
                0x000000000002b13c                sys_arch_reboot
 .text.arch_busy_wait
                0x000000000002b168       0x14 zephyr/soc/soc/arm/nordic_nrf/nrf52/libsoc__arm__nordic_nrf__nrf52.a(soc.c.obj)
                0x000000000002b168                arch_busy_wait
 .text.xoshiro128_initialize
                0x000000000002b17c       0x18 zephyr/subsys/random/libsubsys__random.a(rand32_xoshiro128.c.obj)
 .text.ecc_process
                0x000000000002b194      0x17c zephyr/subsys/bluetooth/host/libsubsys__bluetooth__host.a(hci_ecc.c.obj)
 .text.le_gen_dhkey
                0x000000000002b310       0x98 zephyr/subsys/bluetooth/host/libsubsys__bluetooth__host.a(hci_ecc.c.obj)
 .text.bt_hci_ecc_send
                0x000000000002b3a8       0xdc zephyr/subsys/bluetooth/host/libsubsys__bluetooth__host.a(hci_ecc.c.obj)
                0x000000000002b3a8                bt_hci_ecc_send
 .text.set_setting
                0x000000000002b484       0xa8 zephyr/subsys/bluetooth/host/libsubsys__bluetooth__host.a(settings.c.obj)
 .text.bt_settings_encode_key
                0x000000000002b52c       0x60 zephyr/subsys/bluetooth/host/libsubsys__bluetooth__host.a(settings.c.obj)
                0x000000000002b52c                bt_settings_encode_key
 .text.bt_settings_store
                0x000000000002b58c       0x50 zephyr/subsys/bluetooth/host/libsubsys__bluetooth__host.a(settings.c.obj)
                0x000000000002b58c                bt_settings_store
 .text.do_store_id
                0x000000000002b5dc       0x24 zephyr/subsys/bluetooth/host/libsubsys__bluetooth__host.a(settings.c.obj)
 .text.bt_settings_delete
                0x000000000002b600       0x4c zephyr/subsys/bluetooth/host/libsubsys__bluetooth__host.a(settings.c.obj)
                0x000000000002b600                bt_settings_delete
 .text.bt_settings_store_sc
                0x000000000002b64c       0x1c zephyr/subsys/bluetooth/host/libsubsys__bluetooth__host.a(settings.c.obj)
                0x000000000002b64c                bt_settings_store_sc
 .text.bt_settings_delete_sc
                0x000000000002b668       0x10 zephyr/subsys/bluetooth/host/libsubsys__bluetooth__host.a(settings.c.obj)
                0x000000000002b668                bt_settings_delete_sc
 .text.bt_settings_store_cf
                0x000000000002b678       0x1c zephyr/subsys/bluetooth/host/libsubsys__bluetooth__host.a(settings.c.obj)
                0x000000000002b678                bt_settings_store_cf
 .text.bt_settings_store_ccc
                0x000000000002b694       0x1c zephyr/subsys/bluetooth/host/libsubsys__bluetooth__host.a(settings.c.obj)
                0x000000000002b694                bt_settings_store_ccc
 .text.bt_settings_store_hash
                0x000000000002b6b0       0x1c zephyr/subsys/bluetooth/host/libsubsys__bluetooth__host.a(settings.c.obj)
                0x000000000002b6b0                bt_settings_store_hash
 .text.bt_settings_store_name
                0x000000000002b6cc       0x1c zephyr/subsys/bluetooth/host/libsubsys__bluetooth__host.a(settings.c.obj)
                0x000000000002b6cc                bt_settings_store_name
 .text.bt_settings_store_id
                0x000000000002b6e8       0x10 zephyr/subsys/bluetooth/host/libsubsys__bluetooth__host.a(settings.c.obj)
                0x000000000002b6e8                bt_settings_store_id
 .text.commit_settings
                0x000000000002b6f8       0x80 zephyr/subsys/bluetooth/host/libsubsys__bluetooth__host.a(settings.c.obj)
 .text.bt_settings_store_keys
                0x000000000002b778       0x1c zephyr/subsys/bluetooth/host/libsubsys__bluetooth__host.a(settings.c.obj)
                0x000000000002b778                bt_settings_store_keys
 .text.bt_settings_delete_keys
                0x000000000002b794       0x10 zephyr/subsys/bluetooth/host/libsubsys__bluetooth__host.a(settings.c.obj)
                0x000000000002b794                bt_settings_delete_keys
 .text.long_wq_init
                0x000000000002b7a4       0x38 zephyr/subsys/bluetooth/host/libsubsys__bluetooth__host.a(long_wq.c.obj)
 .text.bt_long_wq_schedule
                0x000000000002b7dc        0xc zephyr/subsys/bluetooth/host/libsubsys__bluetooth__host.a(long_wq.c.obj)
                0x000000000002b7dc                bt_long_wq_schedule
 .text.bt_long_wq_submit
                0x000000000002b7e8        0xc zephyr/subsys/bluetooth/host/libsubsys__bluetooth__host.a(long_wq.c.obj)
                0x000000000002b7e8                bt_long_wq_submit
 .text.uuid_to_uuid128
                0x000000000002b7f4       0x78 zephyr/subsys/bluetooth/host/libsubsys__bluetooth__host.a(uuid.c.obj)
 .text.bt_buf_get_rx
                0x000000000002b86c       0x20 zephyr/subsys/bluetooth/host/libsubsys__bluetooth__host.a(buf.c.obj)
                0x000000000002b86c                bt_buf_get_rx
 .text.bt_buf_get_cmd_complete
                0x000000000002b88c       0x40 zephyr/subsys/bluetooth/host/libsubsys__bluetooth__host.a(buf.c.obj)
                0x000000000002b88c                bt_buf_get_cmd_complete
 .text.bt_buf_get_evt
                0x000000000002b8cc       0x58 zephyr/subsys/bluetooth/host/libsubsys__bluetooth__host.a(buf.c.obj)
                0x000000000002b8cc                bt_buf_get_evt
 .text.hci_disconn_complete_prio
                0x000000000002b924       0x40 zephyr/subsys/bluetooth/host/libsubsys__bluetooth__host.a(hci_core.c.obj)
 .text.find_pending_connect.part.0
                0x000000000002b964       0x2c zephyr/subsys/bluetooth/host/libsubsys__bluetooth__host.a(hci_core.c.obj)
 .text.hci_le_meta_event
                0x000000000002b990       0x20 zephyr/subsys/bluetooth/host/libsubsys__bluetooth__host.a(hci_core.c.obj)
 .text.hci_cmd_done
                0x000000000002b9b0       0xbc zephyr/subsys/bluetooth/host/libsubsys__bluetooth__host.a(hci_core.c.obj)
 .text.hci_cmd_status
                0x000000000002ba6c       0x2c zephyr/subsys/bluetooth/host/libsubsys__bluetooth__host.a(hci_core.c.obj)
 .text.hci_cmd_complete
                0x000000000002ba98       0x30 zephyr/subsys/bluetooth/host/libsubsys__bluetooth__host.a(hci_core.c.obj)
 .text.hci_tx_thread
                0x000000000002bac8      0x11c zephyr/subsys/bluetooth/host/libsubsys__bluetooth__host.a(hci_core.c.obj)
 .text.bt_hci_cmd_state_set_init
                0x000000000002bbe4       0x24 zephyr/subsys/bluetooth/host/libsubsys__bluetooth__host.a(hci_core.c.obj)
                0x000000000002bbe4                bt_hci_cmd_state_set_init
 .text.bt_hci_cmd_create
                0x000000000002bc08       0x74 zephyr/subsys/bluetooth/host/libsubsys__bluetooth__host.a(hci_core.c.obj)
                0x000000000002bc08                bt_hci_cmd_create
 .text.bt_hci_cmd_send
                0x000000000002bc7c       0x44 zephyr/subsys/bluetooth/host/libsubsys__bluetooth__host.a(hci_core.c.obj)
                0x000000000002bc7c                bt_hci_cmd_send
 .text.bt_hci_cmd_send_sync
                0x000000000002bcc0       0xd8 zephyr/subsys/bluetooth/host/libsubsys__bluetooth__host.a(hci_core.c.obj)
                0x000000000002bcc0                bt_hci_cmd_send_sync
 .text.bt_hci_le_rand
                0x000000000002bd98       0x58 zephyr/subsys/bluetooth/host/libsubsys__bluetooth__host.a(hci_core.c.obj)
                0x000000000002bd98                bt_hci_le_rand
 .text.bt_get_phy
                0x000000000002bdf0       0x14 zephyr/subsys/bluetooth/host/libsubsys__bluetooth__host.a(hci_core.c.obj)
                0x000000000002bdf0                bt_get_phy
 .text.bt_hci_le_enh_conn_complete
                0x000000000002be04      0x1fc zephyr/subsys/bluetooth/host/libsubsys__bluetooth__host.a(hci_core.c.obj)
                0x000000000002be04                bt_hci_le_enh_conn_complete
 .text.le_legacy_conn_complete
                0x000000000002c000       0x64 zephyr/subsys/bluetooth/host/libsubsys__bluetooth__host.a(hci_core.c.obj)
 .text.bt_security_err_get
                0x000000000002c064       0x10 zephyr/subsys/bluetooth/host/libsubsys__bluetooth__host.a(hci_core.c.obj)
                0x000000000002c064                bt_security_err_get
 .text.hci_event_prio
                0x000000000002c074       0x88 zephyr/subsys/bluetooth/host/libsubsys__bluetooth__host.a(hci_core.c.obj)
                0x000000000002c074                hci_event_prio
 .text.bt_recv  0x000000000002c0fc       0xc8 zephyr/subsys/bluetooth/host/libsubsys__bluetooth__host.a(hci_core.c.obj)
                0x000000000002c0fc                bt_recv
 .text.bt_recv_prio
                0x000000000002c1c4       0x3c zephyr/subsys/bluetooth/host/libsubsys__bluetooth__host.a(hci_core.c.obj)
                0x000000000002c1c4                bt_recv_prio
 .text.bt_hci_driver_register
                0x000000000002c200       0x28 zephyr/subsys/bluetooth/host/libsubsys__bluetooth__host.a(hci_core.c.obj)
                0x000000000002c200                bt_hci_driver_register
 .text.bt_finalize_init
                0x000000000002c228        0xc zephyr/subsys/bluetooth/host/libsubsys__bluetooth__host.a(hci_core.c.obj)
                0x000000000002c228                bt_finalize_init
 .text.init_work
                0x000000000002c234       0x18 zephyr/subsys/bluetooth/host/libsubsys__bluetooth__host.a(hci_core.c.obj)
 .text.bt_enable
                0x000000000002c24c       0xbc zephyr/subsys/bluetooth/host/libsubsys__bluetooth__host.a(hci_core.c.obj)
                0x000000000002c24c                bt_enable
 .text.bt_is_ready
                0x000000000002c308       0x18 zephyr/subsys/bluetooth/host/libsubsys__bluetooth__host.a(hci_core.c.obj)
                0x000000000002c308                bt_is_ready
 .text.bt_set_name
                0x000000000002c320       0x48 zephyr/subsys/bluetooth/host/libsubsys__bluetooth__host.a(hci_core.c.obj)
                0x000000000002c320                bt_set_name
 .text.bt_get_name
                0x000000000002c368        0x8 zephyr/subsys/bluetooth/host/libsubsys__bluetooth__host.a(hci_core.c.obj)
                0x000000000002c368                bt_get_name
 .text.id_find  0x000000000002c370       0x30 zephyr/subsys/bluetooth/host/libsubsys__bluetooth__host.a(id.c.obj)
 .text.id_create.constprop.0
                0x000000000002c3a0       0x70 zephyr/subsys/bluetooth/host/libsubsys__bluetooth__host.a(id.c.obj)
 .text.set_random_address
                0x000000000002c410       0x50 zephyr/subsys/bluetooth/host/libsubsys__bluetooth__host.a(id.c.obj)
 .text.bt_id_pending_keys_update
                0x000000000002c460       0x34 zephyr/subsys/bluetooth/host/libsubsys__bluetooth__host.a(id.c.obj)
                0x000000000002c460                bt_id_pending_keys_update
 .text.bt_id_find_conflict
                0x000000000002c494       0x20 zephyr/subsys/bluetooth/host/libsubsys__bluetooth__host.a(id.c.obj)
                0x000000000002c494                bt_id_find_conflict
 .text.bt_id_add
                0x000000000002c4b4      0x12c zephyr/subsys/bluetooth/host/libsubsys__bluetooth__host.a(id.c.obj)
                0x000000000002c4b4                bt_id_add
 .text.bt_id_del
                0x000000000002c5e0      0x10c zephyr/subsys/bluetooth/host/libsubsys__bluetooth__host.a(id.c.obj)
                0x000000000002c5e0                bt_id_del
 .text.bt_id_create
                0x000000000002c6ec       0x88 zephyr/subsys/bluetooth/host/libsubsys__bluetooth__host.a(id.c.obj)
                0x000000000002c6ec                bt_id_create
 .text.bt_id_read_public_addr
                0x000000000002c774       0x5c zephyr/subsys/bluetooth/host/libsubsys__bluetooth__host.a(id.c.obj)
                0x000000000002c774                bt_id_read_public_addr
 .text.bt_setup_public_id_addr
                0x000000000002c7d0       0x20 zephyr/subsys/bluetooth/host/libsubsys__bluetooth__host.a(id.c.obj)
                0x000000000002c7d0                bt_setup_public_id_addr
 .text.bt_read_static_addr
                0x000000000002c7f0       0x68 zephyr/subsys/bluetooth/host/libsubsys__bluetooth__host.a(id.c.obj)
                0x000000000002c7f0                bt_read_static_addr
 .text.bt_setup_random_id_addr
                0x000000000002c858       0x5c zephyr/subsys/bluetooth/host/libsubsys__bluetooth__host.a(id.c.obj)
                0x000000000002c858                bt_setup_random_id_addr
 .text.bt_id_set_adv_own_addr
                0x000000000002c8b4       0xc0 zephyr/subsys/bluetooth/host/libsubsys__bluetooth__host.a(id.c.obj)
                0x000000000002c8b4                bt_id_set_adv_own_addr
 .text.valid_adv_param
                0x000000000002c974       0x84 zephyr/subsys/bluetooth/host/libsubsys__bluetooth__host.a(adv.c.obj)
 .text.adv_is_directed
                0x000000000002c9f8       0x18 zephyr/subsys/bluetooth/host/libsubsys__bluetooth__host.a(adv.c.obj)
 .text.le_adv_start_add_conn
                0x000000000002ca10       0x60 zephyr/subsys/bluetooth/host/libsubsys__bluetooth__host.a(adv.c.obj)
 .text.bt_le_ext_adv_foreach
                0x000000000002ca70        0xc zephyr/subsys/bluetooth/host/libsubsys__bluetooth__host.a(adv.c.obj)
                0x000000000002ca70                bt_le_ext_adv_foreach
 .text.bt_le_adv_lookup_legacy
                0x000000000002ca7c        0x8 zephyr/subsys/bluetooth/host/libsubsys__bluetooth__host.a(adv.c.obj)
                0x000000000002ca7c                bt_le_adv_lookup_legacy
 .text.bt_le_adv_start_legacy
                0x000000000002ca84      0x248 zephyr/subsys/bluetooth/host/libsubsys__bluetooth__host.a(adv.c.obj)
                0x000000000002ca84                bt_le_adv_start_legacy
 .text.bt_le_adv_start
                0x000000000002cccc       0x64 zephyr/subsys/bluetooth/host/libsubsys__bluetooth__host.a(adv.c.obj)
                0x000000000002cccc                bt_le_adv_start
 .text.bt_le_adv_stop
                0x000000000002cd30       0x78 zephyr/subsys/bluetooth/host/libsubsys__bluetooth__host.a(adv.c.obj)
                0x000000000002cd30                bt_le_adv_stop
 .text.bt_le_adv_resume
                0x000000000002cda8       0xd4 zephyr/subsys/bluetooth/host/libsubsys__bluetooth__host.a(adv.c.obj)
                0x000000000002cda8                bt_le_adv_resume
 .text.bt_pub_key_is_debug
                0x000000000002ce7c       0x18 zephyr/subsys/bluetooth/host/libsubsys__bluetooth__host.a(ecc.c.obj)
                0x000000000002ce7c                bt_pub_key_is_debug
 .text.bt_pub_key_gen
                0x000000000002ce94       0xd4 zephyr/subsys/bluetooth/host/libsubsys__bluetooth__host.a(ecc.c.obj)
                0x000000000002ce94                bt_pub_key_gen
 .text.bt_pub_key_get
                0x000000000002cf68       0x20 zephyr/subsys/bluetooth/host/libsubsys__bluetooth__host.a(ecc.c.obj)
                0x000000000002cf68                bt_pub_key_get
 .text.bt_dh_key_gen
                0x000000000002cf88       0x8c zephyr/subsys/bluetooth/host/libsubsys__bluetooth__host.a(ecc.c.obj)
                0x000000000002cf88                bt_dh_key_gen
 .text.bt_hci_evt_le_pkey_complete
                0x000000000002d014       0x84 zephyr/subsys/bluetooth/host/libsubsys__bluetooth__host.a(ecc.c.obj)
                0x000000000002d014                bt_hci_evt_le_pkey_complete
 .text.bt_hci_evt_le_dhkey_complete
                0x000000000002d098       0x1c zephyr/subsys/bluetooth/host/libsubsys__bluetooth__host.a(ecc.c.obj)
                0x000000000002d098                bt_hci_evt_le_dhkey_complete
 .text.notify_connected
                0x000000000002d0b4       0x3c zephyr/subsys/bluetooth/host/libsubsys__bluetooth__host.a(conn.c.obj)
 .text.tx_notify
                0x000000000002d0f0       0x60 zephyr/subsys/bluetooth/host/libsubsys__bluetooth__host.a(conn.c.obj)
 .text.conn_tx_destroy
                0x000000000002d150       0x2c zephyr/subsys/bluetooth/host/libsubsys__bluetooth__host.a(conn.c.obj)
 .text.send_frag
                0x000000000002d17c      0x164 zephyr/subsys/bluetooth/host/libsubsys__bluetooth__host.a(conn.c.obj)
 .text.bt_conn_get_pkts
                0x000000000002d2e0       0x18 zephyr/subsys/bluetooth/host/libsubsys__bluetooth__host.a(conn.c.obj)
                0x000000000002d2e0                bt_conn_get_pkts
 .text.bt_conn_new
                0x000000000002d2f8       0x64 zephyr/subsys/bluetooth/host/libsubsys__bluetooth__host.a(conn.c.obj)
                0x000000000002d2f8                bt_conn_new
 .text.bt_conn_send_cb
                0x000000000002d35c       0x90 zephyr/subsys/bluetooth/host/libsubsys__bluetooth__host.a(conn.c.obj)
                0x000000000002d35c                bt_conn_send_cb
 .text.bt_conn_prepare_events
                0x000000000002d3ec       0x94 zephyr/subsys/bluetooth/host/libsubsys__bluetooth__host.a(conn.c.obj)
                0x000000000002d3ec                bt_conn_prepare_events
 .text.bt_conn_set_state
                0x000000000002d480      0x178 zephyr/subsys/bluetooth/host/libsubsys__bluetooth__host.a(conn.c.obj)
                0x000000000002d480                bt_conn_set_state
 .text.bt_conn_lookup_handle
                0x000000000002d5f8       0x28 zephyr/subsys/bluetooth/host/libsubsys__bluetooth__host.a(conn.c.obj)
                0x000000000002d5f8                bt_conn_lookup_handle
 .text.bt_conn_foreach
                0x000000000002d620       0x30 zephyr/subsys/bluetooth/host/libsubsys__bluetooth__host.a(conn.c.obj)
                0x000000000002d620                bt_conn_foreach
 .text.bt_conn_index
                0x000000000002d650       0x18 zephyr/subsys/bluetooth/host/libsubsys__bluetooth__host.a(conn.c.obj)
                0x000000000002d650                bt_conn_index
 .text.bt_conn_create_pdu_timeout
                0x000000000002d668       0x24 zephyr/subsys/bluetooth/host/libsubsys__bluetooth__host.a(conn.c.obj)
                0x000000000002d668                bt_conn_create_pdu_timeout
 .text.notify_le_param_updated
                0x000000000002d68c       0x88 zephyr/subsys/bluetooth/host/libsubsys__bluetooth__host.a(conn.c.obj)
                0x000000000002d68c                notify_le_param_updated
 .text.notify_le_phy_updated
                0x000000000002d714       0x44 zephyr/subsys/bluetooth/host/libsubsys__bluetooth__host.a(conn.c.obj)
                0x000000000002d714                notify_le_phy_updated
 .text.le_param_req
                0x000000000002d758       0x74 zephyr/subsys/bluetooth/host/libsubsys__bluetooth__host.a(conn.c.obj)
                0x000000000002d758                le_param_req
 .text.bt_conn_identity_resolved
                0x000000000002d7cc       0x5c zephyr/subsys/bluetooth/host/libsubsys__bluetooth__host.a(conn.c.obj)
                0x000000000002d7cc                bt_conn_identity_resolved
 .text.bt_conn_security_changed
                0x000000000002d828       0x4c zephyr/subsys/bluetooth/host/libsubsys__bluetooth__host.a(conn.c.obj)
                0x000000000002d828                bt_conn_security_changed
 .text.bt_conn_cb_register
                0x000000000002d874       0x10 zephyr/subsys/bluetooth/host/libsubsys__bluetooth__host.a(conn.c.obj)
                0x000000000002d874                bt_conn_cb_register
 .text.bt_conn_add_le
                0x000000000002d884       0x3c zephyr/subsys/bluetooth/host/libsubsys__bluetooth__host.a(conn.c.obj)
                0x000000000002d884                bt_conn_add_le
 .text.bt_conn_lookup_addr_le
                0x000000000002d8c0       0x34 zephyr/subsys/bluetooth/host/libsubsys__bluetooth__host.a(conn.c.obj)
                0x000000000002d8c0                bt_conn_lookup_addr_le
 .text.bt_conn_lookup_state_le
                0x000000000002d8f4       0x44 zephyr/subsys/bluetooth/host/libsubsys__bluetooth__host.a(conn.c.obj)
                0x000000000002d8f4                bt_conn_lookup_state_le
 .text.send_conn_le_param_update
                0x000000000002d938       0x6c zephyr/subsys/bluetooth/host/libsubsys__bluetooth__host.a(conn.c.obj)
 .text.deferred_work
                0x000000000002d9a4       0xac zephyr/subsys/bluetooth/host/libsubsys__bluetooth__host.a(conn.c.obj)
 .text.bt_conn_create_frag_timeout
                0x000000000002da50        0xc zephyr/subsys/bluetooth/host/libsubsys__bluetooth__host.a(conn.c.obj)
                0x000000000002da50                bt_conn_create_frag_timeout
 .text.bt_conn_process_tx
                0x000000000002da5c      0x114 zephyr/subsys/bluetooth/host/libsubsys__bluetooth__host.a(conn.c.obj)
                0x000000000002da5c                bt_conn_process_tx
 .text.bt_conn_auth_info_cb_register
                0x000000000002db70       0x28 zephyr/subsys/bluetooth/host/libsubsys__bluetooth__host.a(conn.c.obj)
                0x000000000002db70                bt_conn_auth_info_cb_register
 .text.bt_conn_init
                0x000000000002db98       0x44 zephyr/subsys/bluetooth/host/libsubsys__bluetooth__host.a(conn.c.obj)
                0x000000000002db98                bt_conn_init
 .text.l2cap_accept
                0x000000000002dbdc       0x1c zephyr/subsys/bluetooth/host/libsubsys__bluetooth__host.a(l2cap.c.obj)
 .text.bt_l2cap_connected
                0x000000000002dbf8       0x9c zephyr/subsys/bluetooth/host/libsubsys__bluetooth__host.a(l2cap.c.obj)
                0x000000000002dbf8                bt_l2cap_connected
 .text.bt_l2cap_update_conn_param
                0x000000000002dc94       0x64 zephyr/subsys/bluetooth/host/libsubsys__bluetooth__host.a(l2cap.c.obj)
                0x000000000002dc94                bt_l2cap_update_conn_param
 .text.att_op_get_type
                0x000000000002dcf8       0x74 zephyr/subsys/bluetooth/host/libsubsys__bluetooth__host.a(att.c.obj)
 .text.bt_att_released
                0x000000000002dd6c        0xc zephyr/subsys/bluetooth/host/libsubsys__bluetooth__host.a(att.c.obj)
 .text.tx_meta_data_free
                0x000000000002dd78       0x3c zephyr/subsys/bluetooth/host/libsubsys__bluetooth__host.a(att.c.obj)
 .text.bt_att_connected
                0x000000000002ddb4       0x40 zephyr/subsys/bluetooth/host/libsubsys__bluetooth__host.a(att.c.obj)
 .text.read_group_cb
                0x000000000002ddf4       0xb8 zephyr/subsys/bluetooth/host/libsubsys__bluetooth__host.a(att.c.obj)
 .text.bt_att_chan_create_pdu
                0x000000000002deac       0xc0 zephyr/subsys/bluetooth/host/libsubsys__bluetooth__host.a(att.c.obj)
 .text.read_type_cb
                0x000000000002df6c       0xac zephyr/subsys/bluetooth/host/libsubsys__bluetooth__host.a(att.c.obj)
 .text.bt_att_accept
                0x000000000002e018       0xcc zephyr/subsys/bluetooth/host/libsubsys__bluetooth__host.a(att.c.obj)
 .text.chan_send
                0x000000000002e0e4       0xa4 zephyr/subsys/bluetooth/host/libsubsys__bluetooth__host.a(att.c.obj)
 .text.bt_att_recv
                0x000000000002e188       0xfc zephyr/subsys/bluetooth/host/libsubsys__bluetooth__host.a(att.c.obj)
 .text.att_write_rsp.constprop.0
                0x000000000002e284       0xc8 zephyr/subsys/bluetooth/host/libsubsys__bluetooth__host.a(att.c.obj)
 .text.att_read_group_req
                0x000000000002e34c       0xfc zephyr/subsys/bluetooth/host/libsubsys__bluetooth__host.a(att.c.obj)
 .text.att_read_mult_vl_req
                0x000000000002e448       0xa8 zephyr/subsys/bluetooth/host/libsubsys__bluetooth__host.a(att.c.obj)
 .text.att_read_mult_req
                0x000000000002e4f0       0xa8 zephyr/subsys/bluetooth/host/libsubsys__bluetooth__host.a(att.c.obj)
 .text.att_read_rsp
                0x000000000002e598       0x9c zephyr/subsys/bluetooth/host/libsubsys__bluetooth__host.a(att.c.obj)
 .text.att_read_type_req
                0x000000000002e634       0xc8 zephyr/subsys/bluetooth/host/libsubsys__bluetooth__host.a(att.c.obj)
 .text.att_find_type_req
                0x000000000002e6fc       0xcc zephyr/subsys/bluetooth/host/libsubsys__bluetooth__host.a(att.c.obj)
 .text.att_find_info_req
                0x000000000002e7c8       0x74 zephyr/subsys/bluetooth/host/libsubsys__bluetooth__host.a(att.c.obj)
 .text.bt_att_init
                0x000000000002e83c       0x38 zephyr/subsys/bluetooth/host/libsubsys__bluetooth__host.a(att.c.obj)
                0x000000000002e83c                bt_att_init
 .text.bt_att_req_alloc
                0x000000000002e874       0x50 zephyr/subsys/bluetooth/host/libsubsys__bluetooth__host.a(att.c.obj)
                0x000000000002e874                bt_att_req_alloc
 .text.bt_att_req_free
                0x000000000002e8c4       0x28 zephyr/subsys/bluetooth/host/libsubsys__bluetooth__host.a(att.c.obj)
                0x000000000002e8c4                bt_att_req_free
 .text.att_handle_rsp
                0x000000000002e8ec       0x6c zephyr/subsys/bluetooth/host/libsubsys__bluetooth__host.a(att.c.obj)
 .text.bt_att_disconnected
                0x000000000002e958       0xcc zephyr/subsys/bluetooth/host/libsubsys__bluetooth__host.a(att.c.obj)
 .text.att_timeout
                0x000000000002ea24       0x88 zephyr/subsys/bluetooth/host/libsubsys__bluetooth__host.a(att.c.obj)
 .text.db_hash_set
                0x000000000002eaac       0x18 zephyr/subsys/bluetooth/host/libsubsys__bluetooth__host.a(gatt.c.obj)
 .text.find_cf_cfg_by_addr
                0x000000000002eac4       0x40 zephyr/subsys/bluetooth/host/libsubsys__bluetooth__host.a(gatt.c.obj)
 .text.gatt_delayed_store_find
                0x000000000002eb04       0x44 zephyr/subsys/bluetooth/host/libsubsys__bluetooth__host.a(gatt.c.obj)
 .text.find_sc_cfg
                0x000000000002eb48       0x40 zephyr/subsys/bluetooth/host/libsubsys__bluetooth__host.a(gatt.c.obj)
 .text.find_cf_cfg
                0x000000000002eb88       0x5c zephyr/subsys/bluetooth/host/libsubsys__bluetooth__host.a(gatt.c.obj)
 .text.find_ccc_cfg
                0x000000000002ebe4       0x28 zephyr/subsys/bluetooth/host/libsubsys__bluetooth__host.a(gatt.c.obj)
 .text.gatt_delayed_store_enqueue
                0x000000000002ec0c       0x80 zephyr/subsys/bluetooth/host/libsubsys__bluetooth__host.a(gatt.c.obj)
 .text.ccc_load
                0x000000000002ec8c       0x8c zephyr/subsys/bluetooth/host/libsubsys__bluetooth__host.a(gatt.c.obj)
 .text.sc_save  0x000000000002ed18       0x6c zephyr/subsys/bluetooth/host/libsubsys__bluetooth__host.a(gatt.c.obj)
 .text.sc_set   0x000000000002ed84       0x8c zephyr/subsys/bluetooth/host/libsubsys__bluetooth__host.a(gatt.c.obj)
 .text.read_ppcp
                0x000000000002ee10       0x2c zephyr/subsys/bluetooth/host/libsubsys__bluetooth__host.a(gatt.c.obj)
 .text.remove_peer_from_attr
                0x000000000002ee3c       0x28 zephyr/subsys/bluetooth/host/libsubsys__bluetooth__host.a(gatt.c.obj)
 .text.convert_to_id_on_match
                0x000000000002ee64       0x2c zephyr/subsys/bluetooth/host/libsubsys__bluetooth__host.a(gatt.c.obj)
 .text.ccc_save
                0x000000000002ee90       0x38 zephyr/subsys/bluetooth/host/libsubsys__bluetooth__host.a(gatt.c.obj)
 .text.sc_indicate.part.0
                0x000000000002eec8       0x10 zephyr/subsys/bluetooth/host/libsubsys__bluetooth__host.a(gatt.c.obj)
 .text.sc_commit
                0x000000000002eed8       0x2c zephyr/subsys/bluetooth/host/libsubsys__bluetooth__host.a(gatt.c.obj)
 .text.clear_cf_cfg
                0x000000000002ef04       0x2c zephyr/subsys/bluetooth/host/libsubsys__bluetooth__host.a(gatt.c.obj)
 .text.disconnected_cb
                0x000000000002ef30       0xa0 zephyr/subsys/bluetooth/host/libsubsys__bluetooth__host.a(gatt.c.obj)
 .text.bt_gatt_attr_write_ccc
                0x000000000002efd0       0xbc zephyr/subsys/bluetooth/host/libsubsys__bluetooth__host.a(gatt.c.obj)
                0x000000000002efd0                bt_gatt_attr_write_ccc
 .text.sc_indicate.constprop.0
                0x000000000002f08c       0x58 zephyr/subsys/bluetooth/host/libsubsys__bluetooth__host.a(gatt.c.obj)
 .text.set_all_change_unaware
                0x000000000002f0e4       0x58 zephyr/subsys/bluetooth/host/libsubsys__bluetooth__host.a(gatt.c.obj)
 .text.sc_indicate_rsp
                0x000000000002f13c       0x4c zephyr/subsys/bluetooth/host/libsubsys__bluetooth__host.a(gatt.c.obj)
 .text.bt_gatt_init
                0x000000000002f188       0xb4 zephyr/subsys/bluetooth/host/libsubsys__bluetooth__host.a(gatt.c.obj)
                0x000000000002f188                bt_gatt_init
 .text.bt_gatt_attr_get_handle
                0x000000000002f23c       0x60 zephyr/subsys/bluetooth/host/libsubsys__bluetooth__host.a(gatt.c.obj)
                0x000000000002f23c                bt_gatt_attr_get_handle
 .text.bt_gatt_foreach_attr_type
                0x000000000002f29c       0xb4 zephyr/subsys/bluetooth/host/libsubsys__bluetooth__host.a(gatt.c.obj)
                0x000000000002f29c                bt_gatt_foreach_attr_type
 .text.db_hash_gen
                0x000000000002f350       0x64 zephyr/subsys/bluetooth/host/libsubsys__bluetooth__host.a(gatt.c.obj)
 .text.db_hash_read
                0x000000000002f3b4       0x78 zephyr/subsys/bluetooth/host/libsubsys__bluetooth__host.a(gatt.c.obj)
 .text.do_db_hash
                0x000000000002f42c       0x7c zephyr/subsys/bluetooth/host/libsubsys__bluetooth__host.a(gatt.c.obj)
 .text.db_hash_commit
                0x000000000002f4a8       0x18 zephyr/subsys/bluetooth/host/libsubsys__bluetooth__host.a(gatt.c.obj)
 .text.ccc_set_direct
                0x000000000002f4c0       0x98 zephyr/subsys/bluetooth/host/libsubsys__bluetooth__host.a(gatt.c.obj)
 .text.bt_gatt_attr_next
                0x000000000002f558       0x24 zephyr/subsys/bluetooth/host/libsubsys__bluetooth__host.a(gatt.c.obj)
                0x000000000002f558                bt_gatt_attr_next
 .text.gatt_indicate
                0x000000000002f57c       0xbc zephyr/subsys/bluetooth/host/libsubsys__bluetooth__host.a(gatt.c.obj)
 .text.bt_gatt_indicate
                0x000000000002f638       0xf0 zephyr/subsys/bluetooth/host/libsubsys__bluetooth__host.a(gatt.c.obj)
                0x000000000002f638                bt_gatt_indicate
 .text.sc_process
                0x000000000002f728       0x5c zephyr/subsys/bluetooth/host/libsubsys__bluetooth__host.a(gatt.c.obj)
 .text.update_ccc
                0x000000000002f784       0xec zephyr/subsys/bluetooth/host/libsubsys__bluetooth__host.a(gatt.c.obj)
 .text.bt_gatt_notify_cb
                0x000000000002f870       0xe8 zephyr/subsys/bluetooth/host/libsubsys__bluetooth__host.a(gatt.c.obj)
                0x000000000002f870                bt_gatt_notify_cb
 .text.notify_cb
                0x000000000002f958      0x11c zephyr/subsys/bluetooth/host/libsubsys__bluetooth__host.a(gatt.c.obj)
 .text.bt_gatt_connected
                0x000000000002fa74       0x78 zephyr/subsys/bluetooth/host/libsubsys__bluetooth__host.a(gatt.c.obj)
                0x000000000002fa74                bt_gatt_connected
 .text.bt_gatt_att_max_mtu_changed
                0x000000000002faec       0x28 zephyr/subsys/bluetooth/host/libsubsys__bluetooth__host.a(gatt.c.obj)
                0x000000000002faec                bt_gatt_att_max_mtu_changed
 .text.bt_gatt_encrypt_change
                0x000000000002fb14       0x30 zephyr/subsys/bluetooth/host/libsubsys__bluetooth__host.a(gatt.c.obj)
                0x000000000002fb14                bt_gatt_encrypt_change
 .text.bt_gatt_store_ccc
                0x000000000002fb44       0x3c zephyr/subsys/bluetooth/host/libsubsys__bluetooth__host.a(gatt.c.obj)
                0x000000000002fb44                bt_gatt_store_ccc
 .text.bt_gatt_identity_resolved
                0x000000000002fb80       0x5c zephyr/subsys/bluetooth/host/libsubsys__bluetooth__host.a(gatt.c.obj)
 .text.bt_gatt_disconnected
                0x000000000002fbdc       0x78 zephyr/subsys/bluetooth/host/libsubsys__bluetooth__host.a(gatt.c.obj)
                0x000000000002fbdc                bt_gatt_disconnected
 .text.bt_smp_accept
                0x000000000002fc54       0x24 zephyr/subsys/bluetooth/host/libsubsys__bluetooth__host.a(smp.c.obj)
 .text.smp_find
                0x000000000002fc78       0x1c zephyr/subsys/bluetooth/host/libsubsys__bluetooth__host.a(smp.c.obj)
 .text.latch_auth_cb
                0x000000000002fc94       0x3c zephyr/subsys/bluetooth/host/libsubsys__bluetooth__host.a(smp.c.obj)
 .text.get_io_capa
                0x000000000002fcd0       0x4c zephyr/subsys/bluetooth/host/libsubsys__bluetooth__host.a(smp.c.obj)
 .text.smp_init
                0x000000000002fd1c       0x38 zephyr/subsys/bluetooth/host/libsubsys__bluetooth__host.a(smp.c.obj)
 .text.smp_dhkey_generate
                0x000000000002fd54       0x2c zephyr/subsys/bluetooth/host/libsubsys__bluetooth__host.a(smp.c.obj)
 .text.smp_pairing_random
                0x000000000002fd80      0x158 zephyr/subsys/bluetooth/host/libsubsys__bluetooth__host.a(smp.c.obj)
 .text.smp_send_pairing_confirm
                0x000000000002fed8       0x78 zephyr/subsys/bluetooth/host/libsubsys__bluetooth__host.a(smp.c.obj)
 .text.smp_public_key_periph
                0x000000000002ff50      0x138 zephyr/subsys/bluetooth/host/libsubsys__bluetooth__host.a(smp.c.obj)
 .text.smp_public_key
                0x0000000000030088       0x98 zephyr/subsys/bluetooth/host/libsubsys__bluetooth__host.a(smp.c.obj)
 .text.bt_smp_connected
                0x0000000000030120       0x54 zephyr/subsys/bluetooth/host/libsubsys__bluetooth__host.a(smp.c.obj)
 .text.get_auth
                0x0000000000030174       0x68 zephyr/subsys/bluetooth/host/libsubsys__bluetooth__host.a(smp.c.obj)
 .text.smp_pairing_req
                0x00000000000301dc      0x238 zephyr/subsys/bluetooth/host/libsubsys__bluetooth__host.a(smp.c.obj)
 .text.bt_smp_start_security
                0x0000000000030414      0x18c zephyr/subsys/bluetooth/host/libsubsys__bluetooth__host.a(smp.c.obj)
                0x0000000000030414                bt_smp_start_security
 .text.smp_pairing_complete
                0x00000000000305a0      0x120 zephyr/subsys/bluetooth/host/libsubsys__bluetooth__host.a(smp.c.obj)
 .text.bt_smp_recv
                0x00000000000306c0       0x84 zephyr/subsys/bluetooth/host/libsubsys__bluetooth__host.a(smp.c.obj)
 .text.bt_smp_pkey_ready
                0x0000000000030744       0x40 zephyr/subsys/bluetooth/host/libsubsys__bluetooth__host.a(smp.c.obj)
 .text.smp_ident_addr_info
                0x0000000000030784      0x108 zephyr/subsys/bluetooth/host/libsubsys__bluetooth__host.a(smp.c.obj)
 .text.bt_smp_encrypt_change
                0x000000000003088c       0xec zephyr/subsys/bluetooth/host/libsubsys__bluetooth__host.a(smp.c.obj)
 .text.bt_smp_init
                0x0000000000030978       0x38 zephyr/subsys/bluetooth/host/libsubsys__bluetooth__host.a(smp.c.obj)
                0x0000000000030978                bt_smp_init
 .text.bt_keys_get_addr
                0x00000000000309b0       0x4c zephyr/subsys/bluetooth/host/libsubsys__bluetooth__host.a(keys.c.obj)
                0x00000000000309b0                bt_keys_get_addr
 .text.bt_foreach_bond
                0x00000000000309fc       0x44 zephyr/subsys/bluetooth/host/libsubsys__bluetooth__host.a(keys.c.obj)
                0x00000000000309fc                bt_foreach_bond
 .text.bt_keys_foreach_type
                0x0000000000030a40       0x20 zephyr/subsys/bluetooth/host/libsubsys__bluetooth__host.a(keys.c.obj)
                0x0000000000030a40                bt_keys_foreach_type
 .text.keys_commit
                0x0000000000030a60       0x14 zephyr/subsys/bluetooth/host/libsubsys__bluetooth__host.a(keys.c.obj)
 .text.bt_keys_find
                0x0000000000030a74       0x38 zephyr/subsys/bluetooth/host/libsubsys__bluetooth__host.a(keys.c.obj)
                0x0000000000030a74                bt_keys_find
 .text.bt_keys_find_irk
                0x0000000000030aac       0x84 zephyr/subsys/bluetooth/host/libsubsys__bluetooth__host.a(keys.c.obj)
                0x0000000000030aac                bt_keys_find_irk
 .text.bt_keys_find_addr
                0x0000000000030b30       0x24 zephyr/subsys/bluetooth/host/libsubsys__bluetooth__host.a(keys.c.obj)
                0x0000000000030b30                bt_keys_find_addr
 .text.bt_crypto_f5
                0x0000000000030b54       0xd0 zephyr/subsys/bluetooth/crypto/libsubsys__bluetooth__crypto.a(bt_crypto.c.obj)
                0x0000000000030b54                bt_crypto_f5
 .text.bt_crypto_g2
                0x0000000000030c24       0x5c zephyr/subsys/bluetooth/crypto/libsubsys__bluetooth__crypto.a(bt_crypto.c.obj)
                0x0000000000030c24                bt_crypto_g2
 .text.mem_init
                0x0000000000030c80       0x4c zephyr/subsys/bluetooth/controller/libsubsys__bluetooth__controller.a(mem.c.obj)
                0x0000000000030c80                mem_init
 .text.mem_acquire
                0x0000000000030ccc       0x2c zephyr/subsys/bluetooth/controller/libsubsys__bluetooth__controller.a(mem.c.obj)
                0x0000000000030ccc                mem_acquire
 .text.mem_release
                0x0000000000030cf8       0x28 zephyr/subsys/bluetooth/controller/libsubsys__bluetooth__controller.a(mem.c.obj)
                0x0000000000030cf8                mem_release
 .text.mem_get  0x0000000000030d20        0x8 zephyr/subsys/bluetooth/controller/libsubsys__bluetooth__controller.a(mem.c.obj)
                0x0000000000030d20                mem_get
 .text.mem_index_get
                0x0000000000030d28        0xc zephyr/subsys/bluetooth/controller/libsubsys__bluetooth__controller.a(mem.c.obj)
                0x0000000000030d28                mem_index_get
 .text.mem_rcopy
                0x0000000000030d34       0x1c zephyr/subsys/bluetooth/controller/libsubsys__bluetooth__controller.a(mem.c.obj)
                0x0000000000030d34                mem_rcopy
 .text.mem_nz   0x0000000000030d50       0x18 zephyr/subsys/bluetooth/controller/libsubsys__bluetooth__controller.a(mem.c.obj)
                0x0000000000030d50                mem_nz
 .text.memq_init
                0x0000000000030d68        0x8 zephyr/subsys/bluetooth/controller/libsubsys__bluetooth__controller.a(memq.c.obj)
                0x0000000000030d68                memq_init
 .text.memq_deinit
                0x0000000000030d70       0x14 zephyr/subsys/bluetooth/controller/libsubsys__bluetooth__controller.a(memq.c.obj)
                0x0000000000030d70                memq_deinit
 .text.memq_enqueue
                0x0000000000030d84       0x14 zephyr/subsys/bluetooth/controller/libsubsys__bluetooth__controller.a(memq.c.obj)
                0x0000000000030d84                memq_enqueue
 .text.memq_peek
                0x0000000000030d98       0x10 zephyr/subsys/bluetooth/controller/libsubsys__bluetooth__controller.a(memq.c.obj)
                0x0000000000030d98                memq_peek
 .text.memq_dequeue
                0x0000000000030da8       0x20 zephyr/subsys/bluetooth/controller/libsubsys__bluetooth__controller.a(memq.c.obj)
                0x0000000000030da8                memq_dequeue
 .text.mayfly_init
                0x0000000000030dc8       0x40 zephyr/subsys/bluetooth/controller/libsubsys__bluetooth__controller.a(mayfly.c.obj)
                0x0000000000030dc8                mayfly_init
 .text.mayfly_enable
                0x0000000000030e08       0x6c zephyr/subsys/bluetooth/controller/libsubsys__bluetooth__controller.a(mayfly.c.obj)
                0x0000000000030e08                mayfly_enable
 .text.mayfly_enqueue
                0x0000000000030e74       0xbc zephyr/subsys/bluetooth/controller/libsubsys__bluetooth__controller.a(mayfly.c.obj)
                0x0000000000030e74                mayfly_enqueue
 .text.mayfly_run
                0x0000000000030f30      0x174 zephyr/subsys/bluetooth/controller/libsubsys__bluetooth__controller.a(mayfly.c.obj)
                0x0000000000030f30                mayfly_run
 .text.util_ones_count_get
                0x00000000000310a4       0x28 zephyr/subsys/bluetooth/controller/libsubsys__bluetooth__controller.a(util.c.obj)
                0x00000000000310a4                util_ones_count_get
 .text.ticker_dequeue
                0x00000000000310cc       0x74 zephyr/subsys/bluetooth/controller/libsubsys__bluetooth__controller.a(ticker.c.obj)
 .text.ticks_to_expire_prep
                0x0000000000031140       0x4c zephyr/subsys/bluetooth/controller/libsubsys__bluetooth__controller.a(ticker.c.obj)
 .text.start_us.constprop.0
                0x000000000003118c       0xac zephyr/subsys/bluetooth/controller/libsubsys__bluetooth__controller.a(ticker.c.obj)
 .text.ticker_job_list_insert
                0x0000000000031238      0x214 zephyr/subsys/bluetooth/controller/libsubsys__bluetooth__controller.a(ticker.c.obj)
 .text.ticker_worker
                0x000000000003144c      0x2b8 zephyr/subsys/bluetooth/controller/libsubsys__bluetooth__controller.a(ticker.c.obj)
                0x000000000003144c                ticker_worker
 .text.ticker_job
                0x0000000000031704      0xae0 zephyr/subsys/bluetooth/controller/libsubsys__bluetooth__controller.a(ticker.c.obj)
                0x0000000000031704                ticker_job
 .text.ticker_init
                0x00000000000321e4       0x64 zephyr/subsys/bluetooth/controller/libsubsys__bluetooth__controller.a(ticker.c.obj)
                0x00000000000321e4                ticker_init
 .text.ticker_is_initialized
                0x0000000000032248       0x18 zephyr/subsys/bluetooth/controller/libsubsys__bluetooth__controller.a(ticker.c.obj)
                0x0000000000032248                ticker_is_initialized
 .text.ticker_trigger
                0x0000000000032260       0x34 zephyr/subsys/bluetooth/controller/libsubsys__bluetooth__controller.a(ticker.c.obj)
                0x0000000000032260                ticker_trigger
 .text.ticker_start
                0x0000000000032294       0x38 zephyr/subsys/bluetooth/controller/libsubsys__bluetooth__controller.a(ticker.c.obj)
                0x0000000000032294                ticker_start
 .text.ticker_start_ext
                0x00000000000322cc       0x10 zephyr/subsys/bluetooth/controller/libsubsys__bluetooth__controller.a(ticker.c.obj)
                0x00000000000322cc                ticker_start_ext
 .text.ticker_update_ext
                0x00000000000322dc       0xb0 zephyr/subsys/bluetooth/controller/libsubsys__bluetooth__controller.a(ticker.c.obj)
                0x00000000000322dc                ticker_update_ext
 .text.ticker_update
                0x000000000003238c       0x30 zephyr/subsys/bluetooth/controller/libsubsys__bluetooth__controller.a(ticker.c.obj)
                0x000000000003238c                ticker_update
 .text.ticker_stop
                0x00000000000323bc       0x84 zephyr/subsys/bluetooth/controller/libsubsys__bluetooth__controller.a(ticker.c.obj)
                0x00000000000323bc                ticker_stop
 .text.ticker_stop_abs
                0x0000000000032440       0x88 zephyr/subsys/bluetooth/controller/libsubsys__bluetooth__controller.a(ticker.c.obj)
                0x0000000000032440                ticker_stop_abs
 .text.ticker_ticks_now_get
                0x00000000000324c8        0x4 zephyr/subsys/bluetooth/controller/libsubsys__bluetooth__controller.a(ticker.c.obj)
                0x00000000000324c8                ticker_ticks_now_get
 .text.ticker_ticks_diff_get
                0x00000000000324cc        0x8 zephyr/subsys/bluetooth/controller/libsubsys__bluetooth__controller.a(ticker.c.obj)
                0x00000000000324cc                ticker_ticks_diff_get
 .text.ll_feat_get
                0x00000000000324d4        0xc zephyr/subsys/bluetooth/controller/libsubsys__bluetooth__controller.a(ll_feat.c.obj)
                0x00000000000324d4                ll_feat_get
 .text.ll_tx_pwr_lvl_get
                0x00000000000324e0       0x20 zephyr/subsys/bluetooth/controller/libsubsys__bluetooth__controller.a(ll_tx_pwr.c.obj)
                0x00000000000324e0                ll_tx_pwr_lvl_get
 .text.ll_tx_pwr_get
                0x0000000000032500        0x8 zephyr/subsys/bluetooth/controller/libsubsys__bluetooth__controller.a(ll_tx_pwr.c.obj)
                0x0000000000032500                ll_tx_pwr_get
 .text.ll_addr_set
                0x0000000000032508       0x38 zephyr/subsys/bluetooth/controller/libsubsys__bluetooth__controller.a(ll_addr.c.obj)
                0x0000000000032508                ll_addr_set
 .text.ll_addr_get
                0x0000000000032540       0x20 zephyr/subsys/bluetooth/controller/libsubsys__bluetooth__controller.a(ll_addr.c.obj)
                0x0000000000032540                ll_addr_get
 .text.ll_addr_read
                0x0000000000032560       0x28 zephyr/subsys/bluetooth/controller/libsubsys__bluetooth__controller.a(ll_addr.c.obj)
                0x0000000000032560                ll_addr_read
 .text.perform_lll_reset
                0x0000000000032588       0x94 zephyr/subsys/bluetooth/controller/libsubsys__bluetooth__controller.a(ull.c.obj)
 .text.ull_ticker_status_give
                0x000000000003261c        0xc zephyr/subsys/bluetooth/controller/libsubsys__bluetooth__controller.a(ull.c.obj)
                0x000000000003261c                ull_ticker_status_give
 .text.disabled_cb
                0x0000000000032628        0x4 zephyr/subsys/bluetooth/controller/libsubsys__bluetooth__controller.a(ull.c.obj)
 .text.tx_cmplt_get
                0x000000000003262c       0xb4 zephyr/subsys/bluetooth/controller/libsubsys__bluetooth__controller.a(ull.c.obj)
 .text.rx_replenish
                0x00000000000326e0      0x110 zephyr/subsys/bluetooth/controller/libsubsys__bluetooth__controller.a(ull.c.obj)
 .text.rx_demux
                0x00000000000327f0      0x2b0 zephyr/subsys/bluetooth/controller/libsubsys__bluetooth__controller.a(ull.c.obj)
 .text.ll_rx_get
                0x0000000000032aa0       0xf4 zephyr/subsys/bluetooth/controller/libsubsys__bluetooth__controller.a(ull.c.obj)
                0x0000000000032aa0                ll_rx_get
 .text.ll_rx_dequeue
                0x0000000000032b94      0x1a8 zephyr/subsys/bluetooth/controller/libsubsys__bluetooth__controller.a(ull.c.obj)
                0x0000000000032b94                ll_rx_dequeue
 .text.ll_rx_mem_release
                0x0000000000032d3c      0x190 zephyr/subsys/bluetooth/controller/libsubsys__bluetooth__controller.a(ull.c.obj)
                0x0000000000032d3c                ll_rx_mem_release
 .text.ll_rx_link_alloc
                0x0000000000032ecc        0xc zephyr/subsys/bluetooth/controller/libsubsys__bluetooth__controller.a(ull.c.obj)
                0x0000000000032ecc                ll_rx_link_alloc
 .text.ll_rx_link_release
                0x0000000000032ed8        0xc zephyr/subsys/bluetooth/controller/libsubsys__bluetooth__controller.a(ull.c.obj)
                0x0000000000032ed8                ll_rx_link_release
 .text.ll_rx_alloc
                0x0000000000032ee4        0xc zephyr/subsys/bluetooth/controller/libsubsys__bluetooth__controller.a(ull.c.obj)
                0x0000000000032ee4                ll_rx_alloc
 .text.ll_rx_release
                0x0000000000032ef0        0xc zephyr/subsys/bluetooth/controller/libsubsys__bluetooth__controller.a(ull.c.obj)
                0x0000000000032ef0                ll_rx_release
 .text.ll_rx_put
                0x0000000000032efc       0x14 zephyr/subsys/bluetooth/controller/libsubsys__bluetooth__controller.a(ull.c.obj)
                0x0000000000032efc                ll_rx_put
 .text.ll_rx_put_sched
                0x0000000000032f10       0x28 zephyr/subsys/bluetooth/controller/libsubsys__bluetooth__controller.a(ull.c.obj)
                0x0000000000032f10                ll_rx_put_sched
 .text.ll_pdu_rx_alloc_peek
                0x0000000000032f38       0x44 zephyr/subsys/bluetooth/controller/libsubsys__bluetooth__controller.a(ull.c.obj)
                0x0000000000032f38                ll_pdu_rx_alloc_peek
 .text.ll_pdu_rx_alloc
                0x0000000000032f7c       0x2c zephyr/subsys/bluetooth/controller/libsubsys__bluetooth__controller.a(ull.c.obj)
                0x0000000000032f7c                ll_pdu_rx_alloc
 .text.ll_tx_ack_put
                0x0000000000032fa8       0x64 zephyr/subsys/bluetooth/controller/libsubsys__bluetooth__controller.a(ull.c.obj)
                0x0000000000032fa8                ll_tx_ack_put
 .text.ll_timeslice_ticker_id_get
                0x000000000003300c        0xc zephyr/subsys/bluetooth/controller/libsubsys__bluetooth__controller.a(ull.c.obj)
                0x000000000003300c                ll_timeslice_ticker_id_get
 .text.ll_radio_state_abort
                0x0000000000033018       0x40 zephyr/subsys/bluetooth/controller/libsubsys__bluetooth__controller.a(ull.c.obj)
                0x0000000000033018                ll_radio_state_abort
 .text.ull_ticker_status_take
                0x0000000000033058       0x24 zephyr/subsys/bluetooth/controller/libsubsys__bluetooth__controller.a(ull.c.obj)
                0x0000000000033058                ull_ticker_status_take
 .text.ull_disable_mark
                0x000000000003307c       0x18 zephyr/subsys/bluetooth/controller/libsubsys__bluetooth__controller.a(ull.c.obj)
                0x000000000003307c                ull_disable_mark
 .text.ull_disable_unmark
                0x0000000000033094       0x18 zephyr/subsys/bluetooth/controller/libsubsys__bluetooth__controller.a(ull.c.obj)
                0x0000000000033094                ull_disable_unmark
 .text.ull_disable_mark_get
                0x00000000000330ac        0xc zephyr/subsys/bluetooth/controller/libsubsys__bluetooth__controller.a(ull.c.obj)
                0x00000000000330ac                ull_disable_mark_get
 .text.ull_update_mark
                0x00000000000330b8       0x18 zephyr/subsys/bluetooth/controller/libsubsys__bluetooth__controller.a(ull.c.obj)
                0x00000000000330b8                ull_update_mark
 .text.ull_update_unmark
                0x00000000000330d0       0x18 zephyr/subsys/bluetooth/controller/libsubsys__bluetooth__controller.a(ull.c.obj)
                0x00000000000330d0                ull_update_unmark
 .text.ull_update_mark_get
                0x00000000000330e8        0xc zephyr/subsys/bluetooth/controller/libsubsys__bluetooth__controller.a(ull.c.obj)
                0x00000000000330e8                ull_update_mark_get
 .text.ull_disable
                0x00000000000330f4       0x78 zephyr/subsys/bluetooth/controller/libsubsys__bluetooth__controller.a(ull.c.obj)
                0x00000000000330f4                ull_disable
 .text.ull_ticker_stop_with_mark
                0x000000000003316c       0xa4 zephyr/subsys/bluetooth/controller/libsubsys__bluetooth__controller.a(ull.c.obj)
                0x000000000003316c                ull_ticker_stop_with_mark
 .text.ull_pdu_rx_alloc_peek
                0x0000000000033210       0x44 zephyr/subsys/bluetooth/controller/libsubsys__bluetooth__controller.a(ull.c.obj)
                0x0000000000033210                ull_pdu_rx_alloc_peek
 .text.ull_pdu_rx_alloc
                0x0000000000033254       0x2c zephyr/subsys/bluetooth/controller/libsubsys__bluetooth__controller.a(ull.c.obj)
                0x0000000000033254                ull_pdu_rx_alloc
 .text.ull_rx_put
                0x0000000000033280       0x20 zephyr/subsys/bluetooth/controller/libsubsys__bluetooth__controller.a(ull.c.obj)
                0x0000000000033280                ull_rx_put
 .text.ull_rx_sched
                0x00000000000332a0       0x10 zephyr/subsys/bluetooth/controller/libsubsys__bluetooth__controller.a(ull.c.obj)
                0x00000000000332a0                ull_rx_sched
 .text.ull_rx_put_sched
                0x00000000000332b0       0x30 zephyr/subsys/bluetooth/controller/libsubsys__bluetooth__controller.a(ull.c.obj)
                0x00000000000332b0                ull_rx_put_sched
 .text.ull_prepare_enqueue
                0x00000000000332e0       0x74 zephyr/subsys/bluetooth/controller/libsubsys__bluetooth__controller.a(ull.c.obj)
                0x00000000000332e0                ull_prepare_enqueue
 .text.ull_prepare_dequeue_get
                0x0000000000033354       0x1c zephyr/subsys/bluetooth/controller/libsubsys__bluetooth__controller.a(ull.c.obj)
                0x0000000000033354                ull_prepare_dequeue_get
 .text.ull_prepare_dequeue_iter
                0x0000000000033370       0x40 zephyr/subsys/bluetooth/controller/libsubsys__bluetooth__controller.a(ull.c.obj)
                0x0000000000033370                ull_prepare_dequeue_iter
 .text.ull_prepare_dequeue
                0x00000000000333b0       0xc8 zephyr/subsys/bluetooth/controller/libsubsys__bluetooth__controller.a(ull.c.obj)
                0x00000000000333b0                ull_prepare_dequeue
 .text.ull_event_done_extra_get
                0x0000000000033478       0x20 zephyr/subsys/bluetooth/controller/libsubsys__bluetooth__controller.a(ull.c.obj)
                0x0000000000033478                ull_event_done_extra_get
 .text.ull_event_done
                0x0000000000033498       0x60 zephyr/subsys/bluetooth/controller/libsubsys__bluetooth__controller.a(ull.c.obj)
                0x0000000000033498                ull_event_done
 .text.ull_rxfifo_alloc
                0x00000000000334f8       0x88 zephyr/subsys/bluetooth/controller/libsubsys__bluetooth__controller.a(ull.c.obj)
                0x00000000000334f8                ull_rxfifo_alloc
 .text.init_reset
                0x0000000000033580       0xfc zephyr/subsys/bluetooth/controller/libsubsys__bluetooth__controller.a(ull.c.obj)
 .text.ll_init  0x000000000003367c       0xf4 zephyr/subsys/bluetooth/controller/libsubsys__bluetooth__controller.a(ull.c.obj)
                0x000000000003367c                ll_init
 .text.ll_reset
                0x0000000000033770      0x12c zephyr/subsys/bluetooth/controller/libsubsys__bluetooth__controller.a(ull.c.obj)
                0x0000000000033770                ll_reset
 .text.ll_deinit
                0x000000000003389c       0x10 zephyr/subsys/bluetooth/controller/libsubsys__bluetooth__controller.a(ull.c.obj)
                0x000000000003389c                ll_deinit
 .text.lll_prepare
                0x00000000000338ac       0x14 zephyr/subsys/bluetooth/controller/libsubsys__bluetooth__controller.a(lll_common.c.obj)
                0x00000000000338ac                lll_prepare
 .text.lll_resume
                0x00000000000338c0       0x4c zephyr/subsys/bluetooth/controller/libsubsys__bluetooth__controller.a(lll_common.c.obj)
                0x00000000000338c0                lll_resume
 .text.hci_driver_init
                0x000000000003390c       0x10 zephyr/subsys/bluetooth/controller/libsubsys__bluetooth__controller.a(hci_driver.c.obj)
 .text.hci_driver_send
                0x000000000003391c       0x6c zephyr/subsys/bluetooth/controller/libsubsys__bluetooth__controller.a(hci_driver.c.obj)
 .text.hci_driver_close
                0x0000000000033988       0x20 zephyr/subsys/bluetooth/controller/libsubsys__bluetooth__controller.a(hci_driver.c.obj)
 .text.recv_thread
                0x00000000000339a8      0x120 zephyr/subsys/bluetooth/controller/libsubsys__bluetooth__controller.a(hci_driver.c.obj)
 .text.prio_recv_thread
                0x0000000000033ac8       0xc8 zephyr/subsys/bluetooth/controller/libsubsys__bluetooth__controller.a(hci_driver.c.obj)
 .text.hci_driver_open
                0x0000000000033b90       0xa8 zephyr/subsys/bluetooth/controller/libsubsys__bluetooth__controller.a(hci_driver.c.obj)
 .text.hci_recv_fifo_reset
                0x0000000000033c38       0x20 zephyr/subsys/bluetooth/controller/libsubsys__bluetooth__controller.a(hci_driver.c.obj)
                0x0000000000033c38                hci_recv_fifo_reset
 .text.le_remote_feat_complete
                0x0000000000033c58       0x78 zephyr/subsys/bluetooth/controller/libsubsys__bluetooth__controller.a(hci.c.obj)
 .text.hci_vendor_cmd_handle_common
                0x0000000000033cd0      0x194 zephyr/subsys/bluetooth/controller/libsubsys__bluetooth__controller.a(hci.c.obj)
                0x0000000000033cd0                hci_vendor_cmd_handle_common
 .text.hci_cmd_handle
                0x0000000000033e64      0x8d0 zephyr/subsys/bluetooth/controller/libsubsys__bluetooth__controller.a(hci.c.obj)
                0x0000000000033e64                hci_cmd_handle
 .text.hci_acl_handle
                0x0000000000034734       0xbc zephyr/subsys/bluetooth/controller/libsubsys__bluetooth__controller.a(hci.c.obj)
                0x0000000000034734                hci_acl_handle
 .text.hci_disconn_complete_encode
                0x00000000000347f0       0x40 zephyr/subsys/bluetooth/controller/libsubsys__bluetooth__controller.a(hci.c.obj)
                0x00000000000347f0                hci_disconn_complete_encode
 .text.hci_disconn_complete_process
                0x0000000000034830       0x10 zephyr/subsys/bluetooth/controller/libsubsys__bluetooth__controller.a(hci.c.obj)
                0x0000000000034830                hci_disconn_complete_process
 .text.hci_acl_encode
                0x0000000000034840       0x74 zephyr/subsys/bluetooth/controller/libsubsys__bluetooth__controller.a(hci.c.obj)
                0x0000000000034840                hci_acl_encode
 .text.hci_evt_encode
                0x00000000000348b4      0x5ac zephyr/subsys/bluetooth/controller/libsubsys__bluetooth__controller.a(hci.c.obj)
                0x00000000000348b4                hci_evt_encode
 .text.hci_num_cmplt_encode
                0x0000000000034e60       0x30 zephyr/subsys/bluetooth/controller/libsubsys__bluetooth__controller.a(hci.c.obj)
                0x0000000000034e60                hci_num_cmplt_encode
 .text.hci_get_class
                0x0000000000034e90       0x2c zephyr/subsys/bluetooth/controller/libsubsys__bluetooth__controller.a(hci.c.obj)
                0x0000000000034e90                hci_get_class
 .text.ticker_stop_cb
                0x0000000000034ebc       0x88 zephyr/subsys/bluetooth/controller/libsubsys__bluetooth__controller.a(ull_adv.c.obj)
 .text.ticker_stop_op_cb
                0x0000000000034f44       0x48 zephyr/subsys/bluetooth/controller/libsubsys__bluetooth__controller.a(ull_adv.c.obj)
 .text.disabled_cb
                0x0000000000034f8c       0x90 zephyr/subsys/bluetooth/controller/libsubsys__bluetooth__controller.a(ull_adv.c.obj)